Component: ARM Compiler 5.06 update 6 (build 750) Tool: armlink [4d35ed]

==============================================================================

Section Cross References

    startup_stm32f205xx.o(STACK) refers (Special) to heapauxi.o(.text) for __use_two_region_memory
    startup_stm32f205xx.o(HEAP) refers (Special) to heapauxi.o(.text) for __use_two_region_memory
    startup_stm32f205xx.o(RESET) refers (Special) to heapauxi.o(.text) for __use_two_region_memory
    startup_stm32f205xx.o(RESET) refers to startup_stm32f205xx.o(STACK) for __initial_sp
    startup_stm32f205xx.o(RESET) refers to startup_stm32f205xx.o(.text) for Reset_Handler
    startup_stm32f205xx.o(RESET) refers to port.o(.emb_text) for SVC_Handler
    startup_stm32f205xx.o(RESET) refers to system_stm32f2xx_1.o(i.WWDG_IRQHandler) for WWDG_IRQHandler
    startup_stm32f205xx.o(RESET) refers to system_stm32f2xx_1.o(i.EXTI3_IRQHandler) for EXTI3_IRQHandler
    startup_stm32f205xx.o(RESET) refers to system_stm32f2xx_1.o(i.EXTI4_IRQHandler) for EXTI4_IRQHandler
    startup_stm32f205xx.o(RESET) refers to can_stm32f2xx.o(i.CAN1_RX0_IRQHandler) for CAN1_RX0_IRQHandler
    startup_stm32f205xx.o(RESET) refers to can_stm32f2xx.o(i.EXTI9_5_IRQHandler) for EXTI9_5_IRQHandler
    startup_stm32f205xx.o(RESET) refers to i2c_stm32f2xx.o(i.I2C1_EV_IRQHandler) for I2C1_EV_IRQHandler
    startup_stm32f205xx.o(RESET) refers to i2c_stm32f2xx.o(i.I2C1_ER_IRQHandler) for I2C1_ER_IRQHandler
    startup_stm32f205xx.o(RESET) refers to uart_stm32f2xx.o(i.USART1_IRQHandler) for USART1_IRQHandler
    startup_stm32f205xx.o(RESET) refers to uart_stm32f2xx.o(i.USART2_IRQHandler) for USART2_IRQHandler
    startup_stm32f205xx.o(RESET) refers to can_stm32f2xx.o(i.EXTI15_10_IRQHandler) for EXTI15_10_IRQHandler
    startup_stm32f205xx.o(RESET) refers to can_stm32f2xx.o(i.CAN2_RX0_IRQHandler) for CAN2_RX0_IRQHandler
    startup_stm32f205xx.o(.text) refers (Special) to heapauxi.o(.text) for __use_two_region_memory
    startup_stm32f205xx.o(.text) refers to system_stm32f2xx.o(i.SystemInit) for SystemInit
    startup_stm32f205xx.o(.text) refers to __main.o(!!!main) for __main
    startup_stm32f205xx.o(.text) refers to startup_stm32f205xx.o(HEAP) for Heap_Mem
    startup_stm32f205xx.o(.text) refers to startup_stm32f205xx.o(STACK) for Stack_Mem
    system_stm32f2xx.o(i.SystemCoreClockUpdate) refers to system_stm32f2xx.o(.data) for SystemCoreClock
    system_stm32f2xx.o(i.SystemCoreClockUpdate) refers to system_stm32f2xx.o(.constdata) for AHBPrescTable
    stm32f2xx_hal.o(i.HAL_DeInit) refers to stm32f2xx_hal.o(i.HAL_MspDeInit) for HAL_MspDeInit
    stm32f2xx_hal.o(i.HAL_Delay) refers to stm32f2xx_hal.o(i.HAL_GetTick) for HAL_GetTick
    stm32f2xx_hal.o(i.HAL_Delay) refers to stm32f2xx_hal.o(.data) for uwTickFreq
    stm32f2xx_hal.o(i.HAL_GetTick) refers to stm32f2xx_hal.o(.data) for uwTick
    stm32f2xx_hal.o(i.HAL_GetTickFreq) refers to stm32f2xx_hal.o(.data) for uwTickFreq
    stm32f2xx_hal.o(i.HAL_GetTickPrio) refers to stm32f2xx_hal.o(.data) for uwTickPrio
    stm32f2xx_hal.o(i.HAL_IncTick) refers to stm32f2xx_hal.o(.data) for uwTick
    stm32f2xx_hal.o(i.HAL_Init) refers to stm32f2xx_hal_cortex.o(i.HAL_NVIC_SetPriorityGrouping) for HAL_NVIC_SetPriorityGrouping
    stm32f2xx_hal.o(i.HAL_Init) refers to stm32f2xx_hal.o(i.HAL_InitTick) for HAL_InitTick
    stm32f2xx_hal.o(i.HAL_Init) refers to stm32f2xx_hal.o(i.HAL_MspInit) for HAL_MspInit
    stm32f2xx_hal.o(i.HAL_InitTick) refers to stm32f2xx_hal_cortex.o(i.HAL_SYSTICK_Config) for HAL_SYSTICK_Config
    stm32f2xx_hal.o(i.HAL_InitTick) refers to stm32f2xx_hal_cortex.o(i.HAL_NVIC_SetPriority) for HAL_NVIC_SetPriority
    stm32f2xx_hal.o(i.HAL_InitTick) refers to stm32f2xx_hal.o(.data) for uwTickFreq
    stm32f2xx_hal.o(i.HAL_InitTick) refers to system_stm32f2xx.o(.data) for SystemCoreClock
    stm32f2xx_hal.o(i.HAL_SetTickFreq) refers to stm32f2xx_hal.o(i.HAL_InitTick) for HAL_InitTick
    stm32f2xx_hal.o(i.HAL_SetTickFreq) refers to stm32f2xx_hal.o(.data) for uwTickFreq
    stm32f2xx_hal_adc.o(i.ADC_DMAConvCplt) refers to stm32f2xx_hal_adc.o(i.HAL_ADC_ConvCpltCallback) for HAL_ADC_ConvCpltCallback
    stm32f2xx_hal_adc.o(i.ADC_DMAConvCplt) refers to stm32f2xx_hal_adc.o(i.HAL_ADC_ErrorCallback) for HAL_ADC_ErrorCallback
    stm32f2xx_hal_adc.o(i.ADC_DMAError) refers to stm32f2xx_hal_adc.o(i.HAL_ADC_ErrorCallback) for HAL_ADC_ErrorCallback
    stm32f2xx_hal_adc.o(i.ADC_DMAHalfConvCplt) refers to stm32f2xx_hal_adc.o(i.HAL_ADC_ConvHalfCpltCallback) for HAL_ADC_ConvHalfCpltCallback
    stm32f2xx_hal_adc.o(i.HAL_ADC_ConfigChannel) refers to system_stm32f2xx.o(.data) for SystemCoreClock
    stm32f2xx_hal_adc.o(i.HAL_ADC_DeInit) refers to stm32f2xx_hal_adc.o(i.HAL_ADC_MspDeInit) for HAL_ADC_MspDeInit
    stm32f2xx_hal_adc.o(i.HAL_ADC_IRQHandler) refers to stm32f2xx_hal_adc.o(i.HAL_ADC_ConvCpltCallback) for HAL_ADC_ConvCpltCallback
[...]
    DMA1_Stream6_IRQHandler                  0x08010313   Thumb Code     0  startup_stm32f205xx.o(.text)
    DMA1_Stream7_IRQHandler                  0x08010313   Thumb Code     0  startup_stm32f205xx.o(.text)
    DMA2_Stream0_IRQHandler                  0x08010313   Thumb Code     0  startup_stm32f205xx.o(.text)
    DMA2_Stream1_IRQHandler                  0x08010313   Thumb Code     0  startup_stm32f205xx.o(.text)
    DMA2_Stream2_IRQHandler                  0x08010313   Thumb Code     0  startup_stm32f205xx.o(.text)
    DMA2_Stream3_IRQHandler                  0x08010313   Thumb Code     0  startup_stm32f205xx.o(.text)
    DMA2_Stream4_IRQHandler                  0x08010313   Thumb Code     0  startup_stm32f205xx.o(.text)
    DMA2_Stream5_IRQHandler                  0x08010313   Thumb Code     0  startup_stm32f205xx.o(.text)
    DMA2_Stream6_IRQHandler                  0x08010313   Thumb Code     0  startup_stm32f205xx.o(.text)
    DMA2_Stream7_IRQHandler                  0x08010313   Thumb Code     0  startup_stm32f205xx.o(.text)
    EXTI0_IRQHandler                         0x08010313   Thumb Code     0  startup_stm32f205xx.o(.text)
    EXTI1_IRQHandler                         0x08010313   Thumb Code     0  startup_stm32f205xx.o(.text)
    EXTI2_IRQHandler                         0x08010313   Thumb Code     0  startup_stm32f205xx.o(.text)
    FLASH_IRQHandler                         0x08010313   Thumb Code     0  startup_stm32f205xx.o(.text)
    FSMC_IRQHandler                          0x08010313   Thumb Code     0  startup_stm32f205xx.o(.text)
    HASH_RNG_IRQHandler                      0x08010313   Thumb Code     0  startup_stm32f205xx.o(.text)
    I2C2_ER_IRQHandler                       0x08010313   Thumb Code     0  startup_stm32f205xx.o(.text)
    I2C2_EV_IRQHandler                       0x08010313   Thumb Code     0  startup_stm32f205xx.o(.text)
    I2C3_ER_IRQHandler                       0x08010313   Thumb Code     0  startup_stm32f205xx.o(.text)
    I2C3_EV_IRQHandler                       0x08010313   Thumb Code     0  startup_stm32f205xx.o(.text)
    OTG_FS_IRQHandler                        0x08010313   Thumb Code     0  startup_stm32f205xx.o(.text)
    OTG_FS_WKUP_IRQHandler                   0x08010313   Thumb Code     0  startup_stm32f205xx.o(.text)
    OTG_HS_EP1_IN_IRQHandler                 0x08010313   Thumb Code     0  startup_stm32f205xx.o(.text)
    OTG_HS_EP1_OUT_IRQHandler                0x08010313   Thumb Code     0  startup_stm32f205xx.o(.text)
    OTG_HS_IRQHandler                        0x08010313   Thumb Code     0  startup_stm32f205xx.o(.text)
    OTG_HS_WKUP_IRQHandler                   0x08010313   Thumb Code     0  startup_stm32f205xx.o(.text)
    PVD_IRQHandler                           0x08010313   Thumb Code     0  startup_stm32f205xx.o(.text)
    RCC_IRQHandler                           0x08010313   Thumb Code     0  startup_stm32f205xx.o(.text)
    RTC_Alarm_IRQHandler                     0x08010313   Thumb Code     0  startup_stm32f205xx.o(.text)
    RTC_WKUP_IRQHandler                      0x08010313   Thumb Code     0  startup_stm32f205xx.o(.text)
    SDIO_IRQHandler                          0x08010313   Thumb Code     0  startup_stm32f205xx.o(.text)
    SPI1_IRQHandler                          0x08010313   Thumb Code     0  startup_stm32f205xx.o(.text)
    SPI2_IRQHandler                          0x08010313   Thumb Code     0  startup_stm32f205xx.o(.text)
    SPI3_IRQHandler                          0x08010313   Thumb Code     0  startup_stm32f205xx.o(.text)
    TAMP_STAMP_IRQHandler                    0x08010313   Thumb Code     0  startup_stm32f205xx.o(.text)
    TIM1_BRK_TIM9_IRQHandler                 0x08010313   Thumb Code     0  startup_stm32f205xx.o(.text)
    TIM1_CC_IRQHandler                       0x08010313   Thumb Code     0  startup_stm32f205xx.o(.text)
    TIM1_TRG_COM_TIM11_IRQHandler            0x08010313   Thumb Code     0  startup_stm32f205xx.o(.text)
    TIM1_UP_TIM10_IRQHandler                 0x08010313   Thumb Code     0  startup_stm32f205xx.o(.text)
    TIM2_IRQHandler                          0x08010313   Thumb Code     0  startup_stm32f205xx.o(.text)
    TIM3_IRQHandler                          0x08010313   Thumb Code     0  startup_stm32f205xx.o(.text)
    TIM4_IRQHandler                          0x08010313   Thumb Code     0  startup_stm32f205xx.o(.text)
    TIM5_IRQHandler                          0x08010313   Thumb Code     0  startup_stm32f205xx.o(.text)
    TIM6_DAC_IRQHandler                      0x08010313   Thumb Code     0  startup_stm32f205xx.o(.text)
    TIM7_IRQHandler                          0x08010313   Thumb Code     0  startup_stm32f205xx.o(.text)
    TIM8_BRK_TIM12_IRQHandler                0x08010313   Thumb Code     0  startup_stm32f205xx.o(.text)
    TIM8_CC_IRQHandler                       0x08010313   Thumb Code     0  startup_stm32f205xx.o(.text)
    TIM8_TRG_COM_TIM14_IRQHandler            0x08010313   Thumb Code     0  startup_stm32f205xx.o(.text)
    TIM8_UP_TIM13_IRQHandler                 0x08010313   Thumb Code     0  startup_stm32f205xx.o(.text)
    UART4_IRQHandler                         0x08010313   Thumb Code     0  startup_stm32f205xx.o(.text)
    UART5_IRQHandler                         0x08010313   Thumb Code     0  startup_stm32f205xx.o(.text)
    USART3_IRQHandler                        0x08010313   Thumb Code     0  startup_stm32f205xx.o(.text)
    USART6_IRQHandler                        0x08010313   Thumb Code     0  startup_stm32f205xx.o(.text)
    __user_initial_stackheap                 0x08010315   Thumb Code     0  startup_stm32f205xx.o(.text)
    __use_no_semihosting                     0x08010339   Thumb Code     2  use_no_semi_2.o(.text)
    __aeabi_uldivmod                         0x0801033b   Thumb Code     0  lludivv7m.o(.text)
    _ll_udiv                                 0x0801033b   Thumb Code   238  lludivv7m.o(.text)
    __aeabi_llsl                             0x08010429   Thumb Code     0  llshl.o(.text)
    _ll_shift_l                              0x08010429   Thumb Code    38  llshl.o(.text)
    __aeabi_llsr                             0x0801044f   Thumb Code     0  llushr.o(.text)
    _ll_ushift_r                             0x0801044f   Thumb Code    38  llushr.o(.text)
    __aeabi_assert                           0x08010475   Thumb Code    86  assert.o(.text)
    __assert                                 0x08010475   Thumb Code     0  assert.o(.text)
    memcmp                                   0x080104f5   Thumb Code    88  memcmp.o(.text)
    strlen                                   0x0801054d   Thumb Code    62  strlen.o(.text)
    __aeabi_memcpy                           0x0801058b   Thumb Code     0  rt_memcpy_v6.o(.text)
    __rt_memcpy                              0x0801058b   Thumb Code   138  rt_memcpy_v6.o(.text)
    _memcpy_lastbytes                        0x080105f1   Thumb Code     0  rt_memcpy_v6.o(.text)
    __aeabi_memcpy4                          0x08010615   Thumb Code     0  rt_memcpy_w.o(.text)
    __aeabi_memcpy8                          0x08010615   Thumb Code     0  rt_memcpy_w.o(.text)
    __rt_memcpy_w                            0x08010615   Thumb Code   100  rt_memcpy_w.o(.text)
    _memcpy_lastbytes_aligned                0x0801065d   Thumb Code     0  rt_memcpy_w.o(.text)
    __aeabi_memset                           0x08010679   Thumb Code    16  aeabi_memset.o(.text)
    __aeabi_memclr                           0x08010689   Thumb Code     0  rt_memclr.o(.text)
    __rt_memclr                              0x08010689   Thumb Code    68  rt_memclr.o(.text)
    _memset                                  0x0801068d   Thumb Code     0  rt_memclr.o(.text)
    __aeabi_memclr4                          0x080106cd   Thumb Code     0  rt_memclr_w.o(.text)
    __aeabi_memclr8                          0x080106cd   Thumb Code     0  rt_memclr_w.o(.text)
    __rt_memclr_w                            0x080106cd   Thumb Code    78  rt_memclr_w.o(.text)
    _memset_w                                0x080106d1   Thumb Code     0  rt_memclr_w.o(.text)
    __use_two_region_memory                  0x0801071b   Thumb Code     2  heapauxi.o(.text)
    __rt_heap_escrow$2region                 0x0801071d   Thumb Code     2  heapauxi.o(.text)
    __rt_heap_expand$2region                 0x0801071f   Thumb Code     2  heapauxi.o(.text)
    __I$use$semihosting                      0x08010721   Thumb Code     0  use_no_semi.o(.text)
    __use_no_semihosting_swi                 0x08010721   Thumb Code     2  use_no_semi.o(.text)
    abort                                    0x08010723   Thumb Code    22  abort.o(.text)
    __assert_puts                            0x08010739   Thumb Code    20  assert_puts.o(.text)
    __rt_SIGABRT                             0x0801074d   Thumb Code    14  defsig_abrt_outer.o(.text)
    __user_setup_stackheap                   0x0801075b   Thumb Code    74  sys_stackheap_outer.o(.text)
    exit                                     0x080107a5   Thumb Code    18  exit.o(.text)
    __sig_exit                               0x080107b7   Thumb Code    10  defsig_exit.o(.text)
    __rt_SIGABRT_inner                       0x080107c1   Thumb Code    14  defsig_abrt_inner.o(.text)
    __user_libspace                          0x080107f1   Thumb Code     8  libspace.o(.text)
    __user_perproc_libspace                  0x080107f1   Thumb Code     0  libspace.o(.text)
    __user_perthread_libspace                0x080107f1   Thumb Code     0  libspace.o(.text)
    __default_signal_display                 0x080107f9   Thumb Code    50  defsig_general.o(.text)
    CAN1_RX0_IRQHandler                      0x0801082b   Thumb Code    10  can_stm32f2xx.o(i.CAN1_RX0_IRQHandler)
    CAN2_RX0_IRQHandler                      0x08010835   Thumb Code    10  can_stm32f2xx.o(i.CAN2_RX0_IRQHandler)
    EXTI15_10_IRQHandler                     0x0801083f   Thumb Code    12  can_stm32f2xx.o(i.EXTI15_10_IRQHandler)
    EXTI3_IRQHandler                         0x0801084b   Thumb Code    10  system_stm32f2xx_1.o(i.EXTI3_IRQHandler)
    EXTI4_IRQHandler                         0x08010855   Thumb Code    10  system_stm32f2xx_1.o(i.EXTI4_IRQHandler)
    EXTI9_5_IRQHandler                       0x0801085f   Thumb Code    12  can_stm32f2xx.o(i.EXTI9_5_IRQHandler)
    HAL_CAN_ConfigFilter                     0x0801086d   Thumb Code   294  stm32f2xx_hal_can.o(i.HAL_CAN_ConfigFilter)
    HAL_CAN_Init                             0x08010999   Thumb Code   444  stm32f2xx_hal_can.o(i.HAL_CAN_Init)
    HAL_CAN_MspInit                          0x08010b55   Thumb Code     2  stm32f2xx_hal_can.o(i.HAL_CAN_MspInit)
    HAL_CAN_Sleep                            0x08010b57   Thumb Code   146  stm32f2xx_hal_can.o(i.HAL_CAN_Sleep)
    HAL_CAN_Transmit                         0x08010be9   Thumb Code   684  stm32f2xx_hal_can.o(i.HAL_CAN_Transmit)
    HAL_CAN_WakeUp                           0x08010ea1   Thumb Code   142  stm32f2xx_hal_can.o(i.HAL_CAN_WakeUp)
    HAL_DMA_Abort_IT                         0x08010f2f   Thumb Code    40  stm32f2xx_hal_dma.o(i.HAL_DMA_Abort_IT)
    HAL_DMA_GetState                         0x08010f57   Thumb Code     8  stm32f2xx_hal_dma.o(i.HAL_DMA_GetState)
    HAL_Delay                                0x08010f61   Thumb Code    34  stm32f2xx_hal.o(i.HAL_Delay)
    HAL_GPIO_EXTI_Callback                   0x08010f89   Thumb Code     2  stm32f2xx_hal_gpio.o(i.HAL_GPIO_EXTI_Callback)
    HAL_GPIO_EXTI_IRQHandler                 0x08010f8d   Thumb Code    24  stm32f2xx_hal_gpio.o(i.HAL_GPIO_EXTI_IRQHandler)
    HAL_GPIO_Init                            0x08010fa9   Thumb Code   470  stm32f2xx_hal_gpio.o(i.HAL_GPIO_Init)
    HAL_GPIO_ReadPin                         0x080111b1   Thumb Code    16  stm32f2xx_hal_gpio.o(i.HAL_GPIO_ReadPin)
    HAL_GPIO_TogglePin                       0x080111c1   Thumb Code    16  stm32f2xx_hal_gpio.o(i.HAL_GPIO_TogglePin)
    HAL_GPIO_WritePin                        0x080111d1   Thumb Code    12  stm32f2xx_hal_gpio.o(i.HAL_GPIO_WritePin)
    HAL_GetTick                              0x080111dd   Thumb Code     6  stm32f2xx_hal.o(i.HAL_GetTick)
    HAL_I2C_AbortCpltCallback                0x080111e9   Thumb Code     2  stm32f2xx_hal_i2c.o(i.HAL_I2C_AbortCpltCallback)
    HAL_I2C_AddrCallback                     0x080111eb   Thumb Code     2  stm32f2xx_hal_i2c.o(i.HAL_I2C_AddrCallback)
    HAL_I2C_ER_IRQHandler                    0x080111ed   Thumb Code   206  stm32f2xx_hal_i2c.o(i.HAL_I2C_ER_IRQHandler)
    HAL_I2C_EV_IRQHandler                    0x080112bb   Thumb Code   452  stm32f2xx_hal_i2c.o(i.HAL_I2C_EV_IRQHandler)
    HAL_I2C_ErrorCallback                    0x0801147f   Thumb Code     2  stm32f2xx_hal_i2c.o(i.HAL_I2C_ErrorCallback)
    HAL_I2C_GetState                         0x08011481   Thumb Code     8  stm32f2xx_hal_i2c.o(i.HAL_I2C_GetState)
    HAL_I2C_Init                             0x08011489   Thumb Code   422  stm32f2xx_hal_i2c.o(i.HAL_I2C_Init)
    HAL_I2C_ListenCpltCallback               0x08011641   Thumb Code     2  stm32f2xx_hal_i2c.o(i.HAL_I2C_ListenCpltCallback)
    HAL_I2C_MasterRxCpltCallback             0x08011643   Thumb Code     2  stm32f2xx_hal_i2c.o(i.HAL_I2C_MasterRxCpltCallback)
    HAL_I2C_MasterTxCpltCallback             0x08011645   Thumb Code     2  stm32f2xx_hal_i2c.o(i.HAL_I2C_MasterTxCpltCallback)
    HAL_I2C_Master_Receive_IT                0x08011649   Thumb Code   248  stm32f2xx_hal_i2c.o(i.HAL_I2C_Master_Receive_IT)
    HAL_I2C_Master_Transmit_IT               0x08011749   Thumb Code   234  stm32f2xx_hal_i2c.o(i.HAL_I2C_Master_Transmit_IT)
    HAL_I2C_MemRxCpltCallback                0x0801183d   Thumb Code     2  stm32f2xx_hal_i2c.o(i.HAL_I2C_MemRxCpltCallback)
    HAL_I2C_MemTxCpltCallback                0x0801183f   Thumb Code     2  stm32f2xx_hal_i2c.o(i.HAL_I2C_MemTxCpltCallback)
    HAL_I2C_MspInit                          0x08011841   Thumb Code     2  stm32f2xx_hal_i2c.o(i.HAL_I2C_MspInit)
    HAL_I2C_SlaveRxCpltCallback              0x08011843   Thumb Code     2  stm32f2xx_hal_i2c.o(i.HAL_I2C_SlaveRxCpltCallback)
    HAL_I2C_SlaveTxCpltCallback              0x08011845   Thumb Code     2  stm32f2xx_hal_i2c.o(i.HAL_I2C_SlaveTxCpltCallback)
    HAL_Init                                 0x08011849   Thumb Code    54  stm32f2xx_hal.o(i.HAL_Init)
    HAL_InitTick                             0x08011885   Thumb Code    64  stm32f2xx_hal.o(i.HAL_InitTick)
    HAL_MspInit                              0x080118d1   Thumb Code     2  stm32f2xx_hal.o(i.HAL_MspInit)
    HAL_NVIC_EnableIRQ                       0x080118d3   Thumb Code    32  stm32f2xx_hal_cortex.o(i.HAL_NVIC_EnableIRQ)
    HAL_NVIC_SetPriority                     0x080118f3   Thumb Code   124  stm32f2xx_hal_cortex.o(i.HAL_NVIC_SetPriority)
    HAL_NVIC_SetPriorityGrouping             0x08011971   Thumb Code    32  stm32f2xx_hal_cortex.o(i.HAL_NVIC_SetPriorityGrouping)
    HAL_PWR_EnterSLEEPMode                   0x08011999   Thumb Code    28  stm32f2xx_hal_pwr.o(i.HAL_PWR_EnterSLEEPMode)
    HAL_PWR_EnterSTOPMode                    0x080119b9   Thumb Code    54  stm32f2xx_hal_pwr.o(i.HAL_PWR_EnterSTOPMode)
    HAL_RCC_ClockConfig                      0x080119f9   Thumb Code   374  stm32f2xx_hal_rcc.o(i.HAL_RCC_ClockConfig)
    HAL_RCC_GetHCLKFreq                      0x08011b85   Thumb Code     6  stm32f2xx_hal_rcc.o(i.HAL_RCC_GetHCLKFreq)
    HAL_RCC_GetPCLK1Freq                     0x08011b91   Thumb Code    36  stm32f2xx_hal_rcc.o(i.HAL_RCC_GetPCLK1Freq)
    HAL_RCC_GetPCLK2Freq                     0x08011bbd   Thumb Code    36  stm32f2xx_hal_rcc.o(i.HAL_RCC_GetPCLK2Freq)
    HAL_RCC_GetSysClockFreq                  0x08011be9   Thumb Code   162  stm32f2xx_hal_rcc.o(i.HAL_RCC_GetSysClockFreq)
    HAL_RCC_OscConfig                        0x08011c99   Thumb Code  1050  stm32f2xx_hal_rcc.o(i.HAL_RCC_OscConfig)
    HAL_ResumeTick                           0x080120b3   Thumb Code    18  stm32f2xx_hal.o(i.HAL_ResumeTick)
    HAL_SYSTICK_Config                       0x080120c5   Thumb Code    52  stm32f2xx_hal_cortex.o(i.HAL_SYSTICK_Config)
    HAL_SuspendTick                          0x080120f9   Thumb Code    18  stm32f2xx_hal.o(i.HAL_SuspendTick)
    HAL_UART_Init                            0x0801210b   Thumb Code   114  stm32f2xx_hal_uart.o(i.HAL_UART_Init)
    HAL_UART_MspInit                         0x0801217d   Thumb Code     2  stm32f2xx_hal_uart.o(i.HAL_UART_MspInit)
    HAL_UART_Transmit                        0x0801217f   Thumb Code   214  stm32f2xx_hal_uart.o(i.HAL_UART_Transmit)
    HAL_WWDG_Init                            0x08012255   Thumb Code    44  stm32f2xx_hal_wwdg.o(i.HAL_WWDG_Init)
    HAL_WWDG_MspInit                         0x08012281   Thumb Code     2  stm32f2xx_hal_wwdg.o(i.HAL_WWDG_MspInit)
    HAL_WWDG_Refresh                         0x08012283   Thumb Code    12  stm32f2xx_hal_wwdg.o(i.HAL_WWDG_Refresh)
    I2C1_ER_IRQHandler                       0x08012291   Thumb Code    10  i2c_stm32f2xx.o(i.I2C1_ER_IRQHandler)
    I2C1_EV_IRQHandler                       0x080122a1   Thumb Code    10  i2c_stm32f2xx.o(i.I2C1_EV_IRQHandler)
    SystemInit                               0x08012f29   Thumb Code    66  system_stm32f2xx.o(i.SystemInit)
    USART1_IRQHandler                        0x08013311   Thumb Code    10  uart_stm32f2xx.o(i.USART1_IRQHandler)
    USART2_IRQHandler                        0x0801331b   Thumb Code    10  uart_stm32f2xx.o(i.USART2_IRQHandler)
    WWDG_IRQHandler                          0x08013325   Thumb Code    42  system_stm32f2xx_1.o(i.WWDG_IRQHandler)
    _sys_exit                                0x0801338d   Thumb Code     4  uart.o(i._sys_exit)
    _ttywrch                                 0x08013391   Thumb Code     4  uart.o(i._ttywrch)
    accr_sys_mode_trans                      0x08013395   Thumb Code   120  i2c.o(i.accr_sys_mode_trans)
    bitmask                                  0x08013411   Thumb Code    38  bitfield.o(i.bitmask)
    bits_to_bytes                            0x08013437   Thumb Code    18  bitarray.o(i.bits_to_bytes)
    bytesswap                                0x08013449   Thumb Code    42  diag.o(i.bytesswap)
    can_init                                 0x08013475   Thumb Code  1082  can_stm32f2xx.o(i.can_init)
    can_pwr_mode_trans                       0x08013c41   Thumb Code   128  can_stm32f2xx.o(i.can_pwr_mode_trans)
    can_receive                              0x08013d09   Thumb Code   172  can.o(i.can_receive)
    can_send                                 0x08013f69   Thumb Code   204  can_stm32f2xx.o(i.can_send)
    clock                                    0x08014135   Thumb Code     8  system_stm32f2xx_1.o(i.clock)
    copy_bits                                0x0801413d   Thumb Code   644  bitarray.o(i.copy_bits)
    copy_bits_right_aligned                  0x080143c9   Thumb Code    68  bitarray.o(i.copy_bits_right_aligned)
    debug                                    0x080146a5   Thumb Code     2  uart.o(i.debug)
    delay                                    0x080146a7   Thumb Code    26  system_stm32f2xx_1.o(i.delay)
    diag_client_init                         0x080146c5   Thumb Code    72  diag_client.o(i.diag_client_init)
    diag_client_poll_response                0x08014741   Thumb Code   104  diag_client.o(i.diag_client_poll_response)
    diag_client_request                      0x080147e9   Thumb Code    36  diag_client.o(i.diag_client_request)
    diag_server_comm_ctrl_rx_enabled         0x08014ad9   Thumb Code    50  diag_server.o(i.diag_server_comm_ctrl_rx_enabled)
    diag_server_comm_ctrl_tx_enabled         0x08014b15   Thumb Code    50  diag_server.o(i.diag_server_comm_ctrl_tx_enabled)
    diag_server_data_init                    0x08014b51   Thumb Code   226  diag_server.o(i.diag_server_data_init)
    diag_server_flash_erase_sectors_callback 0x08014d89   Thumb Code     6  diag_server.o(i.diag_server_flash_erase_sectors_callback)
    diag_server_flash_program_callback       0x08014d8f   Thumb Code     6  diag_server.o(i.diag_server_flash_program_callback)
    diag_server_flash_program_verify_callback 0x08014d95   Thumb Code     6  diag_server.o(i.diag_server_flash_program_verify_callback)
    diag_server_flash_verify_sectors_callback 0x08014d9b   Thumb Code     6  diag_server.o(i.diag_server_flash_verify_sectors_callback)
    diag_server_get_car_status_callback      0x08014da1   Thumb Code    12  rtos.o(i.diag_server_get_car_status_callback)
    diag_server_get_pwr_vol_callback         0x08014e5d   Thumb Code    40  rtos.o(i.diag_server_get_pwr_vol_callback)
    diag_server_get_vehicle_speed_callback   0x08014e8d   Thumb Code    12  rtos.o(i.diag_server_get_vehicle_speed_callback)
    diag_server_indication                   0x08014e99   Thumb Code    94  diag_server.o(i.diag_server_indication)
    diag_server_init                         0x08014f49   Thumb Code    98  diag_server.o(i.diag_server_init)
    diag_server_on_msg                       0x08015011   Thumb Code   770  diag_server.o(i.diag_server_on_msg)
    diag_server_read_data_by_id              0x08015351   Thumb Code   104  diag_server.o(i.diag_server_read_data_by_id)
    diag_server_sys_reset_callback           0x08015611   Thumb Code     8  rtos.o(i.diag_server_sys_reset_callback)
    diag_server_update_dtc                   0x08015665   Thumb Code   656  diag_server.o(i.diag_server_update_dtc)
    eeprom_read                              0x08015f1d   Thumb Code    70  i2c.o(i.eeprom_read)
    eeprom_write                             0x08015f8d   Thumb Code   158  i2c.o(i.eeprom_write)
    eightbyte_get_bitfield                   0x08016055   Thumb Code   156  8byte.o(i.eightbyte_get_bitfield)
    find_end_bit                             0x080160f1   Thumb Code    28  bitarray.o(i.find_end_bit)
    find_nm_node                             0x0801610d   Thumb Code    32  osek_nm.o(i.find_nm_node)
    gen_resolve_downstream_to_msg            0x08016135   Thumb Code  1190  gen_resolve.o(i.gen_resolve_downstream_to_msg)
    gen_resolve_downstream_to_msg_callback   0x08016615   Thumb Code   208  resolve.o(i.gen_resolve_downstream_to_msg_callback)
    gen_resolve_msg_to_upstream              0x080166ed   Thumb Code 10982  gen_resolve.o(i.gen_resolve_msg_to_upstream)
    gen_resolve_msg_to_upstream_callback     0x080191d5   Thumb Code   798  resolve.o(i.gen_resolve_msg_to_upstream_callback)
    get_bitfield                             0x08019505   Thumb Code    88  bitfield.o(i.get_bitfield)
    gpio_init                                0x08019575   Thumb Code   484  system_stm32f2xx_1.o(i.gpio_init)
    i2c_master_init                          0x08019769   Thumb Code   372  i2c_stm32f2xx.o(i.i2c_master_init)
    i2c_master_receive                       0x08019995   Thumb Code   102  i2c_stm32f2xx.o(i.i2c_master_receive)
    i2c_master_send                          0x08019a51   Thumb Code   108  i2c_stm32f2xx.o(i.i2c_master_send)
    isotp_indication                         0x08019cc9   Thumb Code   486  isotp.o(i.isotp_indication)
    isotp_init_link                          0x08019eb1   Thumb Code   194  isotp.o(i.isotp_init_link)
    isotp_poll                               0x0801a035   Thumb Code   166  isotp.o(i.isotp_poll)
    isotp_receive                            0x0801a0db   Thumb Code    60  isotp.o(i.isotp_receive)
    isotp_send                               0x0801a341   Thumb Code    22  isotp.o(i.isotp_send)
    isotp_send_poll                          0x0801a505   Thumb Code   112  isotp.o(i.isotp_send_poll)
    isotp_send_with_id                       0x0801a60d   Thumb Code   134  isotp.o(i.isotp_send_with_id)
    main                                     0x0801a6e9   Thumb Code    26  main.o(i.main)
    make_predecessor_successor               0x0801a709   Thumb Code    36  osek_nm.o(i.make_predecessor_successor)
    max_timer_function                       0x0801a73d   Thumb Code     8  osek_nm.o(i.max_timer_function)
    osek_nm_indication                       0x0801a755   Thumb Code    84  osek_nm.o(i.osek_nm_indication)
    osek_nm_time_callback                    0x0801a7ad   Thumb Code    86  osek_nm.o(i.osek_nm_time_callback)
    presleep_state                           0x0801a811   Thumb Code     8  osek_nm.o(i.presleep_state)
    print_buf                                0x0801a81d   Thumb Code     2  uart.o(i.print_buf)
    pvPortMalloc                             0x0801b151   Thumb Code   176  heap_2.o(i.pvPortMalloc)
    pvTaskIncrementMutexHeldCount            0x0801b211   Thumb Code    26  tasks.o(i.pvTaskIncrementMutexHeldCount)
    pwr_mode_trans                           0x0801b231   Thumb Code    94  system_stm32f2xx_1.o(i.pwr_mode_trans)
    pxPortInitialiseStack                    0x0801b295   Thumb Code    30  port.o(i.pxPortInitialiseStack)
    reset                                    0x0801c24d   Thumb Code    68  system_stm32f2xx_1.o(i.reset)
    resolve_downstream_to_msg                0x0801c305   Thumb Code    92  resolve.o(i.resolve_downstream_to_msg)
    resolve_get_upstream                     0x0801c39d   Thumb Code    78  resolve.o(i.resolve_get_upstream)
    resolve_get_upstream_item                0x0801c421   Thumb Code    52  resolve.o(i.resolve_get_upstream_item)
    resolve_init                             0x0801c45d   Thumb Code    34  resolve.o(i.resolve_init)
    resolve_msg_to_upstream                  0x0801c491   Thumb Code    34  resolve.o(i.resolve_msg_to_upstream)
    rtos_start                               0x0801c4e1   Thumb Code   176  rtos.o(i.rtos_start)
    send_ring_message                        0x0801c647   Thumb Code    54  osek_nm.o(i.send_ring_message)
    set_bitfield                             0x0801c6fd   Thumb Code    90  bitfield.o(i.set_bitfield)
    sys_init                                 0x0801c7d7   Thumb Code    14  system_stm32f2xx_1.o(i.sys_init)
    typical_timer_function                   0x0801c931   Thumb Code    64  osek_nm.o(i.typical_timer_function)
    uart_init                                0x0801c985   Thumb Code   438  uart_stm32f2xx.o(i.uart_init)
    uart_receive                             0x0801cc35   Thumb Code   114  uart.o(i.uart_receive)
    uart_receive_with_format_polling         0x0801ccf5   Thumb Code   222  uart.o(i.uart_receive_with_format_polling)
    uart_send                                0x0801cdfd   Thumb Code    80  uart_stm32f2xx.o(i.uart_send)
    uart_send_with_format                    0x0801cea9   Thumb Code   104  uart.o(i.uart_send_with_format)
    uxListRemove                             0x0801cf55   Thumb Code    40  list.o(i.uxListRemove)
    vApplicationIdleHook                     0x0801cf7d   Thumb Code    12  rtos.o(i.vApplicationIdleHook)
    vApplicationMallocFailedHook             0x0801cf89   Thumb Code    38  rtos.o(i.vApplicationMallocFailedHook)
    vApplicationStackOverflowHook            0x0801cfb5   Thumb Code    38  rtos.o(i.vApplicationStackOverflowHook)
    vApplicationTickHook                     0x0801cfe1   Thumb Code     2  rtos.o(i.vApplicationTickHook)
    vListInitialise                          0x0801cfe3   Thumb Code    26  list.o(i.vListInitialise)
    vListInitialiseItem                      0x0801cffd   Thumb Code     6  list.o(i.vListInitialiseItem)
    vListInsert                              0x0801d003   Thumb Code    52  list.o(i.vListInsert)
    vListInsertEnd                           0x0801d037   Thumb Code    24  list.o(i.vListInsertEnd)
    vPortEnterCritical                       0x0801d051   Thumb Code    76  port.o(i.vPortEnterCritical)
    vPortExitCritical                        0x0801d0a5   Thumb Code    56  port.o(i.vPortExitCritical)
    vPortFree                                0x0801d0e1   Thumb Code    56  heap_2.o(i.vPortFree)
    vPortSetupTimerInterrupt                 0x0801d121   Thumb Code    36  port.o(i.vPortSetupTimerInterrupt)
    vPortValidateInterruptPriority           0x0801d149   Thumb Code   106  port.o(i.vPortValidateInterruptPriority)
    vQueueAddToRegistry                      0x0801d1c1   Thumb Code    38  queue.o(i.vQueueAddToRegistry)
    vQueueWaitForMessageRestricted           0x0801d1ed   Thumb Code    74  queue.o(i.vQueueWaitForMessageRestricted)
    vTaskDelay                               0x0801d239   Thumb Code    82  tasks.o(i.vTaskDelay)
    vTaskInternalSetTimeOutState             0x0801d295   Thumb Code    14  tasks.o(i.vTaskInternalSetTimeOutState)
    vTaskMissedYield                         0x0801d2ad   Thumb Code     8  tasks.o(i.vTaskMissedYield)
    vTaskPlaceOnEventList                    0x0801d2b9   Thumb Code    52  tasks.o(i.vTaskPlaceOnEventList)
    vTaskPlaceOnEventListRestricted          0x0801d2f1   Thumb Code    60  tasks.o(i.vTaskPlaceOnEventListRestricted)
    vTaskPriorityDisinheritAfterTimeout      0x0801d331   Thumb Code   230  tasks.o(i.vTaskPriorityDisinheritAfterTimeout)
    vTaskStartScheduler                      0x0801d425   Thumb Code   118  tasks.o(i.vTaskStartScheduler)
    vTaskSuspendAll                          0x0801d4b9   Thumb Code    12  tasks.o(i.vTaskSuspendAll)
    vTaskSwitchContext                       0x0801d4c9   Thumb Code   174  tasks.o(i.vTaskSwitchContext)
    wdog_enable                              0x0801d58d   Thumb Code    84  system_stm32f2xx_1.o(i.wdog_enable)
    wdog_refresh                             0x0801d5ed   Thumb Code    12  system_stm32f2xx_1.o(i.wdog_refresh)
    xPortGetFreeHeapSize                     0x0801d5fd   Thumb Code     6  heap_2.o(i.xPortGetFreeHeapSize)
    xPortStartScheduler                      0x0801d609   Thumb Code   228  port.o(i.xPortStartScheduler)
    xQueueCreateMutex                        0x0801d701   Thumb Code    34  queue.o(i.xQueueCreateMutex)
    xQueueGenericCreate                      0x0801d723   Thumb Code    88  queue.o(i.xQueueGenericCreate)
    xQueueGenericReset                       0x0801d77d   Thumb Code   146  queue.o(i.xQueueGenericReset)
    xQueueGenericSend                        0x0801d815   Thumb Code   420  queue.o(i.xQueueGenericSend)
    xQueueGenericSendFromISR                 0x0801d9bd   Thumb Code   248  queue.o(i.xQueueGenericSendFromISR)
    xQueueGiveMutexRecursive                 0x0801dab5   Thumb Code    72  queue.o(i.xQueueGiveMutexRecursive)
    xQueueReceive                            0x0801dafd   Thumb Code   356  queue.o(i.xQueueReceive)
    xQueueSemaphoreTake                      0x0801dc65   Thumb Code   434  queue.o(i.xQueueSemaphoreTake)
    xQueueTakeMutexRecursive                 0x0801de1d   Thumb Code    78  queue.o(i.xQueueTakeMutexRecursive)
    xTaskCheckForTimeOut                     0x0801de6d   Thumb Code   132  tasks.o(i.xTaskCheckForTimeOut)
    xTaskCreate                              0x0801def9   Thumb Code    96  tasks.o(i.xTaskCreate)
    xTaskGetCurrentTaskHandle                0x0801df59   Thumb Code     6  tasks.o(i.xTaskGetCurrentTaskHandle)
    xTaskGetSchedulerState                   0x0801df65   Thumb Code    24  tasks.o(i.xTaskGetSchedulerState)
    xTaskGetTickCount                        0x0801df85   Thumb Code     6  tasks.o(i.xTaskGetTickCount)
    xTaskIncrementTick                       0x0801df91   Thumb Code   296  tasks.o(i.xTaskIncrementTick)
    xTaskPriorityDisinherit                  0x0801e0e5   Thumb Code   188  tasks.o(i.xTaskPriorityDisinherit)
    xTaskPriorityInherit                     0x0801e1ad   Thumb Code   186  tasks.o(i.xTaskPriorityInherit)
    xTaskRemoveFromEventList                 0x0801e275   Thumb Code   128  tasks.o(i.xTaskRemoveFromEventList)
    xTaskResumeAll                           0x0801e30d   Thumb Code   224  tasks.o(i.xTaskResumeAll)
    xTimerCreate                             0x0801e411   Thumb Code    48  timers.o(i.xTimerCreate)
    xTimerCreateTimerTask                    0x0801e441   Thumb Code    66  timers.o(i.xTimerCreateTimerTask)
    xTimerGenericCommand                     0x0801e499   Thumb Code   126  timers.o(i.xTimerGenericCommand)
    __aeabi_d2uiz                            0x0801e51d   Thumb Code     0  dfixu.o(x$fpl$dfixu)
    _dfixu                                   0x0801e51d   Thumb Code    90  dfixu.o(x$fpl$dfixu)
    __aeabi_ui2d                             0x0801e577   Thumb Code     0  dflt_clz.o(x$fpl$dfltu)
    _dfltu                                   0x0801e577   Thumb Code    38  dflt_clz.o(x$fpl$dfltu)
    __aeabi_dmul                             0x0801e59d   Thumb Code     0  dmul.o(x$fpl$dmul)
    _dmul                                    0x0801e59d   Thumb Code   332  dmul.o(x$fpl$dmul)
    __fpl_dnaninf                            0x0801e6f1   Thumb Code   156  dnaninf.o(x$fpl$dnaninf)
    __fpl_dretinf                            0x0801e78d   Thumb Code    12  dretinf.o(x$fpl$dretinf)
    __aeabi_fadd                             0x0801e799   Thumb Code     0  faddsub_clz.o(x$fpl$fadd)
    _fadd                                    0x0801e799   Thumb Code   196  faddsub_clz.o(x$fpl$fadd)
    __aeabi_i2f                              0x0801e85d   Thumb Code     0  fflt_clz.o(x$fpl$fflt)
    _fflt                                    0x0801e85d   Thumb Code    48  fflt_clz.o(x$fpl$fflt)
    __aeabi_ul2f                             0x0801e88d   Thumb Code     0  ffltll_clz.o(x$fpl$ffltll)
    _ll_uto_f                                0x0801e88d   Thumb Code     6  ffltll_clz.o(x$fpl$ffltll)
    __aeabi_l2f                              0x0801e893   Thumb Code     0  ffltll_clz.o(x$fpl$ffltll)
    _ll_sto_f                                0x0801e893   Thumb Code    90  ffltll_clz.o(x$fpl$ffltll)
    __aeabi_fmul                             0x0801e8ed   Thumb Code     0  fmul.o(x$fpl$fmul)
    _fmul                                    0x0801e8ed   Thumb Code   258  fmul.o(x$fpl$fmul)
    __fpl_fnaninf                            0x0801e9ef   Thumb Code   140  fnaninf.o(x$fpl$fnaninf)
    __fpl_fretinf                            0x0801ea7b   Thumb Code    10  fretinf.o(x$fpl$fretinf)
    __aeabi_fsub                             0x0801ea85   Thumb Code     0  faddsub_clz.o(x$fpl$fsub)
    _fsub                                    0x0801ea85   Thumb Code   234  faddsub_clz.o(x$fpl$fsub)
    __aeabi_f2ulz                            0x0801eb71   Thumb Code     0  ffixull.o(x$fpl$llufromf)
    _ll_ufrom_f                              0x0801eb71   Thumb Code    92  ffixull.o(x$fpl$llufromf)
    AHBPrescTable                            0x0801ebcc   Data          16  system_stm32f2xx.o(.constdata)
    __I$use$fp                               0x0801ebcc   Number         0  usenofp.o(x$fpl$usenofp)
    APBPrescTable                            0x0801ebdc   Data           8  system_stm32f2xx.o(.constdata)
    Region$$Table$$Base                      0x0801efd8   Number         0  anon$$obj.o(Region$$Table)
    Region$$Table$$Limit                     0x0801eff8   Number         0  anon$$obj.o(Region$$Table)
    SystemCoreClock                          0x20000000   Data           4  system_stm32f2xx.o(.data)
    uwTick                                   0x20000004   Data           4  stm32f2xx_hal.o(.data)
    uwTickPrio                               0x20000008   Data           4  stm32f2xx_hal.o(.data)
    uwTickFreq                               0x2000000c   Data           1  stm32f2xx_hal.o(.data)
    pxCurrentTCB                             0x20000010   Data           4  tasks.o(.data)
    g_can_tx_mutex                           0x20000084   Data           8  can_stm32f2xx.o(.data)
    g_can_rx_queue_head                      0x2000008c   Data           2  can_stm32f2xx.o(.data)
    g_can_rx_queue_tail                      0x2000008e   Data           2  can_stm32f2xx.o(.data)
    g_i2c_mutex                              0x20000160   Data           4  i2c_stm32f2xx.o(.data)
    g_uart_tx_mutex                          0x200001c4   Data           8  uart_stm32f2xx.o(.data)
    g_uart_rx_queue_head                     0x200001cc   Data           4  uart_stm32f2xx.o(.data)
    g_uart_rx_queue_tail                     0x200001d0   Data           4  uart_stm32f2xx.o(.data)
    exit_code                                0x20000ab0   Data           4  main.o(.data)
    xQueueRegistry                           0x20000ab4   Data          64  queue.o(.bss)
    g_can_rx_queue                           0x20006dc8   Data         320  can_stm32f2xx.o(.bss)
    g_uart_rx_queue                          0x20006f9c   Data        2000  uart_stm32f2xx.o(.bss)
    __libspace_start                         0x20009b58   Data          96  libspace.o(.bss)
    __temporary_stack_top$libspace           0x20009bb8   Data           0  libspace.o(.bss)



==============================================================================

Memory Map of the image

  Image Entry point : 0x08010185

  Load Region LR_IROM1 (Base: 0x08010000, Size: 0x0000faac, Max: 0x00080000, ABSOLUTE, COMPRESSED[0x0000f3ec])

    Execution Region ER_IROM1 (Exec base: 0x08010000, Load base: 0x08010000, Size: 0x0000eff8, Max: 0x00080000, ABSOLUTE)

    Exec Addr    Load Addr    Size         Type   Attr      Idx    E Section Name        Object

    0x08010000   0x08010000   0x00000184   Data   RO            3    RESET               startup_stm32f205xx.o
    0x08010184   0x08010184   0x00000008   Code   RO        10492  * !!!main             c_w.l(__main.o)
    0x0801018c   0x0801018c   0x00000034   Code   RO        10706    !!!scatter          c_w.l(__scatter.o)
    0x080101c0   0x080101c0   0x0000005a   Code   RO        10704    !!dczerorl2         c_w.l(__dczerorl2.o)
    0x0801021a   0x0801021a   0x00000002   PAD
    0x0801021c   0x0801021c   0x0000001c   Code   RO        10708    !!handler_zi        c_w.l(__scatter_zi.o)
    0x08010238   0x08010238   0x00000002   Code   RO        10586    .ARM.Collect$$libinit$$00000000  c_w.l(libinit.o)
    0x0801023a   0x0801023a   0x00000000   Code   RO        10599    .ARM.Collect$$libinit$$00000002  c_w.l(libinit2.o)
    0x0801023a   0x0801023a   0x00000000   Code   RO        10601    .ARM.Collect$$libinit$$00000004  c_w.l(libinit2.o)
    0x0801023a   0x0801023a   0x00000000   Code   RO        10604    .ARM.Collect$$libinit$$0000000A  c_w.l(libinit2.o)
    0x0801023a   0x0801023a   0x00000000   Code   RO        10606    .ARM.Collect$$libinit$$0000000C  c_w.l(libinit2.o)
    0x0801023a   0x0801023a   0x00000000   Code   RO        10608    .ARM.Collect$$libinit$$0000000E  c_w.l(libinit2.o)
    0x0801023a   0x0801023a   0x00000000   Code   RO        10611    .ARM.Collect$$libinit$$00000011  c_w.l(libinit2.o)
    0x0801023a   0x0801023a   0x00000000   Code   RO        10613    .ARM.Collect$$libinit$$00000013  c_w.l(libinit2.o)
    0x0801023a   0x0801023a   0x00000000   Code   RO        10615    .ARM.Collect$$libinit$$00000015  c_w.l(libinit2.o)
    0x0801023a   0x0801023a   0x00000000   Code   RO        10617    .ARM.Collect$$libinit$$00000017  c_w.l(libinit2.o)
    0x0801023a   0x0801023a   0x00000000   Code   RO        10619    .ARM.Collect$$libinit$$00000019  c_w.l(libinit2.o)
    0x0801023a   0x0801023a   0x00000000   Code   RO        10621    .ARM.Collect$$libinit$$0000001B  c_w.l(libinit2.o)
    0x0801023a   0x0801023a   0x00000000   Code   RO        10623    .ARM.Collect$$libinit$$0000001D  c_w.l(libinit2.o)
    0x0801023a   0x0801023a   0x00000000   Code   RO        10625    .ARM.Collect$$libinit$$0000001F  c_w.l(libinit2.o)
    0x0801023a   0x0801023a   0x00000000   Code   RO        10627    .ARM.Collect$$libinit$$00000021  c_w.l(libinit2.o)
    0x0801023a   0x0801023a   0x00000000   Code   RO        10629    .ARM.Collect$$libinit$$00000023  c_w.l(libinit2.o)
    0x0801023a   0x0801023a   0x00000000   Code   RO        10631    .ARM.Collect$$libinit$$00000025  c_w.l(libinit2.o)
    0x0801023a   0x0801023a   0x00000000   Code   RO        10635    .ARM.Collect$$libinit$$0000002C  c_w.l(libinit2.o)
    0x0801023a   0x0801023a   0x00000000   Code   RO        10637    .ARM.Collect$$libinit$$0000002E  c_w.l(libinit2.o)
    0x0801023a   0x0801023a   0x00000000   Code   RO        10639    .ARM.Collect$$libinit$$00000030  c_w.l(libinit2.o)
    0x0801023a   0x0801023a   0x00000000   Code   RO        10641    .ARM.Collect$$libinit$$00000032  c_w.l(libinit2.o)
    0x0801023a   0x0801023a   0x00000002   Code   RO        10642    .ARM.Collect$$libinit$$00000033  c_w.l(libinit2.o)
    0x0801023c   0x0801023c   0x00000002   Code   RO        10676    .ARM.Collect$$libshutdown$$00000000  c_w.l(libshutdown.o)
    0x0801023e   0x0801023e   0x00000000   Code   RO        10686    .ARM.Collect$$libshutdown$$00000002  c_w.l(libshutdown2.o)
    0x0801023e   0x0801023e   0x00000000   Code   RO        10688    .ARM.Collect$$libshutdown$$00000004  c_w.l(libshutdown2.o)
    0x0801023e   0x0801023e   0x00000000   Code   RO        10691    .ARM.Collect$$libshutdown$$00000007  c_w.l(libshutdown2.o)
    0x0801023e   0x0801023e   0x00000000   Code   RO        10694    .ARM.Collect$$libshutdown$$0000000A  c_w.l(libshutdown2.o)
    0x0801023e   0x0801023e   0x00000000   Code   RO        10696    .ARM.Collect$$libshutdown$$0000000C  c_w.l(libshutdown2.o)
    0x0801023e   0x0801023e   0x00000000   Code   RO        10699    .ARM.Collect$$libshutdown$$0000000F  c_w.l(libshutdown2.o)
    0x0801023e   0x0801023e   0x00000002   Code   RO        10700    .ARM.Collect$$libshutdown$$00000010  c_w.l(libshutdown2.o)
    0x08010240   0x08010240   0x00000000   Code   RO        10528    .ARM.Collect$$rtentry$$00000000  c_w.l(__rtentry.o)
    0x08010240   0x08010240   0x00000000   Code   RO        10547    .ARM.Collect$$rtentry$$00000002  c_w.l(__rtentry2.o)
    0x08010240   0x08010240   0x00000006   Code   RO        10559    .ARM.Collect$$rtentry$$00000004  c_w.l(__rtentry4.o)
    0x08010246   0x08010246   0x00000000   Code   RO        10549    .ARM.Collect$$rtentry$$00000009  c_w.l(__rtentry2.o)
    0x08010246   0x08010246   0x00000004   Code   RO        10550    .ARM.Collect$$rtentry$$0000000A  c_w.l(__rtentry2.o)
    0x0801024a   0x0801024a   0x00000000   Code   RO        10552    .ARM.Collect$$rtentry$$0000000C  c_w.l(__rtentry2.o)
    0x0801024a   0x0801024a   0x00000008   Code   RO        10553    .ARM.Collect$$rtentry$$0000000D  c_w.l(__rtentry2.o)
    0x08010252   0x08010252   0x00000002   Code   RO        10590    .ARM.Collect$$rtexit$$00000000  c_w.l(rtexit.o)
    0x08010254   0x08010254   0x00000000   Code   RO        10644    .ARM.Collect$$rtexit$$00000002  c_w.l(rtexit2.o)
    0x08010254   0x08010254   0x00000004   Code   RO        10645    .ARM.Collect$$rtexit$$00000003  c_w.l(rtexit2.o)
    0x08010258   0x08010258   0x00000006   Code   RO        10646    .ARM.Collect$$rtexit$$00000004  c_w.l(rtexit2.o)
    0x0801025e   0x0801025e   0x00000002   PAD
    0x08010260   0x08010260   0x00000096   Code   RO         8804    .emb_text           port.o
    0x080102f6   0x080102f6   0x00000002   PAD
    0x080102f8   0x080102f8   0x00000040   Code   RO            4    .text               startup_stm32f205xx.o
    0x08010338   0x08010338   0x00000002   Code   RO        10464    .text               c_w.l(use_no_semi_2.o)
    0x0801033a   0x0801033a   0x000000ee   Code   RO        10466    .text               c_w.l(lludivv7m.o)
    0x08010428   0x08010428   0x00000026   Code   RO        10468    .text               c_w.l(llshl.o)
    0x0801044e   0x0801044e   0x00000026   Code   RO        10470    .text               c_w.l(llushr.o)
    0x08010474   0x08010474   0x00000080   Code   RO        10472    .text               c_w.l(assert.o)
    0x080104f4   0x080104f4   0x00000058   Code   RO        10474    .text               c_w.l(memcmp.o)
    0x0801054c   0x0801054c   0x0000003e   Code   RO        10476    .text               c_w.l(strlen.o)
    0x0801058a   0x0801058a   0x0000008a   Code   RO        10478    .text               c_w.l(rt_memcpy_v6.o)
    0x08010614   0x08010614   0x00000064   Code   RO        10480    .text               c_w.l(rt_memcpy_w.o)
    0x08010678   0x08010678   0x00000010   Code   RO        10484    .text               c_w.l(aeabi_memset.o)
    0x08010688   0x08010688   0x00000044   Code   RO        10486    .text               c_w.l(rt_memclr.o)
    0x080106cc   0x080106cc   0x0000004e   Code   RO        10488    .text               c_w.l(rt_memclr_w.o)
    0x0801071a   0x0801071a   0x00000006   Code   RO        10490    .text               c_w.l(heapauxi.o)
    0x08010720   0x08010720   0x00000002   Code   RO        10526    .text               c_w.l(use_no_semi.o)
    0x08010722   0x08010722   0x00000016   Code   RO        10533    .text               c_w.l(abort.o)
    0x08010738   0x08010738   0x00000014   Code   RO        10535    .text               c_w.l(assert_puts.o)
    0x0801074c   0x0801074c   0x0000000e   Code   RO        10563    .text               c_w.l(defsig_abrt_outer.o)
    0x0801075a   0x0801075a   0x0000004a   Code   RO        10567    .text               c_w.l(sys_stackheap_outer.o)
    0x080107a4   0x080107a4   0x00000012   Code   RO        10571    .text               c_w.l(exit.o)
    0x080107b6   0x080107b6   0x0000000a   Code   RO        10573    .text               c_w.l(defsig_exit.o)
    0x080107c0   0x080107c0   0x00000030   Code   RO        10575    .text               c_w.l(defsig_abrt_inner.o)
    0x080107f0   0x080107f0   0x00000008   Code   RO        10587    .text               c_w.l(libspace.o)
    0x080107f8   0x080107f8   0x00000032   Code   RO        10594    .text               c_w.l(defsig_general.o)
    0x0801082a   0x0801082a   0x0000000a   Code   RO         9096    i.CAN1_RX0_IRQHandler  can_stm32f2xx.o
    0x08010834   0x08010834   0x0000000a   Code   RO         9097    i.CAN2_RX0_IRQHandler  can_stm32f2xx.o
    0x0801083e   0x0801083e   0x0000000c   Code   RO         9098    i.EXTI15_10_IRQHandler  can_stm32f2xx.o
    0x0801084a   0x0801084a   0x0000000a   Code   RO         9228    i.EXTI3_IRQHandler  system_stm32f2xx_1.o
    0x08010854   0x08010854   0x0000000a   Code   RO         9229    i.EXTI4_IRQHandler  system_stm32f2xx_1.o
    0x0801085e   0x0801085e   0x0000000c   Code   RO         9099    i.EXTI9_5_IRQHandler  can_stm32f2xx.o
    0x0801086a   0x0801086a   0x00000002   PAD
    0x0801086c   0x0801086c   0x0000012c   Code   RO         7698    i.HAL_CAN_ConfigFilter  stm32f2xx_hal_can.o
    0x08010998   0x08010998   0x000001bc   Code   RO         7704    i.HAL_CAN_Init      stm32f2xx_hal_can.o
    0x08010b54   0x08010b54   0x00000002   Code   RO         7706    i.HAL_CAN_MspInit   stm32f2xx_hal_can.o
    0x08010b56   0x08010b56   0x00000092   Code   RO         7710    i.HAL_CAN_Sleep     stm32f2xx_hal_can.o
    0x08010be8   0x08010be8   0x000002b8   Code   RO         7711    i.HAL_CAN_Transmit  stm32f2xx_hal_can.o
    0x08010ea0   0x08010ea0   0x0000008e   Code   RO         7714    i.HAL_CAN_WakeUp    stm32f2xx_hal_can.o
    0x08010f2e   0x08010f2e   0x00000028   Code   RO         1184    i.HAL_DMA_Abort_IT  stm32f2xx_hal_dma.o
    0x08010f56   0x08010f56   0x00000008   Code   RO         1187    i.HAL_DMA_GetState  stm32f2xx_hal_dma.o
    0x08010f5e   0x08010f5e   0x00000002   PAD
    0x08010f60   0x08010f60   0x00000028   Code   RO          240    i.HAL_Delay         stm32f2xx_hal.o
    0x08010f88   0x08010f88   0x00000002   Code   RO         1641    i.HAL_GPIO_EXTI_Callback  stm32f2xx_hal_gpio.o
    0x08010f8a   0x08010f8a   0x00000002   PAD
    0x08010f8c   0x08010f8c   0x0000001c   Code   RO         1642    i.HAL_GPIO_EXTI_IRQHandler  stm32f2xx_hal_gpio.o
    0x08010fa8   0x08010fa8   0x00000208   Code   RO         1643    i.HAL_GPIO_Init     stm32f2xx_hal_gpio.o
    0x080111b0   0x080111b0   0x00000010   Code   RO         1645    i.HAL_GPIO_ReadPin  stm32f2xx_hal_gpio.o
    0x080111c0   0x080111c0   0x00000010   Code   RO         1646    i.HAL_GPIO_TogglePin  stm32f2xx_hal_gpio.o
    0x080111d0   0x080111d0   0x0000000c   Code   RO         1647    i.HAL_GPIO_WritePin  stm32f2xx_hal_gpio.o
    0x080111dc   0x080111dc   0x0000000c   Code   RO          246    i.HAL_GetTick       stm32f2xx_hal.o
    0x080111e8   0x080111e8   0x00000002   Code   RO         1900    i.HAL_I2C_AbortCpltCallback  stm32f2xx_hal_i2c.o
    0x080111ea   0x080111ea   0x00000002   Code   RO         1901    i.HAL_I2C_AddrCallback  stm32f2xx_hal_i2c.o
    0x080111ec   0x080111ec   0x000000ce   Code   RO         1904    i.HAL_I2C_ER_IRQHandler  stm32f2xx_hal_i2c.o
    0x080112ba   0x080112ba   0x000001c4   Code   RO         1905    i.HAL_I2C_EV_IRQHandler  stm32f2xx_hal_i2c.o
    0x0801147e   0x0801147e   0x00000002   Code   RO         1907    i.HAL_I2C_ErrorCallback  stm32f2xx_hal_i2c.o
    0x08011480   0x08011480   0x00000008   Code   RO         1910    i.HAL_I2C_GetState  stm32f2xx_hal_i2c.o
    0x08011488   0x08011488   0x000001b8   Code   RO         1911    i.HAL_I2C_Init      stm32f2xx_hal_i2c.o
    0x08011640   0x08011640   0x00000002   Code   RO         1913    i.HAL_I2C_ListenCpltCallback  stm32f2xx_hal_i2c.o
    0x08011642   0x08011642   0x00000002   Code   RO         1914    i.HAL_I2C_MasterRxCpltCallback  stm32f2xx_hal_i2c.o
    0x08011644   0x08011644   0x00000002   Code   RO         1915    i.HAL_I2C_MasterTxCpltCallback  stm32f2xx_hal_i2c.o
    0x08011646   0x08011646   0x00000002   PAD
    0x08011648   0x08011648   0x00000100   Code   RO         1919    i.HAL_I2C_Master_Receive_IT  stm32f2xx_hal_i2c.o
    0x08011748   0x08011748   0x000000f4   Code   RO         1926    i.HAL_I2C_Master_Transmit_IT  stm32f2xx_hal_i2c.o
    0x0801183c   0x0801183c   0x00000002   Code   RO         1927    i.HAL_I2C_MemRxCpltCallback  stm32f2xx_hal_i2c.o
    0x0801183e   0x0801183e   0x00000002   Code   RO         1928    i.HAL_I2C_MemTxCpltCallback  stm32f2xx_hal_i2c.o
    0x08011840   0x08011840   0x00000002   Code   RO         1936    i.HAL_I2C_MspInit   stm32f2xx_hal_i2c.o
    0x08011842   0x08011842   0x00000002   Code   RO         1937    i.HAL_I2C_SlaveRxCpltCallback  stm32f2xx_hal_i2c.o
    0x08011844   0x08011844   0x00000002   Code   RO         1938    i.HAL_I2C_SlaveTxCpltCallback  stm32f2xx_hal_i2c.o
    0x08011846   0x08011846   0x00000002   PAD
    0x08011848   0x08011848   0x0000003c   Code   RO          253    i.HAL_Init          stm32f2xx_hal.o
    0x08011884   0x08011884   0x0000004c   Code   RO          254    i.HAL_InitTick      stm32f2xx_hal.o
    0x080118d0   0x080118d0   0x00000002   Code   RO          256    i.HAL_MspInit       stm32f2xx_hal.o
    0x080118d2   0x080118d2   0x00000020   Code   RO          703    i.HAL_NVIC_EnableIRQ  stm32f2xx_hal_cortex.o
    0x080118f2   0x080118f2   0x0000007c   Code   RO          709    i.HAL_NVIC_SetPriority  stm32f2xx_hal_cortex.o
    0x0801196e   0x0801196e   0x00000002   PAD
    0x08011970   0x08011970   0x00000028   Code   RO          710    i.HAL_NVIC_SetPriorityGrouping  stm32f2xx_hal_cortex.o
    0x08011998   0x08011998   0x00000020   Code   RO         3548    i.HAL_PWR_EnterSLEEPMode  stm32f2xx_hal_pwr.o
    0x080119b8   0x080119b8   0x00000040   Code   RO         3550    i.HAL_PWR_EnterSTOPMode  stm32f2xx_hal_pwr.o
    0x080119f8   0x080119f8   0x0000018c   Code   RO         3699    i.HAL_RCC_ClockConfig  stm32f2xx_hal_rcc.o
    0x08011b84   0x08011b84   0x0000000c   Code   RO         3704    i.HAL_RCC_GetHCLKFreq  stm32f2xx_hal_rcc.o
    0x08011b90   0x08011b90   0x0000002c   Code   RO         3706    i.HAL_RCC_GetPCLK1Freq  stm32f2xx_hal_rcc.o
    0x08011bbc   0x08011bbc   0x0000002c   Code   RO         3707    i.HAL_RCC_GetPCLK2Freq  stm32f2xx_hal_rcc.o
    0x08011be8   0x08011be8   0x000000b0   Code   RO         3708    i.HAL_RCC_GetSysClockFreq  stm32f2xx_hal_rcc.o
    0x08011c98   0x08011c98   0x0000041a   Code   RO         3711    i.HAL_RCC_OscConfig  stm32f2xx_hal_rcc.o
    0x080120b2   0x080120b2   0x00000012   Code   RO          257    i.HAL_ResumeTick    stm32f2xx_hal.o
    0x080120c4   0x080120c4   0x00000034   Code   RO          714    i.HAL_SYSTICK_Config  stm32f2xx_hal_cortex.o
    0x080120f8   0x080120f8   0x00000012   Code   RO          259    i.HAL_SuspendTick   stm32f2xx_hal.o
    0x0801210a   0x0801210a   0x00000072   Code   RO         6201    i.HAL_UART_Init     stm32f2xx_hal_uart.o
    0x0801217c   0x0801217c   0x00000002   Code   RO         6203    i.HAL_UART_MspInit  stm32f2xx_hal_uart.o
    0x0801217e   0x0801217e   0x000000d6   Code   RO         6209    i.HAL_UART_Transmit  stm32f2xx_hal_uart.o
    0x08012254   0x08012254   0x0000002c   Code   RO         6775    i.HAL_WWDG_Init     stm32f2xx_hal_wwdg.o
    0x08012280   0x08012280   0x00000002   Code   RO         6776    i.HAL_WWDG_MspInit  stm32f2xx_hal_wwdg.o
    0x08012282   0x08012282   0x0000000c   Code   RO         6777    i.HAL_WWDG_Refresh  stm32f2xx_hal_wwdg.o
    0x0801228e   0x0801228e   0x00000002   PAD
    0x08012290   0x08012290   0x00000010   Code   RO         9171    i.I2C1_ER_IRQHandler  i2c_stm32f2xx.o
    0x080122a0   0x080122a0   0x00000010   Code   RO         9172    i.I2C1_EV_IRQHandler  i2c_stm32f2xx.o
    0x080122b0   0x080122b0   0x0000001c   Code   RO         1949    i.I2C_ConvertOtherXferOptions  stm32f2xx_hal_i2c.o
    0x080122cc   0x080122cc   0x00000096   Code   RO         1950    i.I2C_DMAAbort      stm32f2xx_hal_i2c.o
    0x08012362   0x08012362   0x00000002   PAD
    0x08012364   0x08012364   0x00000184   Code   RO         1953    i.I2C_ITError       stm32f2xx_hal_i2c.o
    0x080124e8   0x080124e8   0x00000126   Code   RO         1955    i.I2C_MasterReceive_BTF  stm32f2xx_hal_i2c.o
    0x0801260e   0x0801260e   0x000000a4   Code   RO         1956    i.I2C_MasterReceive_RXNE  stm32f2xx_hal_i2c.o
    0x080126b2   0x080126b2   0x000000a0   Code   RO         1959    i.I2C_MasterTransmit_BTF  stm32f2xx_hal_i2c.o
    0x08012752   0x08012752   0x0000014c   Code   RO         1960    i.I2C_MasterTransmit_TXE  stm32f2xx_hal_i2c.o
    0x0801289e   0x0801289e   0x0000002a   Code   RO         1961    i.I2C_Master_ADD10  stm32f2xx_hal_i2c.o
    0x080128c8   0x080128c8   0x00000268   Code   RO         1962    i.I2C_Master_ADDR   stm32f2xx_hal_i2c.o
    0x08012b30   0x08012b30   0x0000009e   Code   RO         1963    i.I2C_Master_SB     stm32f2xx_hal_i2c.o
    0x08012bce   0x08012bce   0x0000001a   Code   RO         1966    i.I2C_SlaveReceive_BTF  stm32f2xx_hal_i2c.o
    0x08012be8   0x08012be8   0x00000046   Code   RO         1967    i.I2C_SlaveReceive_RXNE  stm32f2xx_hal_i2c.o
    0x08012c2e   0x08012c2e   0x0000001a   Code   RO         1968    i.I2C_SlaveTransmit_BTF  stm32f2xx_hal_i2c.o
    0x08012c48   0x08012c48   0x00000046   Code   RO         1969    i.I2C_SlaveTransmit_TXE  stm32f2xx_hal_i2c.o
    0x08012c8e   0x08012c8e   0x00000066   Code   RO         1970    i.I2C_Slave_ADDR    stm32f2xx_hal_i2c.o
    0x08012cf4   0x08012cf4   0x000000a0   Code   RO         1971    i.I2C_Slave_AF      stm32f2xx_hal_i2c.o
    0x08012d94   0x08012d94   0x0000018c   Code   RO         1972    i.I2C_Slave_STOPF   stm32f2xx_hal_i2c.o
    0x08012f20   0x08012f20   0x00000008   Code   RO         9360    i.LL_USART_ClearFlag_RXNE  uart_stm32f2xx.o
    0x08012f28   0x08012f28   0x00000058   Code   RO           14    i.SystemInit        system_stm32f2xx.o
    0x08012f80   0x08012f80   0x00000324   Code   RO         6228    i.UART_SetConfig    stm32f2xx_hal_uart.o
    0x080132a4   0x080132a4   0x0000006c   Code   RO         6230    i.UART_WaitOnFlagUntilTimeout  stm32f2xx_hal_uart.o
    0x08013310   0x08013310   0x0000000a   Code   RO         9361    i.USART1_IRQHandler  uart_stm32f2xx.o
    0x0801331a   0x0801331a   0x0000000a   Code   RO         9362    i.USART2_IRQHandler  uart_stm32f2xx.o
    0x08013324   0x08013324   0x00000030   Code   RO         9230    i.WWDG_IRQHandler   system_stm32f2xx_1.o
    0x08013354   0x08013354   0x00000010   Code   RO          716    i.__NVIC_GetPriorityGrouping  stm32f2xx_hal_cortex.o
    0x08013364   0x08013364   0x00000028   Code   RO          717    i.__NVIC_SetPriority  stm32f2xx_hal_cortex.o
    0x0801338c   0x0801338c   0x00000004   Code   RO         9019    i._sys_exit         uart.o
    0x08013390   0x08013390   0x00000004   Code   RO         9020    i._ttywrch          uart.o
    0x08013394   0x08013394   0x0000007c   Code   RO         8949    i.accr_sys_mode_trans  i2c.o
    0x08013410   0x08013410   0x00000026   Code   RO         9502    i.bitmask           bitfield.o
    0x08013436   0x08013436   0x00000012   Code   RO         9464    i.bits_to_bytes     bitarray.o
    0x08013448   0x08013448   0x0000002a   Code   RO         9544    i.bytesswap         diag.o
    0x08013472   0x08013472   0x00000002   PAD
    0x08013474   0x08013474   0x0000043a   Code   RO         9101    i.can_init          can_stm32f2xx.o
    0x080138ae   0x080138ae   0x00000002   PAD
    0x080138b0   0x080138b0   0x00000390   Code   RO         9102    i.can_irq_handler   can_stm32f2xx.o
    0x08013c40   0x08013c40   0x000000c8   Code   RO         9103    i.can_pwr_mode_trans  can_stm32f2xx.o
    0x08013d08   0x08013d08   0x00000100   Code   RO         8884    i.can_receive       can.o
    0x08013e08   0x08013e08   0x00000160   Code   RO        10264    i.can_receive_task  rtos.o
    0x08013f68   0x08013f68   0x00000124   Code   RO         9104    i.can_send          can_stm32f2xx.o
    0x0801408c   0x0801408c   0x00000014   Code   RO         9983    i.cancel_max_alarm  osek_nm.o
    0x080140a0   0x080140a0   0x00000014   Code   RO         9984    i.cancel_typical_alarm  osek_nm.o
    0x080140b4   0x080140b4   0x00000080   Code   RO        10265    i.client_receive_callback  rtos.o
    0x08014134   0x08014134   0x00000008   Code   RO         9231    i.clock             system_stm32f2xx_1.o
    0x0801413c   0x0801413c   0x0000028c   Code   RO         9465    i.copy_bits         bitarray.o
    0x080143c8   0x080143c8   0x00000044   Code   RO         9466    i.copy_bits_right_aligned  bitarray.o
    0x0801440c   0x0801440c   0x00000298   Code   RO        10266    i.daemon_task       rtos.o
    0x080146a4   0x080146a4   0x00000002   Code   RO         9021    i.debug             uart.o
    0x080146a6   0x080146a6   0x0000001a   Code   RO         9232    i.delay             system_stm32f2xx_1.o
    0x080146c0   0x080146c0   0x00000002   Code   RO         9575    i.diag_client_app_indication  diag_client.o
    0x080146c2   0x080146c2   0x00000002   PAD
    0x080146c4   0x080146c4   0x0000007c   Code   RO         9577    i.diag_client_init  diag_client.o
    0x08014740   0x08014740   0x000000a8   Code   RO         9578    i.diag_client_poll_response  diag_client.o
    0x080147e8   0x080147e8   0x00000064   Code   RO         9579    i.diag_client_request  diag_client.o
    0x0801484c   0x0801484c   0x0000028c   Code   RO         9623    i.diag_server_app_indication  diag_server.o
    0x08014ad8   0x08014ad8   0x0000003c   Code   RO         9624    i.diag_server_comm_ctrl_rx_enabled  diag_server.o
    0x08014b14   0x08014b14   0x0000003c   Code   RO         9625    i.diag_server_comm_ctrl_tx_enabled  diag_server.o
    0x08014b50   0x08014b50   0x0000013c   Code   RO         9626    i.diag_server_data_init  diag_server.o
    0x08014c8c   0x08014c8c   0x000000fc   Code   RO         9628    i.diag_server_enter_default_session  diag_server.o
    0x08014d88   0x08014d88   0x00000006   Code   RO         9629    i.diag_server_flash_erase_sectors_callback  diag_server.o
    0x08014d8e   0x08014d8e   0x00000006   Code   RO         9630    i.diag_server_flash_program_callback  diag_server.o
    0x08014d94   0x08014d94   0x00000006   Code   RO         9631    i.diag_server_flash_program_verify_callback  diag_server.o
    0x08014d9a   0x08014d9a   0x00000006   Code   RO         9632    i.diag_server_flash_verify_sectors_callback  diag_server.o
    0x08014da0   0x08014da0   0x0000000c   Code   RO        10267    i.diag_server_get_car_status_callback  rtos.o
    0x08014dac   0x08014dac   0x0000008a   Code   RO         9634    i.diag_server_get_did_address  diag_server.o
    0x08014e36   0x08014e36   0x00000002   PAD
    0x08014e38   0x08014e38   0x00000024   Code   RO         9635    i.diag_server_get_did_index  diag_server.o
    0x08014e5c   0x08014e5c   0x00000030   Code   RO        10268    i.diag_server_get_pwr_vol_callback  rtos.o
    0x08014e8c   0x08014e8c   0x0000000c   Code   RO        10269    i.diag_server_get_vehicle_speed_callback  rtos.o
    0x08014e98   0x08014e98   0x000000b0   Code   RO         9638    i.diag_server_indication  diag_server.o
    0x08014f48   0x08014f48   0x0000007c   Code   RO         9639    i.diag_server_init  diag_server.o
    0x08014fc4   0x08014fc4   0x00000020   Code   RO         9640    i.diag_server_is_security_access_level_locked  diag_server.o
    0x08014fe4   0x08014fe4   0x0000002c   Code   RO         9641    i.diag_server_is_spd_in_active_session_mode  diag_server.o
    0x08015010   0x08015010   0x00000340   Code   RO         9642    i.diag_server_on_msg  diag_server.o
    0x08015350   0x08015350   0x00000070   Code   RO         9643    i.diag_server_read_data_by_id  diag_server.o
    0x080153c0   0x080153c0   0x00000250   Code   RO         9644    i.diag_server_request_handler  diag_server.o
    0x08015610   0x08015610   0x00000008   Code   RO        10270    i.diag_server_sys_reset_callback  rtos.o
    0x08015618   0x08015618   0x0000004c   Code   RO        10271    i.diag_server_task  rtos.o
    0x08015664   0x08015664   0x000002b8   Code   RO         9646    i.diag_server_update_dtc  diag_server.o
    0x0801591c   0x0801591c   0x0000007c   Code   RO         9985    i.dispose_alive_message  osek_nm.o
    0x08015998   0x08015998   0x00000002   Code   RO         9986    i.dispose_limphome_message  osek_nm.o
    0x0801599a   0x0801599a   0x00000002   PAD
    0x0801599c   0x0801599c   0x00000070   Code   RO         9987    i.dispose_ring_message  osek_nm.o
    0x08015a0c   0x08015a0c   0x00000510   Code   RO        10272    i.downstream_receive_task  rtos.o
    0x08015f1c   0x08015f1c   0x00000070   Code   RO         8950    i.eeprom_read       i2c.o
    0x08015f8c   0x08015f8c   0x000000c8   Code   RO         8951    i.eeprom_write      i2c.o
    0x08016054   0x08016054   0x0000009c   Code   RO         9422    i.eightbyte_get_bitfield  8byte.o
    0x080160f0   0x080160f0   0x0000001c   Code   RO         9468    i.find_end_bit      bitarray.o
    0x0801610c   0x0801610c   0x00000028   Code   RO         9988    i.find_nm_node      osek_nm.o
    0x08016134   0x08016134   0x000004e0   Code   RO        10145    i.gen_resolve_downstream_to_msg  gen_resolve.o
    0x08016614   0x08016614   0x000000d8   Code   RO        10189    i.gen_resolve_downstream_to_msg_callback  resolve.o
    0x080166ec   0x080166ec   0x00002ae6   Code   RO        10147    i.gen_resolve_msg_to_upstream  gen_resolve.o
    0x080191d2   0x080191d2   0x00000002   PAD
    0x080191d4   0x080191d4   0x00000330   Code   RO        10190    i.gen_resolve_msg_to_upstream_callback  resolve.o
    0x08019504   0x08019504   0x00000058   Code   RO         9503    i.get_bitfield      bitfield.o
    0x0801955c   0x0801955c   0x0000000c   Code   RO         9989    i.get_max_alarm     osek_nm.o
    0x08019568   0x08019568   0x0000000c   Code   RO         9990    i.get_typical_alarm  osek_nm.o
    0x08019574   0x08019574   0x000001f4   Code   RO         9234    i.gpio_init         system_stm32f2xx_1.o
    0x08019768   0x08019768   0x000001c4   Code   RO         9174    i.i2c_master_init   i2c_stm32f2xx.o
    0x0801992c   0x0801992c   0x00000068   Code   RO         8952    i.i2c_master_read   i2c.o
    0x08019994   0x08019994   0x000000bc   Code   RO         9175    i.i2c_master_receive  i2c_stm32f2xx.o
    0x08019a50   0x08019a50   0x000000c0   Code   RO         9176    i.i2c_master_send   i2c_stm32f2xx.o
    0x08019b10   0x08019b10   0x0000015c   Code   RO        10273    i.init              rtos.o
    0x08019c6c   0x08019c6c   0x0000005c   Code   RO         9991    i.insert_nm_node    osek_nm.o
    0x08019cc8   0x08019cc8   0x000001e6   Code   RO         9868    i.isotp_indication  isotp.o
    0x08019eae   0x08019eae   0x00000002   PAD
    0x08019eb0   0x08019eb0   0x00000178   Code   RO         9869    i.isotp_init_link   isotp.o
    0x0801a028   0x0801a028   0x0000000c   Code   RO         9870    i.isotp_ms_to_st_min  isotp.o
    0x0801a034   0x0801a034   0x000000a6   Code   RO         9871    i.isotp_poll        isotp.o
    0x0801a0da   0x0801a0da   0x0000003c   Code   RO         9872    i.isotp_receive     isotp.o
    0x0801a116   0x0801a116   0x00000002   PAD
    0x0801a118   0x0801a118   0x00000090   Code   RO         9873    i.isotp_receive_consecutive_frame  isotp.o
    0x0801a1a8   0x0801a1a8   0x000000f8   Code   RO         9874    i.isotp_receive_first_frame  isotp.o
    0x0801a2a0   0x0801a2a0   0x0000003c   Code   RO         9875    i.isotp_receive_flow_control_frame  isotp.o
    0x0801a2dc   0x0801a2dc   0x00000064   Code   RO         9876    i.isotp_receive_single_frame  isotp.o
    0x0801a340   0x0801a340   0x00000016   Code   RO         9877    i.isotp_send        isotp.o
    0x0801a356   0x0801a356   0x00000002   PAD
    0x0801a358   0x0801a358   0x000000bc   Code   RO         9878    i.isotp_send_consecutive_frame  isotp.o
    0x0801a414   0x0801a414   0x000000a0   Code   RO         9879    i.isotp_send_first_frame  isotp.o
    0x0801a4b4   0x0801a4b4   0x00000050   Code   RO         9880    i.isotp_send_flow_control  isotp.o
    0x0801a504   0x0801a504   0x00000070   Code   RO         9881    i.isotp_send_poll   isotp.o
    0x0801a574   0x0801a574   0x00000098   Code   RO         9882    i.isotp_send_single_frame  isotp.o
    0x0801a60c   0x0801a60c   0x000000c0   Code   RO         9883    i.isotp_send_with_id  isotp.o
    0x0801a6cc   0x0801a6cc   0x0000001a   Code   RO         9884    i.isotp_st_min_to_ms  isotp.o
    0x0801a6e6   0x0801a6e6   0x00000002   PAD
    0x0801a6e8   0x0801a6e8   0x00000020   Code   RO        10447    i.main              main.o
    0x0801a708   0x0801a708   0x00000034   Code   RO         9992    i.make_predecessor_successor  osek_nm.o
    0x0801a73c   0x0801a73c   0x00000008   Code   RO         9993    i.max_timer_function  osek_nm.o
    0x0801a744   0x0801a744   0x0000000e   Code   RO        10274    i.normal_task       rtos.o
    0x0801a752   0x0801a752   0x00000002   PAD
    0x0801a754   0x0801a754   0x00000058   Code   RO         9994    i.osek_nm_indication  osek_nm.o
    0x0801a7ac   0x0801a7ac   0x00000064   Code   RO         9996    i.osek_nm_time_callback  osek_nm.o
    0x0801a810   0x0801a810   0x0000000c   Code   RO         9998    i.presleep_state    osek_nm.o
    0x0801a81c   0x0801a81c   0x00000002   Code   RO         9023    i.print_buf         uart.o
    0x0801a81e   0x0801a81e   0x00000002   PAD
    0x0801a820   0x0801a820   0x00000098   Code   RO         8326    i.prvAddCurrentTaskToDelayedList  tasks.o
    0x0801a8b8   0x0801a8b8   0x000000b4   Code   RO         8327    i.prvAddNewTaskToReadyList  tasks.o
    0x0801a96c   0x0801a96c   0x00000064   Code   RO         8636    i.prvCheckForValidListAndQueue  timers.o
    0x0801a9d0   0x0801a9d0   0x00000048   Code   RO         8328    i.prvCheckTasksWaitingTermination  tasks.o
    0x0801aa18   0x0801aa18   0x0000002a   Code   RO         7992    i.prvCopyDataFromQueue  queue.o
    0x0801aa42   0x0801aa42   0x0000007c   Code   RO         7993    i.prvCopyDataToQueue  queue.o
    0x0801aabe   0x0801aabe   0x00000012   Code   RO         8329    i.prvDeleteTCB      tasks.o
    0x0801aad0   0x0801aad0   0x00000014   Code   RO         7994    i.prvGetDisinheritPriorityAfterTimeout  queue.o
    0x0801aae4   0x0801aae4   0x00000028   Code   RO         8637    i.prvGetNextExpireTime  timers.o
    0x0801ab0c   0x0801ab0c   0x00000038   Code   RO         8766    i.prvHeapInit       heap_2.o
    0x0801ab44   0x0801ab44   0x0000002c   Code   RO         8330    i.prvIdleTask       tasks.o
    0x0801ab70   0x0801ab70   0x0000001c   Code   RO         7995    i.prvInitialiseMutex  queue.o
    0x0801ab8c   0x0801ab8c   0x00000026   Code   RO         7996    i.prvInitialiseNewQueue  queue.o
    0x0801abb2   0x0801abb2   0x000000b4   Code   RO         8331    i.prvInitialiseNewTask  tasks.o
    0x0801ac66   0x0801ac66   0x0000004e   Code   RO         8638    i.prvInitialiseNewTimer  timers.o
    0x0801acb4   0x0801acb4   0x00000068   Code   RO         8332    i.prvInitialiseTaskLists  tasks.o
    0x0801ad1c   0x0801ad1c   0x00000058   Code   RO         8639    i.prvInsertTimerInActiveList  timers.o
    0x0801ad74   0x0801ad74   0x0000001a   Code   RO         7997    i.prvIsQueueEmpty   queue.o
    0x0801ad8e   0x0801ad8e   0x0000001e   Code   RO         7998    i.prvIsQueueFull    queue.o
    0x0801adac   0x0801adac   0x00000064   Code   RO         8640    i.prvProcessExpiredTimer  timers.o
    0x0801ae10   0x0801ae10   0x000000f4   Code   RO         8641    i.prvProcessReceivedCommands  timers.o
    0x0801af04   0x0801af04   0x00000074   Code   RO         8642    i.prvProcessTimerOrBlockTask  timers.o
    0x0801af78   0x0801af78   0x00000034   Code   RO         8333    i.prvResetNextTaskUnblockTime  tasks.o
    0x0801afac   0x0801afac   0x0000002c   Code   RO         8643    i.prvSampleTimeNow  timers.o
    0x0801afd8   0x0801afd8   0x000000a0   Code   RO         8644    i.prvSwitchTimerLists  timers.o
    0x0801b078   0x0801b078   0x00000040   Code   RO         8805    i.prvTaskExitError  port.o
    0x0801b0b8   0x0801b0b8   0x0000001a   Code   RO         8645    i.prvTimerTask      timers.o
    0x0801b0d2   0x0801b0d2   0x0000007e   Code   RO         7999    i.prvUnlockQueue    queue.o
    0x0801b150   0x0801b150   0x000000c0   Code   RO         8767    i.pvPortMalloc      heap_2.o
    0x0801b210   0x0801b210   0x00000020   Code   RO         8335    i.pvTaskIncrementMutexHeldCount  tasks.o
    0x0801b230   0x0801b230   0x00000064   Code   RO         9235    i.pwr_mode_trans    system_stm32f2xx_1.o
    0x0801b294   0x0801b294   0x00000024   Code   RO         8806    i.pxPortInitialiseStack  port.o
    0x0801b2b8   0x0801b2b8   0x0000014c   Code   RO         9647    i.request_clear_diag_info_handler  diag_server.o
    0x0801b404   0x0801b404   0x000000e4   Code   RO         9648    i.request_comm_ctrl_handler  diag_server.o
    0x0801b4e8   0x0801b4e8   0x00000038   Code   RO         9649    i.request_ctrl_dtc_setting_handler  diag_server.o
    0x0801b520   0x0801b520   0x000000e4   Code   RO         9650    i.request_download_handler  diag_server.o
    0x0801b604   0x0801b604   0x00000038   Code   RO         9651    i.request_ecu_reset_handler  diag_server.o
    0x0801b63c   0x0801b63c   0x000000f8   Code   RO         9652    i.request_read_by_did_handler  diag_server.o
    0x0801b734   0x0801b734   0x00000284   Code   RO         9653    i.request_read_dtc_info_handler  diag_server.o
    0x0801b9b8   0x0801b9b8   0x00000250   Code   RO         9654    i.request_routine_ctrl_handler  diag_server.o
    0x0801bc08   0x0801bc08   0x00000344   Code   RO         9655    i.request_security_access_handler  diag_server.o
    0x0801bf4c   0x0801bf4c   0x000000d0   Code   RO         9656    i.request_session_ctrl_handler  diag_server.o
    0x0801c01c   0x0801c01c   0x000000f4   Code   RO         9657    i.request_transfer_data_handler  diag_server.o
    0x0801c110   0x0801c110   0x0000004c   Code   RO         9658    i.request_transfer_exit_handler  diag_server.o
    0x0801c15c   0x0801c15c   0x000000f0   Code   RO         9659    i.request_write_by_did_handler  diag_server.o
    0x0801c24c   0x0801c24c   0x0000004c   Code   RO         9236    i.reset             system_stm32f2xx_1.o
    0x0801c298   0x0801c298   0x0000006c   Code   RO        10000    i.reset_nm_state    osek_nm.o
    0x0801c304   0x0801c304   0x00000098   Code   RO        10192    i.resolve_downstream_to_msg  resolve.o
    0x0801c39c   0x0801c39c   0x00000084   Code   RO        10193    i.resolve_get_upstream  resolve.o
    0x0801c420   0x0801c420   0x0000003c   Code   RO        10194    i.resolve_get_upstream_item  resolve.o
    0x0801c45c   0x0801c45c   0x00000034   Code   RO        10195    i.resolve_init      resolve.o
    0x0801c490   0x0801c490   0x00000050   Code   RO        10196    i.resolve_msg_to_upstream  resolve.o
    0x0801c4e0   0x0801c4e0   0x00000128   Code   RO        10275    i.rtos_start        rtos.o
    0x0801c608   0x0801c608   0x0000001c   Code   RO        10001    i.send_alive_message  osek_nm.o
    0x0801c624   0x0801c624   0x00000022   Code   RO        10003    i.send_nm_message   osek_nm.o
    0x0801c646   0x0801c646   0x00000036   Code   RO        10004    i.send_ring_message  osek_nm.o
    0x0801c67c   0x0801c67c   0x00000080   Code   RO        10276    i.server_receive_callback  rtos.o
    0x0801c6fc   0x0801c6fc   0x0000005a   Code   RO         9506    i.set_bitfield      bitfield.o
    0x0801c756   0x0801c756   0x00000002   PAD
    0x0801c758   0x0801c758   0x00000018   Code   RO        10005    i.set_max_alarm     osek_nm.o
    0x0801c770   0x0801c770   0x00000018   Code   RO        10006    i.set_typical_alarm  osek_nm.o
    0x0801c788   0x0801c788   0x0000004e   Code   RO         9237    i.sys_clk_config    system_stm32f2xx_1.o
    0x0801c7d6   0x0801c7d6   0x0000000e   Code   RO         9238    i.sys_init          system_stm32f2xx_1.o
    0x0801c7e4   0x0801c7e4   0x000000d4   Code   RO        10277    i.timer_callback    rtos.o
    0x0801c8b8   0x0801c8b8   0x00000078   Code   RO        10278    i.transmit_callback  rtos.o
    0x0801c930   0x0801c930   0x00000054   Code   RO        10007    i.typical_timer_function  osek_nm.o
    0x0801c984   0x0801c984   0x00000214   Code   RO         9364    i.uart_init         uart_stm32f2xx.o
    0x0801cb98   0x0801cb98   0x0000009c   Code   RO         9365    i.uart_irq_handler  uart_stm32f2xx.o
    0x0801cc34   0x0801cc34   0x000000c0   Code   RO         9024    i.uart_receive      uart.o
    0x0801ccf4   0x0801ccf4   0x00000108   Code   RO         9025    i.uart_receive_with_format_polling  uart.o
    0x0801cdfc   0x0801cdfc   0x000000ac   Code   RO         9366    i.uart_send         uart_stm32f2xx.o
    0x0801cea8   0x0801cea8   0x000000ac   Code   RO         9026    i.uart_send_with_format  uart.o
    0x0801cf54   0x0801cf54   0x00000028   Code   RO         7952    i.uxListRemove      list.o
    0x0801cf7c   0x0801cf7c   0x0000000c   Code   RO        10280    i.vApplicationIdleHook  rtos.o
    0x0801cf88   0x0801cf88   0x0000002c   Code   RO        10281    i.vApplicationMallocFailedHook  rtos.o
    0x0801cfb4   0x0801cfb4   0x0000002c   Code   RO        10282    i.vApplicationStackOverflowHook  rtos.o
    0x0801cfe0   0x0801cfe0   0x00000002   Code   RO        10283    i.vApplicationTickHook  rtos.o
    0x0801cfe2   0x0801cfe2   0x0000001a   Code   RO         7953    i.vListInitialise   list.o
    0x0801cffc   0x0801cffc   0x00000006   Code   RO         7954    i.vListInitialiseItem  list.o
    0x0801d002   0x0801d002   0x00000034   Code   RO         7955    i.vListInsert       list.o
    0x0801d036   0x0801d036   0x00000018   Code   RO         7956    i.vListInsertEnd    list.o
    0x0801d04e   0x0801d04e   0x00000002   PAD
    0x0801d050   0x0801d050   0x00000054   Code   RO         8808    i.vPortEnterCritical  port.o
    0x0801d0a4   0x0801d0a4   0x0000003c   Code   RO         8809    i.vPortExitCritical  port.o
    0x0801d0e0   0x0801d0e0   0x00000040   Code   RO         8768    i.vPortFree         heap_2.o
    0x0801d120   0x0801d120   0x00000028   Code   RO         8810    i.vPortSetupTimerInterrupt  port.o
    0x0801d148   0x0801d148   0x00000078   Code   RO         8811    i.vPortValidateInterruptPriority  port.o
    0x0801d1c0   0x0801d1c0   0x0000002c   Code   RO         8003    i.vQueueAddToRegistry  queue.o
    0x0801d1ec   0x0801d1ec   0x0000004a   Code   RO         8006    i.vQueueWaitForMessageRestricted  queue.o
    0x0801d236   0x0801d236   0x00000002   PAD
    0x0801d238   0x0801d238   0x0000005c   Code   RO         8341    i.vTaskDelay        tasks.o
    0x0801d294   0x0801d294   0x00000018   Code   RO         8345    i.vTaskInternalSetTimeOutState  tasks.o
    0x0801d2ac   0x0801d2ac   0x0000000c   Code   RO         8346    i.vTaskMissedYield  tasks.o
    0x0801d2b8   0x0801d2b8   0x00000038   Code   RO         8348    i.vTaskPlaceOnEventList  tasks.o
    0x0801d2f0   0x0801d2f0   0x00000040   Code   RO         8349    i.vTaskPlaceOnEventListRestricted  tasks.o
    0x0801d330   0x0801d330   0x000000f4   Code   RO         8351    i.vTaskPriorityDisinheritAfterTimeout  tasks.o
    0x0801d424   0x0801d424   0x00000094   Code   RO         8356    i.vTaskStartScheduler  tasks.o
    0x0801d4b8   0x0801d4b8   0x00000010   Code   RO         8358    i.vTaskSuspendAll   tasks.o
    0x0801d4c8   0x0801d4c8   0x000000c4   Code   RO         8359    i.vTaskSwitchContext  tasks.o
    0x0801d58c   0x0801d58c   0x00000060   Code   RO         9240    i.wdog_enable       system_stm32f2xx_1.o
    0x0801d5ec   0x0801d5ec   0x00000010   Code   RO         9241    i.wdog_refresh      system_stm32f2xx_1.o
    0x0801d5fc   0x0801d5fc   0x0000000c   Code   RO         8770    i.xPortGetFreeHeapSize  heap_2.o
    0x0801d608   0x0801d608   0x000000f8   Code   RO         8812    i.xPortStartScheduler  port.o
    0x0801d700   0x0801d700   0x00000022   Code   RO         8008    i.xQueueCreateMutex  queue.o
    0x0801d722   0x0801d722   0x00000058   Code   RO         8009    i.xQueueGenericCreate  queue.o
    0x0801d77a   0x0801d77a   0x00000002   PAD
    0x0801d77c   0x0801d77c   0x00000098   Code   RO         8010    i.xQueueGenericReset  queue.o
    0x0801d814   0x0801d814   0x000001a8   Code   RO         8011    i.xQueueGenericSend  queue.o
    0x0801d9bc   0x0801d9bc   0x000000f8   Code   RO         8012    i.xQueueGenericSendFromISR  queue.o
    0x0801dab4   0x0801dab4   0x00000048   Code   RO         8014    i.xQueueGiveMutexRecursive  queue.o
    0x0801dafc   0x0801dafc   0x00000168   Code   RO         8019    i.xQueueReceive     queue.o
    0x0801dc64   0x0801dc64   0x000001b8   Code   RO         8021    i.xQueueSemaphoreTake  queue.o
    0x0801de1c   0x0801de1c   0x0000004e   Code   RO         8022    i.xQueueTakeMutexRecursive  queue.o
    0x0801de6a   0x0801de6a   0x00000002   PAD
    0x0801de6c   0x0801de6c   0x0000008c   Code   RO         8360    i.xTaskCheckForTimeOut  tasks.o
    0x0801def8   0x0801def8   0x00000060   Code   RO         8361    i.xTaskCreate       tasks.o
    0x0801df58   0x0801df58   0x0000000c   Code   RO         8364    i.xTaskGetCurrentTaskHandle  tasks.o
    0x0801df64   0x0801df64   0x00000020   Code   RO         8365    i.xTaskGetSchedulerState  tasks.o
    0x0801df84   0x0801df84   0x0000000c   Code   RO         8366    i.xTaskGetTickCount  tasks.o
    0x0801df90   0x0801df90   0x00000154   Code   RO         8368    i.xTaskIncrementTick  tasks.o
    0x0801e0e4   0x0801e0e4   0x000000c8   Code   RO         8371    i.xTaskPriorityDisinherit  tasks.o
    0x0801e1ac   0x0801e1ac   0x000000c8   Code   RO         8372    i.xTaskPriorityInherit  tasks.o
    0x0801e274   0x0801e274   0x00000098   Code   RO         8373    i.xTaskRemoveFromEventList  tasks.o
    0x0801e30c   0x0801e30c   0x00000104   Code   RO         8374    i.xTaskResumeAll    tasks.o
    0x0801e410   0x0801e410   0x00000030   Code   RO         8648    i.xTimerCreate      timers.o
    0x0801e440   0x0801e440   0x00000058   Code   RO         8649    i.xTimerCreateTimerTask  timers.o
    0x0801e498   0x0801e498   0x00000084   Code   RO         8650    i.xTimerGenericCommand  timers.o
    0x0801e51c   0x0801e51c   0x0000005a   Code   RO        10494    x$fpl$dfixu         fz_ws.l(dfixu.o)
    0x0801e576   0x0801e576   0x00000026   Code   RO        10498    x$fpl$dfltu         fz_ws.l(dflt_clz.o)
    0x0801e59c   0x0801e59c   0x00000154   Code   RO        10504    x$fpl$dmul          fz_ws.l(dmul.o)
    0x0801e6f0   0x0801e6f0   0x0000009c   Code   RO        10537    x$fpl$dnaninf       fz_ws.l(dnaninf.o)
    0x0801e78c   0x0801e78c   0x0000000c   Code   RO        10539    x$fpl$dretinf       fz_ws.l(dretinf.o)
    0x0801e798   0x0801e798   0x000000c4   Code   RO        10506    x$fpl$fadd          fz_ws.l(faddsub_clz.o)
    0x0801e85c   0x0801e85c   0x00000030   Code   RO        10517    x$fpl$fflt          fz_ws.l(fflt_clz.o)
    0x0801e88c   0x0801e88c   0x00000060   Code   RO        10522    x$fpl$ffltll        fz_ws.l(ffltll_clz.o)
    0x0801e8ec   0x0801e8ec   0x00000102   Code   RO        10524    x$fpl$fmul          fz_ws.l(fmul.o)
    0x0801e9ee   0x0801e9ee   0x0000008c   Code   RO        10541    x$fpl$fnaninf       fz_ws.l(fnaninf.o)
    0x0801ea7a   0x0801ea7a   0x0000000a   Code   RO        10543    x$fpl$fretinf       fz_ws.l(fretinf.o)
    0x0801ea84   0x0801ea84   0x000000ea   Code   RO        10508    x$fpl$fsub          fz_ws.l(faddsub_clz.o)
    0x0801eb6e   0x0801eb6e   0x00000002   PAD
    0x0801eb70   0x0801eb70   0x0000005c   Code   RO        10512    x$fpl$llufromf      fz_ws.l(ffixull.o)
    0x0801ebcc   0x0801ebcc   0x00000000   Code   RO        10545    x$fpl$usenofp       fz_ws.l(usenofp.o)
    0x0801ebcc   0x0801ebcc   0x00000018   Data   RO           15    .constdata          system_stm32f2xx.o
    0x0801ebe4   0x0801ebe4   0x00000012   Data   RO         9469    .constdata          bitarray.o
    0x0801ebf6   0x0801ebf6   0x00000002   PAD
    0x0801ebf8   0x0801ebf8   0x00000248   Data   RO        10149    .constdata          gen_resolve.o
    0x0801ee40   0x0801ee40   0x00000144   Data   RO        10286    .constdata          rtos.o
    0x0801ef84   0x0801ef84   0x00000052   Data   RO         9885    .conststring        isotp.o
    0x0801efd6   0x0801efd6   0x00000002   PAD
    0x0801efd8   0x0801efd8   0x00000020   Data   RO        10702    Region$$Table       anon$$obj.o


    Execution Region RW_IRAM1 (Exec base: 0x20000000, Load base: 0x0801eff8, Size: 0x0000a1b8, Max: 0x00020000, ABSOLUTE, COMPRESSED[0x000003f4])

    Exec Addr    Load Addr    Size         Type   Attr      Idx    E Section Name        Object

    0x20000000   COMPRESSED   0x00000004   Data   RW           16    .data               system_stm32f2xx.o
    0x20000004   COMPRESSED   0x00000009   Data   RW          260    .data               stm32f2xx_hal.o
    0x2000000d   COMPRESSED   0x00000003   PAD
    0x20000010   COMPRESSED   0x0000003c   Data   RW         8377    .data               tasks.o
    0x2000004c   COMPRESSED   0x00000014   Data   RW         8656    .data               timers.o
    0x20000060   COMPRESSED   0x00000018   Data   RW         8772    .data               heap_2.o
    0x20000078   COMPRESSED   0x0000000c   Data   RW         8814    .data               port.o
    0x20000084   COMPRESSED   0x000000dc   Data   RW         9106    .data               can_stm32f2xx.o
    0x20000160   COMPRESSED   0x00000064   Data   RW         9177    .data               i2c_stm32f2xx.o
    0x200001c4   COMPRESSED   0x000000a8   Data   RW         9368    .data               uart_stm32f2xx.o
    0x2000026c   COMPRESSED   0x0000064e   Data   RW         9661    .data               diag_server.o
    0x200008ba   COMPRESSED   0x00000002   PAD
    0x200008bc   COMPRESSED   0x00000012   Data   RW        10010    .data               osek_nm.o
    0x200008ce   COMPRESSED   0x00000002   PAD
    0x200008d0   COMPRESSED   0x000001a9   Data   RW        10199    .data               resolve.o
    0x20000a79   COMPRESSED   0x00000003   PAD
    0x20000a7c   COMPRESSED   0x00000032   Data   RW        10287    .data               rtos.o
    0x20000aae   COMPRESSED   0x00000002   PAD
    0x20000ab0   COMPRESSED   0x00000004   Data   RW        10448    .data               main.o
    0x20000ab4        -       0x00000040   Zero   RW         8023    .bss                queue.o
    0x20000af4        -       0x00000104   Zero   RW         8376    .bss                tasks.o
    0x20000bf8        -       0x00000028   Zero   RW         8655    .bss                timers.o
    0x20000c20        -       0x000061a8   Zero   RW         8771    .bss                heap_2.o
    0x20006dc8        -       0x000001c0   Zero   RW         9105    .bss                can_stm32f2xx.o
    0x20006f88        -       0x00000014   Zero   RW         9242    .bss                system_stm32f2xx_1.o
    0x20006f9c        -       0x000007d0   Zero   RW         9367    .bss                uart_stm32f2xx.o
    0x2000776c        -       0x00000543   Zero   RW         9660    .bss                diag_server.o
    0x20007caf        -       0x00000028   Zero   RW        10008    .bss                osek_nm.o
    0x20007cd7        -       0x0000000f   Zero   RW        10198    .bss                resolve.o
    0x20007ce6   COMPRESSED   0x00000002   PAD
    0x20007ce8        -       0x00001e70   Zero   RW        10285    .bss                rtos.o
    0x20009b58        -       0x00000060   Zero   RW        10588    .bss                c_w.l(libspace.o)
    0x20009bb8        -       0x00000200   Zero   RW            2    HEAP                startup_stm32f205xx.o
    0x20009db8        -       0x00000400   Zero   RW            1    STACK               startup_stm32f205xx.o


==============================================================================

Image component sizes


      Code (inc. data)   RO Data    RW Data    ZI Data      Debug   Object Name

       156          0          0          0          0       1897   8byte.o
       766          8         18          0          0       4749   bitarray.o
       216          0          0          0          0       2652   bitfield.o
       256         84          0          0          0       4591   can.o
      2530        334          0        220        448       6727   can_stm32f2xx.o
         0          0          0          0          0       7616   croutine.o
        42          0          0          0          0       2532   diag.o
       394        180          0          0          0       3417   diag_client.o
      8134        798          0       1614       1347      30574   diag_server.o
         0          0          0          0          0      12196   event_groups.o
     12230        382        584          0          0      51938   gen_resolve.o
       324         44          0         24      25000       4782   heap_2.o
       540        124          0          0          0       3073   i2c.o
       864        262          0        100          0       4353   i2c_stm32f2xx.o
      2584        650         82          0          0      16310   isotp.o
       148          0          0          0          0       3846   list.o
        32          6          0          4          0        635   main.o
      1050        194          0         18         40      11194   osek_nm.o
       802         72          0         12          0      11227   port.o
      2448         26          0          0         64      22582   queue.o
      1508        212          0        425         15       7440   resolve.o
      3816        716        324         50       7792      14433   rtos.o
        64         26        388          0       1536        796   startup_stm32f205xx.o
       226         30          0          9          0      10588   stm32f2xx_hal.o
      1730         18          0          0          0       5764   stm32f2xx_hal_can.o
       304         22          0          0          0      31563   stm32f2xx_hal_cortex.o
        48          0          0          0          0       1970   stm32f2xx_hal_dma.o
       594         54          0          0          0       5068   stm32f2xx_hal_gpio.o
      4810         60          0          0          0      26679   stm32f2xx_hal_i2c.o
        96         14          0          0          0       1301   stm32f2xx_hal_pwr.o
      1722         76          0          0          0       5892   stm32f2xx_hal_rcc.o
      1242          8          0          0          0       4587   stm32f2xx_hal_uart.o
        58          0          0          0          0       2454   stm32f2xx_hal_wwdg.o
         0          0          0          0          0        392   stream_buffer.o
        88         22         24          4          0     598247   system_stm32f2xx.o
       982         52          0          0         20      38920   system_stm32f2xx_1.o
      3130        388          0         60        260      26935   tasks.o
      1264        116          0         20         40      20982   timers.o
       640        188          0          0          0       4673   uart.o
       888        202          0        168       2000      17072   uart_stm32f2xx.o

    ----------------------------------------------------------------------
     56778       5368       1456       2740      38564    1032647   Object Totals
         0          0         32          0          0          0   (incl. Generated)
        52          0          4         12          2          0   (incl. Padding)

    ----------------------------------------------------------------------

      Code (inc. data)   RO Data    RW Data    ZI Data      Debug   Library Member Name

        90          0          0          0          0          0   __dczerorl2.o
         8          0          0          0          0         68   __main.o
         0          0          0          0          0          0   __rtentry.o
        12          0          0          0          0          0   __rtentry2.o
         6          0          0          0          0          0   __rtentry4.o
        52          8          0          0          0          0   __scatter.o
        28          0          0          0          0          0   __scatter_zi.o
        22          0          0          0          0         80   abort.o
        16          0          0          0          0         68   aeabi_memset.o
       128         42          0          0          0         76   assert.o
        20          0          0          0          0         76   assert_puts.o
        48         34          0          0          0         76   defsig_abrt_inner.o
        14          0          0          0          0         80   defsig_abrt_outer.o
        10          0          0          0          0         68   defsig_exit.o
        50          0          0          0          0         88   defsig_general.o
        18          0          0          0          0         80   exit.o
         6          0          0          0          0        152   heapauxi.o
         2          0          0          0          0          0   libinit.o
         2          0          0          0          0          0   libinit2.o
         2          0          0          0          0          0   libshutdown.o
         2          0          0          0          0          0   libshutdown2.o
         8          4          0          0         96         68   libspace.o
        38          0          0          0          0         68   llshl.o
       238          0          0          0          0        100   lludivv7m.o
        38          0          0          0          0         68   llushr.o
        88          0          0          0          0         76   memcmp.o
        68          0          0          0          0         68   rt_memclr.o
        78          0          0          0          0         80   rt_memclr_w.o
       138          0          0          0          0         68   rt_memcpy_v6.o
       100          0          0          0          0         80   rt_memcpy_w.o
         2          0          0          0          0          0   rtexit.o
        10          0          0          0          0          0   rtexit2.o
        62          0          0          0          0         76   strlen.o
        74          0          0          0          0         80   sys_stackheap_outer.o
         2          0          0          0          0         68   use_no_semi.o
         2          0          0          0          0         68   use_no_semi_2.o
        90          4          0          0          0         92   dfixu.o
        38          0          0          0          0         68   dflt_clz.o
       340         12          0          0          0        104   dmul.o
       156          4          0          0          0         92   dnaninf.o
        12          0          0          0          0         68   dretinf.o
       430          8          0          0          0        168   faddsub_clz.o
        92          4          0          0          0         84   ffixull.o
        48          0          0          0          0         68   fflt_clz.o
        96          0          0          0          0         84   ffltll_clz.o
       258          4          0          0          0         84   fmul.o
       140          4          0          0          0         84   fnaninf.o
        10          0          0          0          0         68   fretinf.o
         0          0          0          0          0          0   usenofp.o

    ----------------------------------------------------------------------
      3198        128          0          0         96       2944   Library Totals
         6          0          0          0          0          0   (incl. Padding)

    ----------------------------------------------------------------------

      Code (inc. data)   RO Data    RW Data    ZI Data      Debug   Library Name

      1482         88          0          0         96       1880   c_w.l
      1710         40          0          0          0       1064   fz_ws.l

    ----------------------------------------------------------------------
      3198        128          0          0         96       2944   Library Totals

    ----------------------------------------------------------------------

==============================================================================


      Code (inc. data)   RO Data    RW Data    ZI Data      Debug   

     59976       5496       1456       2740      38660    1018011   Grand Totals
     59976       5496       1456       1012      38660    1018011   ELF Image Totals (compressed)
     59976       5496       1456       1012          0          0   ROM Totals

==============================================================================

    Total RO  Size (Code + RO Data)                61432 (  59.99kB)
    Total RW  Size (RW Data + ZI Data)             41400 (  40.43kB)
    Total ROM Size (Code + RO Data + RW Data)      62444 (  60.98kB)

==============================================================================

