Component: ARM Compiler 5.06 update 6 (build 750) Tool: armlink [4d35ed]

==============================================================================

Section Cross References

    startup_stm32f205xx.o(STACK) refers (Special) to heapauxi.o(.text) for __use_two_region_memory
    startup_stm32f205xx.o(HEAP) refers (Special) to heapauxi.o(.text) for __use_two_region_memory
    startup_stm32f205xx.o(RESET) refers (Special) to heapauxi.o(.text) for __use_two_region_memory
    startup_stm32f205xx.o(RESET) refers to startup_stm32f205xx.o(STACK) for __initial_sp
    startup_stm32f205xx.o(RESET) refers to startup_stm32f205xx.o(.text) for Reset_Handler
    startup_stm32f205xx.o(RESET) refers to port.o(.emb_text) for SVC_Handler
    startup_stm32f205xx.o(RESET) refers to board_stm32f2xx.o(i.SysTick_Handler) for SysTick_Handler
    startup_stm32f205xx.o(RESET) refers to board_stm32f2xx.o(i.WWDG_IRQHandler) for WWDG_IRQHandler
    startup_stm32f205xx.o(RESET) refers to board_stm32f2xx.o(i.EXTI3_IRQHandler) for EXTI3_IRQHandler
    startup_stm32f205xx.o(RESET) refers to board_stm32f2xx.o(i.EXTI4_IRQHandler) for EXTI4_IRQHandler
    startup_stm32f205xx.o(RESET) refers to can_stm32f2xx.o(i.CAN1_RX0_IRQHandler) for CAN1_RX0_IRQHandler
    startup_stm32f205xx.o(RESET) refers to can_stm32f2xx.o(i.EXTI9_5_IRQHandler) for EXTI9_5_IRQHandler
    startup_stm32f205xx.o(RESET) refers to i2c_stm32f2xx.o(i.I2C1_EV_IRQHandler) for I2C1_EV_IRQHandler
    startup_stm32f205xx.o(RESET) refers to i2c_stm32f2xx.o(i.I2C1_ER_IRQHandler) for I2C1_ER_IRQHandler
    startup_stm32f205xx.o(RESET) refers to uart_stm32f2xx.o(i.USART1_IRQHandler) for USART1_IRQHandler
    startup_stm32f205xx.o(RESET) refers to uart_stm32f2xx.o(i.USART2_IRQHandler) for USART2_IRQHandler
    startup_stm32f205xx.o(RESET) refers to can_stm32f2xx.o(i.EXTI15_10_IRQHandler) for EXTI15_10_IRQHandler
    startup_stm32f205xx.o(RESET) refers to can_stm32f2xx.o(i.CAN2_RX0_IRQHandler) for CAN2_RX0_IRQHandler
    startup_stm32f205xx.o(.text) refers (Special) to heapauxi.o(.text) for __use_two_region_memory
    startup_stm32f205xx.o(.text) refers to system_stm32f2xx.o(i.SystemInit) for SystemInit
    startup_stm32f205xx.o(.text) refers to __main.o(!!!main) for __main
    startup_stm32f205xx.o(.text) refers to startup_stm32f205xx.o(HEAP) for Heap_Mem
    startup_stm32f205xx.o(.text) refers to startup_stm32f205xx.o(STACK) for Stack_Mem
    system_stm32f2xx.o(i.SystemCoreClockUpdate) refers to system_stm32f2xx.o(.data) for SystemCoreClock
    system_stm32f2xx.o(i.SystemCoreClockUpdate) refers to system_stm32f2xx.o(.constdata) for AHBPrescTable
    stm32f2xx_hal.o(i.HAL_DeInit) refers to stm32f2xx_hal.o(i.HAL_MspDeInit) for HAL_MspDeInit
    stm32f2xx_hal.o(i.HAL_Delay) refers to stm32f2xx_hal.o(i.HAL_GetTick) for HAL_GetTick
    stm32f2xx_hal.o(i.HAL_Delay) refers to stm32f2xx_hal.o(.data) for uwTickFreq
    stm32f2xx_hal.o(i.HAL_GetTick) refers to stm32f2xx_hal.o(.data) for uwTick
    stm32f2xx_hal.o(i.HAL_GetTickFreq) refers to stm32f2xx_hal.o(.data) for uwTickFreq
    stm32f2xx_hal.o(i.HAL_GetTickPrio) refers to stm32f2xx_hal.o(.data) for uwTickPrio
    stm32f2xx_hal.o(i.HAL_IncTick) refers to stm32f2xx_hal.o(.data) for uwTick
    stm32f2xx_hal.o(i.HAL_Init) refers to stm32f2xx_hal_cortex.o(i.HAL_NVIC_SetPriorityGrouping) for HAL_NVIC_SetPriorityGrouping
    stm32f2xx_hal.o(i.HAL_Init) refers to stm32f2xx_hal.o(i.HAL_InitTick) for HAL_InitTick
    stm32f2xx_hal.o(i.HAL_Init) refers to stm32f2xx_hal.o(i.HAL_MspInit) for HAL_MspInit
    stm32f2xx_hal.o(i.HAL_InitTick) refers to stm32f2xx_hal_cortex.o(i.HAL_SYSTICK_Config) for HAL_SYSTICK_Config
    stm32f2xx_hal.o(i.HAL_InitTick) refers to stm32f2xx_hal_cortex.o(i.HAL_NVIC_SetPriority) for HAL_NVIC_SetPriority
    stm32f2xx_hal.o(i.HAL_InitTick) refers to stm32f2xx_hal.o(.data) for uwTickFreq
    stm32f2xx_hal.o(i.HAL_InitTick) refers to system_stm32f2xx.o(.data) for SystemCoreClock
    stm32f2xx_hal.o(i.HAL_SetTickFreq) refers to stm32f2xx_hal.o(i.HAL_InitTick) for HAL_InitTick
    stm32f2xx_hal.o(i.HAL_SetTickFreq) refers to stm32f2xx_hal.o(.data) for uwTickFreq
    stm32f2xx_hal_adc.o(i.ADC_DMAConvCplt) refers to stm32f2xx_hal_adc.o(i.HAL_ADC_ConvCpltCallback) for HAL_ADC_ConvCpltCallback
    stm32f2xx_hal_adc.o(i.ADC_DMAConvCplt) refers to stm32f2xx_hal_adc.o(i.HAL_ADC_ErrorCallback) for HAL_ADC_ErrorCallback
    stm32f2xx_hal_adc.o(i.ADC_DMAError) refers to stm32f2xx_hal_adc.o(i.HAL_ADC_ErrorCallback) for HAL_ADC_ErrorCallback
    stm32f2xx_hal_adc.o(i.ADC_DMAHalfConvCplt) refers to stm32f2xx_hal_adc.o(i.HAL_ADC_ConvHalfCpltCallback) for HAL_ADC_ConvHalfCpltCallback
    stm32f2xx_hal_adc.o(i.HAL_ADC_ConfigChannel) refers to system_stm32f2xx.o(.data) for SystemCoreClock
    stm32f2xx_hal_adc.o(i.HAL_ADC_DeInit) refers to stm32f2xx_hal_adc.o(i.HAL_ADC_MspDeInit) for HAL_ADC_MspDeInit
    stm32f2xx_hal_adc.o(i.HAL_ADC_IRQHandler) refers to stm32f2xx_hal_adc.o(i.HAL_ADC_ConvCpltCallback) for HAL_ADC_ConvCpltCallback
[...]
    DMA2_Stream6_IRQHandler                  0x08010313   Thumb Code     0  startup_stm32f205xx.o(.text)
    DMA2_Stream7_IRQHandler                  0x08010313   Thumb Code     0  startup_stm32f205xx.o(.text)
    EXTI0_IRQHandler                         0x08010313   Thumb Code     0  startup_stm32f205xx.o(.text)
    EXTI1_IRQHandler                         0x08010313   Thumb Code     0  startup_stm32f205xx.o(.text)
    EXTI2_IRQHandler                         0x08010313   Thumb Code     0  startup_stm32f205xx.o(.text)
    FLASH_IRQHandler                         0x08010313   Thumb Code     0  startup_stm32f205xx.o(.text)
    FSMC_IRQHandler                          0x08010313   Thumb Code     0  startup_stm32f205xx.o(.text)
    HASH_RNG_IRQHandler                      0x08010313   Thumb Code     0  startup_stm32f205xx.o(.text)
    I2C2_ER_IRQHandler                       0x08010313   Thumb Code     0  startup_stm32f205xx.o(.text)
    I2C2_EV_IRQHandler                       0x08010313   Thumb Code     0  startup_stm32f205xx.o(.text)
    I2C3_ER_IRQHandler                       0x08010313   Thumb Code     0  startup_stm32f205xx.o(.text)
    I2C3_EV_IRQHandler                       0x08010313   Thumb Code     0  startup_stm32f205xx.o(.text)
    OTG_FS_IRQHandler                        0x08010313   Thumb Code     0  startup_stm32f205xx.o(.text)
    OTG_FS_WKUP_IRQHandler                   0x08010313   Thumb Code     0  startup_stm32f205xx.o(.text)
    OTG_HS_EP1_IN_IRQHandler                 0x08010313   Thumb Code     0  startup_stm32f205xx.o(.text)
    OTG_HS_EP1_OUT_IRQHandler                0x08010313   Thumb Code     0  startup_stm32f205xx.o(.text)
    OTG_HS_IRQHandler                        0x08010313   Thumb Code     0  startup_stm32f205xx.o(.text)
    OTG_HS_WKUP_IRQHandler                   0x08010313   Thumb Code     0  startup_stm32f205xx.o(.text)
    PVD_IRQHandler                           0x08010313   Thumb Code     0  startup_stm32f205xx.o(.text)
    RCC_IRQHandler                           0x08010313   Thumb Code     0  startup_stm32f205xx.o(.text)
    RTC_Alarm_IRQHandler                     0x08010313   Thumb Code     0  startup_stm32f205xx.o(.text)
    RTC_WKUP_IRQHandler                      0x08010313   Thumb Code     0  startup_stm32f205xx.o(.text)
    SDIO_IRQHandler                          0x08010313   Thumb Code     0  startup_stm32f205xx.o(.text)
    SPI1_IRQHandler                          0x08010313   Thumb Code     0  startup_stm32f205xx.o(.text)
    SPI2_IRQHandler                          0x08010313   Thumb Code     0  startup_stm32f205xx.o(.text)
    SPI3_IRQHandler                          0x08010313   Thumb Code     0  startup_stm32f205xx.o(.text)
    TAMP_STAMP_IRQHandler                    0x08010313   Thumb Code     0  startup_stm32f205xx.o(.text)
    TIM1_BRK_TIM9_IRQHandler                 0x08010313   Thumb Code     0  startup_stm32f205xx.o(.text)
    TIM1_CC_IRQHandler                       0x08010313   Thumb Code     0  startup_stm32f205xx.o(.text)
    TIM1_TRG_COM_TIM11_IRQHandler            0x08010313   Thumb Code     0  startup_stm32f205xx.o(.text)
    TIM1_UP_TIM10_IRQHandler                 0x08010313   Thumb Code     0  startup_stm32f205xx.o(.text)
    TIM2_IRQHandler                          0x08010313   Thumb Code     0  startup_stm32f205xx.o(.text)
    TIM3_IRQHandler                          0x08010313   Thumb Code     0  startup_stm32f205xx.o(.text)
    TIM4_IRQHandler                          0x08010313   Thumb Code     0  startup_stm32f205xx.o(.text)
    TIM5_IRQHandler                          0x08010313   Thumb Code     0  startup_stm32f205xx.o(.text)
    TIM6_DAC_IRQHandler                      0x08010313   Thumb Code     0  startup_stm32f205xx.o(.text)
    TIM7_IRQHandler                          0x08010313   Thumb Code     0  startup_stm32f205xx.o(.text)
    TIM8_BRK_TIM12_IRQHandler                0x08010313   Thumb Code     0  startup_stm32f205xx.o(.text)
    TIM8_CC_IRQHandler                       0x08010313   Thumb Code     0  startup_stm32f205xx.o(.text)
    TIM8_TRG_COM_TIM14_IRQHandler            0x08010313   Thumb Code     0  startup_stm32f205xx.o(.text)
    TIM8_UP_TIM13_IRQHandler                 0x08010313   Thumb Code     0  startup_stm32f205xx.o(.text)
    UART4_IRQHandler                         0x08010313   Thumb Code     0  startup_stm32f205xx.o(.text)
    UART5_IRQHandler                         0x08010313   Thumb Code     0  startup_stm32f205xx.o(.text)
    USART3_IRQHandler                        0x08010313   Thumb Code     0  startup_stm32f205xx.o(.text)
    USART6_IRQHandler                        0x08010313   Thumb Code     0  startup_stm32f205xx.o(.text)
    __user_initial_stackheap                 0x08010315   Thumb Code     0  startup_stm32f205xx.o(.text)
    __aeabi_uldivmod                         0x08010339   Thumb Code     0  lludivv7m.o(.text)
    _ll_udiv                                 0x08010339   Thumb Code   238  lludivv7m.o(.text)
    __aeabi_llsl                             0x08010427   Thumb Code     0  llshl.o(.text)
    _ll_shift_l                              0x08010427   Thumb Code    38  llshl.o(.text)
    __aeabi_llsr                             0x0801044d   Thumb Code     0  llushr.o(.text)
    _ll_ushift_r                             0x0801044d   Thumb Code    38  llushr.o(.text)
    __aeabi_assert                           0x08010475   Thumb Code    86  assert.o(.text)
    __assert                                 0x08010475   Thumb Code     0  assert.o(.text)
    memcmp                                   0x080104f5   Thumb Code    88  memcmp.o(.text)
    strlen                                   0x0801054d   Thumb Code    62  strlen.o(.text)
    __aeabi_memcpy                           0x0801058b   Thumb Code     0  rt_memcpy_v6.o(.text)
    __rt_memcpy                              0x0801058b   Thumb Code   138  rt_memcpy_v6.o(.text)
    _memcpy_lastbytes                        0x080105f1   Thumb Code     0  rt_memcpy_v6.o(.text)
    __aeabi_memcpy4                          0x08010615   Thumb Code     0  rt_memcpy_w.o(.text)
    __aeabi_memcpy8                          0x08010615   Thumb Code     0  rt_memcpy_w.o(.text)
    __rt_memcpy_w                            0x08010615   Thumb Code   100  rt_memcpy_w.o(.text)
    _memcpy_lastbytes_aligned                0x0801065d   Thumb Code     0  rt_memcpy_w.o(.text)
    __aeabi_memset                           0x08010679   Thumb Code    16  aeabi_memset.o(.text)
    __aeabi_memclr                           0x08010689   Thumb Code     0  rt_memclr.o(.text)
    __rt_memclr                              0x08010689   Thumb Code    68  rt_memclr.o(.text)
    _memset                                  0x0801068d   Thumb Code     0  rt_memclr.o(.text)
    __aeabi_memclr4                          0x080106cd   Thumb Code     0  rt_memclr_w.o(.text)
    __aeabi_memclr8                          0x080106cd   Thumb Code     0  rt_memclr_w.o(.text)
    __rt_memclr_w                            0x080106cd   Thumb Code    78  rt_memclr_w.o(.text)
    _memset_w                                0x080106d1   Thumb Code     0  rt_memclr_w.o(.text)
    __use_two_region_memory                  0x0801071b   Thumb Code     2  heapauxi.o(.text)
    __rt_heap_escrow$2region                 0x0801071d   Thumb Code     2  heapauxi.o(.text)
    __rt_heap_expand$2region                 0x0801071f   Thumb Code     2  heapauxi.o(.text)
    abort                                    0x08010721   Thumb Code    22  abort.o(.text)
    __assert_puts                            0x08010737   Thumb Code    20  assert_puts.o(.text)
    _ttywrch                                 0x0801074b   Thumb Code    14  sys_wrch.o(.text)
    _sys_exit                                0x08010759   Thumb Code     8  sys_exit.o(.text)
    __rt_SIGABRT                             0x08010765   Thumb Code    14  defsig_abrt_outer.o(.text)
    __I$use$semihosting                      0x08010773   Thumb Code     0  use_no_semi.o(.text)
    __use_no_semihosting_swi                 0x08010773   Thumb Code     2  use_no_semi.o(.text)
    __semihosting_library_function           0x08010775   Thumb Code     0  indicate_semi.o(.text)
    __user_setup_stackheap                   0x08010775   Thumb Code    74  sys_stackheap_outer.o(.text)
    exit                                     0x080107bf   Thumb Code    18  exit.o(.text)
    __sig_exit                               0x080107d1   Thumb Code    10  defsig_exit.o(.text)
    __rt_SIGABRT_inner                       0x080107dd   Thumb Code    14  defsig_abrt_inner.o(.text)
    __user_libspace                          0x0801080d   Thumb Code     8  libspace.o(.text)
    __user_perproc_libspace                  0x0801080d   Thumb Code     0  libspace.o(.text)
    __user_perthread_libspace                0x0801080d   Thumb Code     0  libspace.o(.text)
    __default_signal_display                 0x08010815   Thumb Code    50  defsig_general.o(.text)
    CAN1_RX0_IRQHandler                      0x08010847   Thumb Code    10  can_stm32f2xx.o(i.CAN1_RX0_IRQHandler)
    CAN2_RX0_IRQHandler                      0x08010851   Thumb Code    10  can_stm32f2xx.o(i.CAN2_RX0_IRQHandler)
    EXTI15_10_IRQHandler                     0x0801085b   Thumb Code    12  can_stm32f2xx.o(i.EXTI15_10_IRQHandler)
    EXTI3_IRQHandler                         0x08010867   Thumb Code    10  board_stm32f2xx.o(i.EXTI3_IRQHandler)
    EXTI4_IRQHandler                         0x08010871   Thumb Code    10  board_stm32f2xx.o(i.EXTI4_IRQHandler)
    EXTI9_5_IRQHandler                       0x0801087b   Thumb Code    12  can_stm32f2xx.o(i.EXTI9_5_IRQHandler)
    HAL_CAN_ConfigFilter                     0x08010889   Thumb Code   294  stm32f2xx_hal_can.o(i.HAL_CAN_ConfigFilter)
    HAL_CAN_Init                             0x080109b5   Thumb Code   444  stm32f2xx_hal_can.o(i.HAL_CAN_Init)
    HAL_CAN_MspInit                          0x08010b71   Thumb Code     2  stm32f2xx_hal_can.o(i.HAL_CAN_MspInit)
    HAL_CAN_Sleep                            0x08010b73   Thumb Code   146  stm32f2xx_hal_can.o(i.HAL_CAN_Sleep)
    HAL_CAN_Transmit                         0x08010c05   Thumb Code   684  stm32f2xx_hal_can.o(i.HAL_CAN_Transmit)
    HAL_CAN_WakeUp                           0x08010ebd   Thumb Code   142  stm32f2xx_hal_can.o(i.HAL_CAN_WakeUp)
    HAL_DMA_Abort_IT                         0x08010f4b   Thumb Code    40  stm32f2xx_hal_dma.o(i.HAL_DMA_Abort_IT)
    HAL_DMA_GetState                         0x08010f73   Thumb Code     8  stm32f2xx_hal_dma.o(i.HAL_DMA_GetState)
    HAL_Delay                                0x08010f7d   Thumb Code    34  stm32f2xx_hal.o(i.HAL_Delay)
    HAL_GPIO_EXTI_Callback                   0x08010fa5   Thumb Code     2  stm32f2xx_hal_gpio.o(i.HAL_GPIO_EXTI_Callback)
    HAL_GPIO_EXTI_IRQHandler                 0x08010fa9   Thumb Code    24  stm32f2xx_hal_gpio.o(i.HAL_GPIO_EXTI_IRQHandler)
    HAL_GPIO_Init                            0x08010fc5   Thumb Code   470  stm32f2xx_hal_gpio.o(i.HAL_GPIO_Init)
    HAL_GPIO_ReadPin                         0x080111cd   Thumb Code    16  stm32f2xx_hal_gpio.o(i.HAL_GPIO_ReadPin)
    HAL_GPIO_TogglePin                       0x080111dd   Thumb Code    16  stm32f2xx_hal_gpio.o(i.HAL_GPIO_TogglePin)
    HAL_GPIO_WritePin                        0x080111ed   Thumb Code    12  stm32f2xx_hal_gpio.o(i.HAL_GPIO_WritePin)
    HAL_GetTick                              0x080111f9   Thumb Code     6  stm32f2xx_hal.o(i.HAL_GetTick)
    HAL_I2C_AbortCpltCallback                0x08011205   Thumb Code     2  stm32f2xx_hal_i2c.o(i.HAL_I2C_AbortCpltCallback)
    HAL_I2C_AddrCallback                     0x08011207   Thumb Code     2  stm32f2xx_hal_i2c.o(i.HAL_I2C_AddrCallback)
    HAL_I2C_ER_IRQHandler                    0x08011209   Thumb Code   206  stm32f2xx_hal_i2c.o(i.HAL_I2C_ER_IRQHandler)
    HAL_I2C_EV_IRQHandler                    0x080112d7   Thumb Code   452  stm32f2xx_hal_i2c.o(i.HAL_I2C_EV_IRQHandler)
    HAL_I2C_ErrorCallback                    0x0801149b   Thumb Code     2  stm32f2xx_hal_i2c.o(i.HAL_I2C_ErrorCallback)
    HAL_I2C_GetState                         0x0801149d   Thumb Code     8  stm32f2xx_hal_i2c.o(i.HAL_I2C_GetState)
    HAL_I2C_Init                             0x080114a5   Thumb Code   422  stm32f2xx_hal_i2c.o(i.HAL_I2C_Init)
    HAL_I2C_ListenCpltCallback               0x0801165d   Thumb Code     2  stm32f2xx_hal_i2c.o(i.HAL_I2C_ListenCpltCallback)
    HAL_I2C_MasterRxCpltCallback             0x0801165f   Thumb Code     2  stm32f2xx_hal_i2c.o(i.HAL_I2C_MasterRxCpltCallback)
    HAL_I2C_MasterTxCpltCallback             0x08011661   Thumb Code     2  stm32f2xx_hal_i2c.o(i.HAL_I2C_MasterTxCpltCallback)
    HAL_I2C_Master_Receive_IT                0x08011665   Thumb Code   248  stm32f2xx_hal_i2c.o(i.HAL_I2C_Master_Receive_IT)
    HAL_I2C_Master_Transmit_IT               0x08011765   Thumb Code   234  stm32f2xx_hal_i2c.o(i.HAL_I2C_Master_Transmit_IT)
    HAL_I2C_MemRxCpltCallback                0x08011859   Thumb Code     2  stm32f2xx_hal_i2c.o(i.HAL_I2C_MemRxCpltCallback)
    HAL_I2C_MemTxCpltCallback                0x0801185b   Thumb Code     2  stm32f2xx_hal_i2c.o(i.HAL_I2C_MemTxCpltCallback)
    HAL_I2C_MspInit                          0x0801185d   Thumb Code     2  stm32f2xx_hal_i2c.o(i.HAL_I2C_MspInit)
    HAL_I2C_SlaveRxCpltCallback              0x0801185f   Thumb Code     2  stm32f2xx_hal_i2c.o(i.HAL_I2C_SlaveRxCpltCallback)
    HAL_I2C_SlaveTxCpltCallback              0x08011861   Thumb Code     2  stm32f2xx_hal_i2c.o(i.HAL_I2C_SlaveTxCpltCallback)
    HAL_IncTick                              0x08011865   Thumb Code    16  stm32f2xx_hal.o(i.HAL_IncTick)
    HAL_Init                                 0x0801187d   Thumb Code    54  stm32f2xx_hal.o(i.HAL_Init)
    HAL_InitTick                             0x080118b9   Thumb Code    64  stm32f2xx_hal.o(i.HAL_InitTick)
    HAL_MspInit                              0x08011905   Thumb Code     2  stm32f2xx_hal.o(i.HAL_MspInit)
    HAL_NVIC_EnableIRQ                       0x08011907   Thumb Code    32  stm32f2xx_hal_cortex.o(i.HAL_NVIC_EnableIRQ)
    HAL_NVIC_SetPriority                     0x08011927   Thumb Code   124  stm32f2xx_hal_cortex.o(i.HAL_NVIC_SetPriority)
    HAL_NVIC_SetPriorityGrouping             0x080119a5   Thumb Code    32  stm32f2xx_hal_cortex.o(i.HAL_NVIC_SetPriorityGrouping)
    HAL_PWR_EnterSLEEPMode                   0x080119cd   Thumb Code    28  stm32f2xx_hal_pwr.o(i.HAL_PWR_EnterSLEEPMode)
    HAL_PWR_EnterSTOPMode                    0x080119ed   Thumb Code    54  stm32f2xx_hal_pwr.o(i.HAL_PWR_EnterSTOPMode)
    HAL_RCC_ClockConfig                      0x08011a2d   Thumb Code   374  stm32f2xx_hal_rcc.o(i.HAL_RCC_ClockConfig)
    HAL_RCC_GetHCLKFreq                      0x08011bb9   Thumb Code     6  stm32f2xx_hal_rcc.o(i.HAL_RCC_GetHCLKFreq)
    HAL_RCC_GetPCLK1Freq                     0x08011bc5   Thumb Code    36  stm32f2xx_hal_rcc.o(i.HAL_RCC_GetPCLK1Freq)
    HAL_RCC_GetPCLK2Freq                     0x08011bf1   Thumb Code    36  stm32f2xx_hal_rcc.o(i.HAL_RCC_GetPCLK2Freq)
    HAL_RCC_GetSysClockFreq                  0x08011c1d   Thumb Code   162  stm32f2xx_hal_rcc.o(i.HAL_RCC_GetSysClockFreq)
    HAL_RCC_OscConfig                        0x08011ccd   Thumb Code  1050  stm32f2xx_hal_rcc.o(i.HAL_RCC_OscConfig)
    HAL_ResumeTick                           0x080120e7   Thumb Code    18  stm32f2xx_hal.o(i.HAL_ResumeTick)
    HAL_SYSTICK_Config                       0x080120f9   Thumb Code    52  stm32f2xx_hal_cortex.o(i.HAL_SYSTICK_Config)
    HAL_SuspendTick                          0x0801212d   Thumb Code    18  stm32f2xx_hal.o(i.HAL_SuspendTick)
    HAL_UART_Init                            0x0801213f   Thumb Code   114  stm32f2xx_hal_uart.o(i.HAL_UART_Init)
    HAL_UART_MspInit                         0x080121b1   Thumb Code     2  stm32f2xx_hal_uart.o(i.HAL_UART_MspInit)
    HAL_UART_Transmit                        0x080121b3   Thumb Code   214  stm32f2xx_hal_uart.o(i.HAL_UART_Transmit)
    HAL_WWDG_Init                            0x08012289   Thumb Code    44  stm32f2xx_hal_wwdg.o(i.HAL_WWDG_Init)
    HAL_WWDG_MspInit                         0x080122b5   Thumb Code     2  stm32f2xx_hal_wwdg.o(i.HAL_WWDG_MspInit)
    HAL_WWDG_Refresh                         0x080122b7   Thumb Code    12  stm32f2xx_hal_wwdg.o(i.HAL_WWDG_Refresh)
    I2C1_ER_IRQHandler                       0x080122c5   Thumb Code    10  i2c_stm32f2xx.o(i.I2C1_ER_IRQHandler)
    I2C1_EV_IRQHandler                       0x080122d5   Thumb Code    10  i2c_stm32f2xx.o(i.I2C1_EV_IRQHandler)
    SysTick_Handler                          0x08012f5d   Thumb Code    12  board_stm32f2xx.o(i.SysTick_Handler)
    SystemInit                               0x08012f69   Thumb Code    66  system_stm32f2xx.o(i.SystemInit)
    USART1_IRQHandler                        0x08013351   Thumb Code    10  uart_stm32f2xx.o(i.USART1_IRQHandler)
    USART2_IRQHandler                        0x0801335b   Thumb Code    10  uart_stm32f2xx.o(i.USART2_IRQHandler)
    WWDG_IRQHandler                          0x08013365   Thumb Code    42  board_stm32f2xx.o(i.WWDG_IRQHandler)
    accr_sys_mode_trans                      0x080133cd   Thumb Code   120  i2c.o(i.accr_sys_mode_trans)
    bitmask                                  0x08013449   Thumb Code    38  bitfield.o(i.bitmask)
    bits_to_bytes                            0x0801346f   Thumb Code    18  bitarray.o(i.bits_to_bytes)
    bytesswap                                0x08013481   Thumb Code    42  diag.o(i.bytesswap)
    can_init                                 0x080134ad   Thumb Code  1082  can_stm32f2xx.o(i.can_init)
    can_pwr_mode_trans                       0x08013c79   Thumb Code   128  can_stm32f2xx.o(i.can_pwr_mode_trans)
    can_receive                              0x08013d41   Thumb Code   172  can.o(i.can_receive)
    can_transmit                             0x08013fa1   Thumb Code   204  can_stm32f2xx.o(i.can_transmit)
    copy_bits                                0x0801416d   Thumb Code   644  bitarray.o(i.copy_bits)
    copy_bits_right_aligned                  0x080143f9   Thumb Code    68  bitarray.o(i.copy_bits_right_aligned)
    debug                                    0x080146d1   Thumb Code     2  uart.o(i.debug)
    delay                                    0x080146d3   Thumb Code    12  board_stm32f2xx.o(i.delay)
    diag_client_init                         0x080146e1   Thumb Code    72  diag_client.o(i.diag_client_init)
    diag_client_poll_response                0x08014761   Thumb Code   104  diag_client.o(i.diag_client_poll_response)
    diag_client_request                      0x0801480d   Thumb Code    36  diag_client.o(i.diag_client_request)
    diag_server_comm_ctrl_rx_enabled         0x08014b05   Thumb Code    50  diag_server.o(i.diag_server_comm_ctrl_rx_enabled)
    diag_server_comm_ctrl_tx_enabled         0x08014b41   Thumb Code    50  diag_server.o(i.diag_server_comm_ctrl_tx_enabled)
    diag_server_data_init                    0x08014b7d   Thumb Code   226  diag_server.o(i.diag_server_data_init)
    diag_server_flash_erase_sectors_callback 0x08014db1   Thumb Code     6  diag_server.o(i.diag_server_flash_erase_sectors_callback)
    diag_server_flash_program_callback       0x08014db7   Thumb Code     6  diag_server.o(i.diag_server_flash_program_callback)
    diag_server_flash_program_verify_callback 0x08014dbd   Thumb Code     6  diag_server.o(i.diag_server_flash_program_verify_callback)
    diag_server_flash_verify_sectors_callback 0x08014dc3   Thumb Code     6  diag_server.o(i.diag_server_flash_verify_sectors_callback)
    diag_server_get_car_status_callback      0x08014dc9   Thumb Code    12  rtos.o(i.diag_server_get_car_status_callback)
    diag_server_get_pwr_vol_callback         0x08014e85   Thumb Code    40  rtos.o(i.diag_server_get_pwr_vol_callback)
    diag_server_get_vehicle_speed_callback   0x08014eb5   Thumb Code    12  rtos.o(i.diag_server_get_vehicle_speed_callback)
    diag_server_indication                   0x08014ec1   Thumb Code    94  diag_server.o(i.diag_server_indication)
    diag_server_init                         0x08014f75   Thumb Code    98  diag_server.o(i.diag_server_init)
    diag_server_on_msg                       0x0801503d   Thumb Code   770  diag_server.o(i.diag_server_on_msg)
    diag_server_read_data_by_id              0x0801537d   Thumb Code   104  diag_server.o(i.diag_server_read_data_by_id)
    diag_server_sys_reset_callback           0x08015641   Thumb Code     8  rtos.o(i.diag_server_sys_reset_callback)
    diag_server_update_dtc                   0x08015695   Thumb Code   656  diag_server.o(i.diag_server_update_dtc)
    eeprom_read                              0x08015f45   Thumb Code    70  i2c.o(i.eeprom_read)
    eeprom_write                             0x08015fb5   Thumb Code   158  i2c.o(i.eeprom_write)
    eightbyte_get_bitfield                   0x0801607d   Thumb Code   156  8byte.o(i.eightbyte_get_bitfield)
    find_end_bit                             0x08016119   Thumb Code    28  bitarray.o(i.find_end_bit)
    find_nm_node                             0x08016135   Thumb Code    32  osek_nm.o(i.find_nm_node)
    gen_resolve_downstream_to_msg            0x0801615d   Thumb Code  1190  gen_resolve.o(i.gen_resolve_downstream_to_msg)
    gen_resolve_downstream_to_msg_callback   0x0801663d   Thumb Code   208  resolve.o(i.gen_resolve_downstream_to_msg_callback)
    gen_resolve_msg_to_upstream              0x08016715   Thumb Code 10982  gen_resolve.o(i.gen_resolve_msg_to_upstream)
    gen_resolve_msg_to_upstream_callback     0x080191fd   Thumb Code   798  resolve.o(i.gen_resolve_msg_to_upstream_callback)
    get_bitfield                             0x0801952d   Thumb Code    88  bitfield.o(i.get_bitfield)
    gpio_init                                0x0801959d   Thumb Code   484  board_stm32f2xx.o(i.gpio_init)
    i2c_master_init                          0x08019791   Thumb Code   372  i2c_stm32f2xx.o(i.i2c_master_init)
    i2c_master_receive                       0x080199bd   Thumb Code   102  i2c_stm32f2xx.o(i.i2c_master_receive)
    i2c_master_transmit                      0x08019a79   Thumb Code   108  i2c_stm32f2xx.o(i.i2c_master_transmit)
    isotp_indication                         0x08019cf1   Thumb Code   486  isotp.o(i.isotp_indication)
    isotp_init_link                          0x08019ed9   Thumb Code   194  isotp.o(i.isotp_init_link)
    isotp_poll                               0x0801a061   Thumb Code   166  isotp.o(i.isotp_poll)
    isotp_receive                            0x0801a107   Thumb Code    60  isotp.o(i.isotp_receive)
    isotp_send                               0x0801a36d   Thumb Code    22  isotp.o(i.isotp_send)
    isotp_send_poll                          0x0801a539   Thumb Code   112  isotp.o(i.isotp_send_poll)
    isotp_send_with_id                       0x0801a645   Thumb Code   134  isotp.o(i.isotp_send_with_id)
    main                                     0x0801a721   Thumb Code    26  main.o(i.main)
    make_predecessor_successor               0x0801a741   Thumb Code    36  osek_nm.o(i.make_predecessor_successor)
    max_timer_function                       0x0801a775   Thumb Code     8  osek_nm.o(i.max_timer_function)
    osek_nm_indication                       0x0801a78d   Thumb Code    84  osek_nm.o(i.osek_nm_indication)
    osek_nm_time_callback                    0x0801a7e5   Thumb Code    86  osek_nm.o(i.osek_nm_time_callback)
    presleep_state                           0x0801a849   Thumb Code     8  osek_nm.o(i.presleep_state)
    print_buf                                0x0801a855   Thumb Code     2  uart.o(i.print_buf)
    pvPortMalloc                             0x0801b189   Thumb Code   176  heap_2.o(i.pvPortMalloc)
    pvTaskIncrementMutexHeldCount            0x0801b249   Thumb Code    26  tasks.o(i.pvTaskIncrementMutexHeldCount)
    pwr_mode_trans                           0x0801b269   Thumb Code    94  board_stm32f2xx.o(i.pwr_mode_trans)
    pxPortInitialiseStack                    0x0801b2cd   Thumb Code    30  port.o(i.pxPortInitialiseStack)
    resolve_downstream_to_msg                0x0801c2f1   Thumb Code    92  resolve.o(i.resolve_downstream_to_msg)
    resolve_get_upstream                     0x0801c391   Thumb Code    78  resolve.o(i.resolve_get_upstream)
    resolve_get_upstream_item                0x0801c41d   Thumb Code    52  resolve.o(i.resolve_get_upstream_item)
    resolve_init                             0x0801c459   Thumb Code    34  resolve.o(i.resolve_init)
    resolve_msg_to_upstream                  0x0801c48d   Thumb Code    34  resolve.o(i.resolve_msg_to_upstream)
    rtos_start                               0x0801c4e5   Thumb Code   176  rtos.o(i.rtos_start)
    send_ring_message                        0x0801c64b   Thumb Code    54  osek_nm.o(i.send_ring_message)
    set_bitfield                             0x0801c701   Thumb Code    90  bitfield.o(i.set_bitfield)
    sys_init                                 0x0801c7db   Thumb Code    14  board_stm32f2xx.o(i.sys_init)
    sys_reset                                0x0801c7e9   Thumb Code    68  board_stm32f2xx.o(i.sys_reset)
    sys_time                                 0x0801c835   Thumb Code     8  board_stm32f2xx.o(i.sys_time)
    typical_timer_function                   0x0801c989   Thumb Code    64  osek_nm.o(i.typical_timer_function)
    uart_init                                0x0801c9dd   Thumb Code   438  uart_stm32f2xx.o(i.uart_init)
    uart_receive                             0x0801cc8d   Thumb Code   114  uart.o(i.uart_receive)
    uart_receive_with_header_poll            0x0801cd4d   Thumb Code   222  uart.o(i.uart_receive_with_header_poll)
    uart_transmit                            0x0801ce55   Thumb Code    80  uart_stm32f2xx.o(i.uart_transmit)
    uart_transmit_with_header                0x0801cf01   Thumb Code   104  uart.o(i.uart_transmit_with_header)
    uxListRemove                             0x0801cfad   Thumb Code    40  list.o(i.uxListRemove)
    vApplicationIdleHook                     0x0801cfd5   Thumb Code    12  rtos.o(i.vApplicationIdleHook)
    vApplicationMallocFailedHook             0x0801cfe1   Thumb Code    38  rtos.o(i.vApplicationMallocFailedHook)
    vApplicationStackOverflowHook            0x0801d00d   Thumb Code    38  rtos.o(i.vApplicationStackOverflowHook)
    vApplicationTickHook                     0x0801d039   Thumb Code     2  rtos.o(i.vApplicationTickHook)
    vListInitialise                          0x0801d03b   Thumb Code    26  list.o(i.vListInitialise)
    vListInitialiseItem                      0x0801d055   Thumb Code     6  list.o(i.vListInitialiseItem)
    vListInsert                              0x0801d05b   Thumb Code    52  list.o(i.vListInsert)
    vListInsertEnd                           0x0801d08f   Thumb Code    24  list.o(i.vListInsertEnd)
    vPortEnterCritical                       0x0801d0a9   Thumb Code    76  port.o(i.vPortEnterCritical)
    vPortExitCritical                        0x0801d0fd   Thumb Code    56  port.o(i.vPortExitCritical)
    vPortFree                                0x0801d139   Thumb Code    56  heap_2.o(i.vPortFree)
    vPortSetupTimerInterrupt                 0x0801d179   Thumb Code    36  port.o(i.vPortSetupTimerInterrupt)
    vPortValidateInterruptPriority           0x0801d1a1   Thumb Code   106  port.o(i.vPortValidateInterruptPriority)
    vQueueAddToRegistry                      0x0801d219   Thumb Code    38  queue.o(i.vQueueAddToRegistry)
    vQueueWaitForMessageRestricted           0x0801d245   Thumb Code    74  queue.o(i.vQueueWaitForMessageRestricted)
    vTaskDelay                               0x0801d291   Thumb Code    82  tasks.o(i.vTaskDelay)
    vTaskInternalSetTimeOutState             0x0801d2ed   Thumb Code    14  tasks.o(i.vTaskInternalSetTimeOutState)
    vTaskMissedYield                         0x0801d305   Thumb Code     8  tasks.o(i.vTaskMissedYield)
    vTaskPlaceOnEventList                    0x0801d311   Thumb Code    52  tasks.o(i.vTaskPlaceOnEventList)
    vTaskPlaceOnEventListRestricted          0x0801d349   Thumb Code    60  tasks.o(i.vTaskPlaceOnEventListRestricted)
    vTaskPriorityDisinheritAfterTimeout      0x0801d389   Thumb Code   230  tasks.o(i.vTaskPriorityDisinheritAfterTimeout)
    vTaskStartScheduler                      0x0801d47d   Thumb Code   118  tasks.o(i.vTaskStartScheduler)
    vTaskSuspendAll                          0x0801d511   Thumb Code    12  tasks.o(i.vTaskSuspendAll)
    vTaskSwitchContext                       0x0801d521   Thumb Code   174  tasks.o(i.vTaskSwitchContext)
    wdog_enable                              0x0801d5e5   Thumb Code    84  board_stm32f2xx.o(i.wdog_enable)
    wdog_refresh                             0x0801d645   Thumb Code    12  board_stm32f2xx.o(i.wdog_refresh)
    xPortGetFreeHeapSize                     0x0801d655   Thumb Code     6  heap_2.o(i.xPortGetFreeHeapSize)
    xPortStartScheduler                      0x0801d661   Thumb Code   228  port.o(i.xPortStartScheduler)
    xPortSysTickHandler                      0x0801d759   Thumb Code    46  port.o(i.xPortSysTickHandler)
    xQueueCreateMutex                        0x0801d78d   Thumb Code    34  queue.o(i.xQueueCreateMutex)
    xQueueGenericCreate                      0x0801d7af   Thumb Code    88  queue.o(i.xQueueGenericCreate)
    xQueueGenericReset                       0x0801d809   Thumb Code   146  queue.o(i.xQueueGenericReset)
    xQueueGenericSend                        0x0801d8a1   Thumb Code   420  queue.o(i.xQueueGenericSend)
    xQueueGenericSendFromISR                 0x0801da49   Thumb Code   248  queue.o(i.xQueueGenericSendFromISR)
    xQueueGiveMutexRecursive                 0x0801db41   Thumb Code    72  queue.o(i.xQueueGiveMutexRecursive)
    xQueueReceive                            0x0801db89   Thumb Code   356  queue.o(i.xQueueReceive)
    xQueueSemaphoreTake                      0x0801dcf1   Thumb Code   434  queue.o(i.xQueueSemaphoreTake)
    xQueueTakeMutexRecursive                 0x0801dea9   Thumb Code    78  queue.o(i.xQueueTakeMutexRecursive)
    xTaskCheckForTimeOut                     0x0801def9   Thumb Code   132  tasks.o(i.xTaskCheckForTimeOut)
    xTaskCreate                              0x0801df85   Thumb Code    96  tasks.o(i.xTaskCreate)
    xTaskGetCurrentTaskHandle                0x0801dfe5   Thumb Code     6  tasks.o(i.xTaskGetCurrentTaskHandle)
    xTaskGetSchedulerState                   0x0801dff1   Thumb Code    24  tasks.o(i.xTaskGetSchedulerState)
    xTaskGetTickCount                        0x0801e011   Thumb Code     6  tasks.o(i.xTaskGetTickCount)
    xTaskIncrementTick                       0x0801e01d   Thumb Code   296  tasks.o(i.xTaskIncrementTick)
    xTaskPriorityDisinherit                  0x0801e171   Thumb Code   188  tasks.o(i.xTaskPriorityDisinherit)
    xTaskPriorityInherit                     0x0801e239   Thumb Code   186  tasks.o(i.xTaskPriorityInherit)
    xTaskRemoveFromEventList                 0x0801e301   Thumb Code   128  tasks.o(i.xTaskRemoveFromEventList)
    xTaskResumeAll                           0x0801e399   Thumb Code   224  tasks.o(i.xTaskResumeAll)
    xTimerCreate                             0x0801e49d   Thumb Code    48  timers.o(i.xTimerCreate)
    xTimerCreateTimerTask                    0x0801e4cd   Thumb Code    66  timers.o(i.xTimerCreateTimerTask)
    xTimerGenericCommand                     0x0801e525   Thumb Code   126  timers.o(i.xTimerGenericCommand)
    __aeabi_d2uiz                            0x0801e5a9   Thumb Code     0  dfixu.o(x$fpl$dfixu)
    _dfixu                                   0x0801e5a9   Thumb Code    90  dfixu.o(x$fpl$dfixu)
    __aeabi_ui2d                             0x0801e603   Thumb Code     0  dflt_clz.o(x$fpl$dfltu)
    _dfltu                                   0x0801e603   Thumb Code    38  dflt_clz.o(x$fpl$dfltu)
    __aeabi_dmul                             0x0801e629   Thumb Code     0  dmul.o(x$fpl$dmul)
    _dmul                                    0x0801e629   Thumb Code   332  dmul.o(x$fpl$dmul)
    __fpl_dnaninf                            0x0801e77d   Thumb Code   156  dnaninf.o(x$fpl$dnaninf)
    __fpl_dretinf                            0x0801e819   Thumb Code    12  dretinf.o(x$fpl$dretinf)
    __aeabi_fadd                             0x0801e825   Thumb Code     0  faddsub_clz.o(x$fpl$fadd)
    _fadd                                    0x0801e825   Thumb Code   196  faddsub_clz.o(x$fpl$fadd)
    __aeabi_i2f                              0x0801e8e9   Thumb Code     0  fflt_clz.o(x$fpl$fflt)
    _fflt                                    0x0801e8e9   Thumb Code    48  fflt_clz.o(x$fpl$fflt)
    __aeabi_ul2f                             0x0801e919   Thumb Code     0  ffltll_clz.o(x$fpl$ffltll)
    _ll_uto_f                                0x0801e919   Thumb Code     6  ffltll_clz.o(x$fpl$ffltll)
    __aeabi_l2f                              0x0801e91f   Thumb Code     0  ffltll_clz.o(x$fpl$ffltll)
    _ll_sto_f                                0x0801e91f   Thumb Code    90  ffltll_clz.o(x$fpl$ffltll)
    __aeabi_fmul                             0x0801e979   Thumb Code     0  fmul.o(x$fpl$fmul)
    _fmul                                    0x0801e979   Thumb Code   258  fmul.o(x$fpl$fmul)
    __fpl_fnaninf                            0x0801ea7b   Thumb Code   140  fnaninf.o(x$fpl$fnaninf)
    __fpl_fretinf                            0x0801eb07   Thumb Code    10  fretinf.o(x$fpl$fretinf)
    __aeabi_fsub                             0x0801eb11   Thumb Code     0  faddsub_clz.o(x$fpl$fsub)
    _fsub                                    0x0801eb11   Thumb Code   234  faddsub_clz.o(x$fpl$fsub)
    __aeabi_f2ulz                            0x0801ebfd   Thumb Code     0  ffixull.o(x$fpl$llufromf)
    _ll_ufrom_f                              0x0801ebfd   Thumb Code    92  ffixull.o(x$fpl$llufromf)
    AHBPrescTable                            0x0801ec58   Data          16  system_stm32f2xx.o(.constdata)
    __I$use$fp                               0x0801ec58   Number         0  usenofp.o(x$fpl$usenofp)
    APBPrescTable                            0x0801ec68   Data           8  system_stm32f2xx.o(.constdata)
    Region$$Table$$Base                      0x0801f064   Number         0  anon$$obj.o(Region$$Table)
    Region$$Table$$Limit                     0x0801f084   Number         0  anon$$obj.o(Region$$Table)
    SystemCoreClock                          0x20000000   Data           4  system_stm32f2xx.o(.data)
    uwTick                                   0x20000004   Data           4  stm32f2xx_hal.o(.data)
    uwTickPrio                               0x20000008   Data           4  stm32f2xx_hal.o(.data)
    uwTickFreq                               0x2000000c   Data           1  stm32f2xx_hal.o(.data)
    pxCurrentTCB                             0x20000010   Data           4  tasks.o(.data)
    g_can_tx_mutex                           0x20000084   Data           8  can_stm32f2xx.o(.data)
    g_can_rx_queue_head                      0x2000008c   Data           2  can_stm32f2xx.o(.data)
    g_can_rx_queue_tail                      0x2000008e   Data           2  can_stm32f2xx.o(.data)
    g_i2c_mutex                              0x20000160   Data           4  i2c_stm32f2xx.o(.data)
    g_uart_tx_mutex                          0x200001c4   Data           8  uart_stm32f2xx.o(.data)
    g_uart_rx_queue_head                     0x200001cc   Data           4  uart_stm32f2xx.o(.data)
    g_uart_rx_queue_tail                     0x200001d0   Data           4  uart_stm32f2xx.o(.data)
    exit_code                                0x20000ab0   Data           4  main.o(.data)
    xQueueRegistry                           0x20000ab4   Data          64  queue.o(.bss)
    g_can_rx_queue                           0x20006ddc   Data         320  can_stm32f2xx.o(.bss)
    g_uart_rx_queue                          0x20006f9c   Data        2000  uart_stm32f2xx.o(.bss)
    __libspace_start                         0x20009b58   Data          96  libspace.o(.bss)
    __temporary_stack_top$libspace           0x20009bb8   Data           0  libspace.o(.bss)



==============================================================================

Memory Map of the image

  Image Entry point : 0x08010185

  Load Region LR_IROM1 (Base: 0x08010000, Size: 0x0000fb38, Max: 0x00080000, ABSOLUTE, COMPRESSED[0x0000f478])

    Execution Region ER_IROM1 (Exec base: 0x08010000, Load base: 0x08010000, Size: 0x0000f084, Max: 0x00080000, ABSOLUTE)

    Exec Addr    Load Addr    Size         Type   Attr      Idx    E Section Name        Object

    0x08010000   0x08010000   0x00000184   Data   RO            3    RESET               startup_stm32f205xx.o
    0x08010184   0x08010184   0x00000008   Code   RO        10449  * !!!main             c_w.l(__main.o)
    0x0801018c   0x0801018c   0x00000034   Code   RO        10667    !!!scatter          c_w.l(__scatter.o)
    0x080101c0   0x080101c0   0x0000005a   Code   RO        10665    !!dczerorl2         c_w.l(__dczerorl2.o)
    0x0801021a   0x0801021a   0x00000002   PAD
    0x0801021c   0x0801021c   0x0000001c   Code   RO        10669    !!handler_zi        c_w.l(__scatter_zi.o)
    0x08010238   0x08010238   0x00000002   Code   RO        10548    .ARM.Collect$$libinit$$00000000  c_w.l(libinit.o)
    0x0801023a   0x0801023a   0x00000000   Code   RO        10561    .ARM.Collect$$libinit$$00000002  c_w.l(libinit2.o)
    0x0801023a   0x0801023a   0x00000000   Code   RO        10563    .ARM.Collect$$libinit$$00000004  c_w.l(libinit2.o)
    0x0801023a   0x0801023a   0x00000000   Code   RO        10566    .ARM.Collect$$libinit$$0000000A  c_w.l(libinit2.o)
    0x0801023a   0x0801023a   0x00000000   Code   RO        10568    .ARM.Collect$$libinit$$0000000C  c_w.l(libinit2.o)
    0x0801023a   0x0801023a   0x00000000   Code   RO        10570    .ARM.Collect$$libinit$$0000000E  c_w.l(libinit2.o)
    0x0801023a   0x0801023a   0x00000000   Code   RO        10573    .ARM.Collect$$libinit$$00000011  c_w.l(libinit2.o)
    0x0801023a   0x0801023a   0x00000000   Code   RO        10575    .ARM.Collect$$libinit$$00000013  c_w.l(libinit2.o)
    0x0801023a   0x0801023a   0x00000000   Code   RO        10577    .ARM.Collect$$libinit$$00000015  c_w.l(libinit2.o)
    0x0801023a   0x0801023a   0x00000000   Code   RO        10579    .ARM.Collect$$libinit$$00000017  c_w.l(libinit2.o)
    0x0801023a   0x0801023a   0x00000000   Code   RO        10581    .ARM.Collect$$libinit$$00000019  c_w.l(libinit2.o)
    0x0801023a   0x0801023a   0x00000000   Code   RO        10583    .ARM.Collect$$libinit$$0000001B  c_w.l(libinit2.o)
    0x0801023a   0x0801023a   0x00000000   Code   RO        10585    .ARM.Collect$$libinit$$0000001D  c_w.l(libinit2.o)
    0x0801023a   0x0801023a   0x00000000   Code   RO        10587    .ARM.Collect$$libinit$$0000001F  c_w.l(libinit2.o)
    0x0801023a   0x0801023a   0x00000000   Code   RO        10589    .ARM.Collect$$libinit$$00000021  c_w.l(libinit2.o)
    0x0801023a   0x0801023a   0x00000000   Code   RO        10591    .ARM.Collect$$libinit$$00000023  c_w.l(libinit2.o)
    0x0801023a   0x0801023a   0x00000000   Code   RO        10593    .ARM.Collect$$libinit$$00000025  c_w.l(libinit2.o)
    0x0801023a   0x0801023a   0x00000000   Code   RO        10597    .ARM.Collect$$libinit$$0000002C  c_w.l(libinit2.o)
    0x0801023a   0x0801023a   0x00000000   Code   RO        10599    .ARM.Collect$$libinit$$0000002E  c_w.l(libinit2.o)
    0x0801023a   0x0801023a   0x00000000   Code   RO        10601    .ARM.Collect$$libinit$$00000030  c_w.l(libinit2.o)
    0x0801023a   0x0801023a   0x00000000   Code   RO        10603    .ARM.Collect$$libinit$$00000032  c_w.l(libinit2.o)
    0x0801023a   0x0801023a   0x00000002   Code   RO        10604    .ARM.Collect$$libinit$$00000033  c_w.l(libinit2.o)
    0x0801023c   0x0801023c   0x00000002   Code   RO        10638    .ARM.Collect$$libshutdown$$00000000  c_w.l(libshutdown.o)
    0x0801023e   0x0801023e   0x00000000   Code   RO        10648    .ARM.Collect$$libshutdown$$00000002  c_w.l(libshutdown2.o)
    0x0801023e   0x0801023e   0x00000000   Code   RO        10650    .ARM.Collect$$libshutdown$$00000004  c_w.l(libshutdown2.o)
    0x0801023e   0x0801023e   0x00000000   Code   RO        10653    .ARM.Collect$$libshutdown$$00000007  c_w.l(libshutdown2.o)
    0x0801023e   0x0801023e   0x00000000   Code   RO        10656    .ARM.Collect$$libshutdown$$0000000A  c_w.l(libshutdown2.o)
    0x0801023e   0x0801023e   0x00000000   Code   RO        10658    .ARM.Collect$$libshutdown$$0000000C  c_w.l(libshutdown2.o)
    0x0801023e   0x0801023e   0x00000000   Code   RO        10661    .ARM.Collect$$libshutdown$$0000000F  c_w.l(libshutdown2.o)
    0x0801023e   0x0801023e   0x00000002   Code   RO        10662    .ARM.Collect$$libshutdown$$00000010  c_w.l(libshutdown2.o)
    0x08010240   0x08010240   0x00000000   Code   RO        10483    .ARM.Collect$$rtentry$$00000000  c_w.l(__rtentry.o)
    0x08010240   0x08010240   0x00000000   Code   RO        10506    .ARM.Collect$$rtentry$$00000002  c_w.l(__rtentry2.o)
    0x08010240   0x08010240   0x00000006   Code   RO        10518    .ARM.Collect$$rtentry$$00000004  c_w.l(__rtentry4.o)
    0x08010246   0x08010246   0x00000000   Code   RO        10508    .ARM.Collect$$rtentry$$00000009  c_w.l(__rtentry2.o)
    0x08010246   0x08010246   0x00000004   Code   RO        10509    .ARM.Collect$$rtentry$$0000000A  c_w.l(__rtentry2.o)
    0x0801024a   0x0801024a   0x00000000   Code   RO        10511    .ARM.Collect$$rtentry$$0000000C  c_w.l(__rtentry2.o)
    0x0801024a   0x0801024a   0x00000008   Code   RO        10512    .ARM.Collect$$rtentry$$0000000D  c_w.l(__rtentry2.o)
    0x08010252   0x08010252   0x00000002   Code   RO        10552    .ARM.Collect$$rtexit$$00000000  c_w.l(rtexit.o)
    0x08010254   0x08010254   0x00000000   Code   RO        10606    .ARM.Collect$$rtexit$$00000002  c_w.l(rtexit2.o)
    0x08010254   0x08010254   0x00000004   Code   RO        10607    .ARM.Collect$$rtexit$$00000003  c_w.l(rtexit2.o)
    0x08010258   0x08010258   0x00000006   Code   RO        10608    .ARM.Collect$$rtexit$$00000004  c_w.l(rtexit2.o)
    0x0801025e   0x0801025e   0x00000002   PAD
    0x08010260   0x08010260   0x00000096   Code   RO         8804    .emb_text           port.o
    0x080102f6   0x080102f6   0x00000002   PAD
    0x080102f8   0x080102f8   0x00000040   Code   RO            4    .text               startup_stm32f205xx.o
    0x08010338   0x08010338   0x000000ee   Code   RO        10423    .text               c_w.l(lludivv7m.o)
    0x08010426   0x08010426   0x00000026   Code   RO        10425    .text               c_w.l(llshl.o)
    0x0801044c   0x0801044c   0x00000026   Code   RO        10427    .text               c_w.l(llushr.o)
    0x08010472   0x08010472   0x00000002   PAD
    0x08010474   0x08010474   0x00000080   Code   RO        10429    .text               c_w.l(assert.o)
    0x080104f4   0x080104f4   0x00000058   Code   RO        10431    .text               c_w.l(memcmp.o)
    0x0801054c   0x0801054c   0x0000003e   Code   RO        10433    .text               c_w.l(strlen.o)
    0x0801058a   0x0801058a   0x0000008a   Code   RO        10435    .text               c_w.l(rt_memcpy_v6.o)
    0x08010614   0x08010614   0x00000064   Code   RO        10437    .text               c_w.l(rt_memcpy_w.o)
    0x08010678   0x08010678   0x00000010   Code   RO        10441    .text               c_w.l(aeabi_memset.o)
    0x08010688   0x08010688   0x00000044   Code   RO        10443    .text               c_w.l(rt_memclr.o)
    0x080106cc   0x080106cc   0x0000004e   Code   RO        10445    .text               c_w.l(rt_memclr_w.o)
    0x0801071a   0x0801071a   0x00000006   Code   RO        10447    .text               c_w.l(heapauxi.o)
    0x08010720   0x08010720   0x00000016   Code   RO        10488    .text               c_w.l(abort.o)
    0x08010736   0x08010736   0x00000014   Code   RO        10490    .text               c_w.l(assert_puts.o)
    0x0801074a   0x0801074a   0x0000000e   Code   RO        10501    .text               c_w.l(sys_wrch.o)
    0x08010758   0x08010758   0x0000000c   Code   RO        10503    .text               c_w.l(sys_exit.o)
    0x08010764   0x08010764   0x0000000e   Code   RO        10522    .text               c_w.l(defsig_abrt_outer.o)
    0x08010772   0x08010772   0x00000002   Code   RO        10526    .text               c_w.l(use_no_semi.o)
    0x08010774   0x08010774   0x00000000   Code   RO        10528    .text               c_w.l(indicate_semi.o)
    0x08010774   0x08010774   0x0000004a   Code   RO        10529    .text               c_w.l(sys_stackheap_outer.o)
    0x080107be   0x080107be   0x00000012   Code   RO        10533    .text               c_w.l(exit.o)
    0x080107d0   0x080107d0   0x0000000a   Code   RO        10535    .text               c_w.l(defsig_exit.o)
    0x080107da   0x080107da   0x00000002   PAD
    0x080107dc   0x080107dc   0x00000030   Code   RO        10537    .text               c_w.l(defsig_abrt_inner.o)
    0x0801080c   0x0801080c   0x00000008   Code   RO        10549    .text               c_w.l(libspace.o)
    0x08010814   0x08010814   0x00000032   Code   RO        10556    .text               c_w.l(defsig_general.o)
    0x08010846   0x08010846   0x0000000a   Code   RO         9190    i.CAN1_RX0_IRQHandler  can_stm32f2xx.o
    0x08010850   0x08010850   0x0000000a   Code   RO         9191    i.CAN2_RX0_IRQHandler  can_stm32f2xx.o
    0x0801085a   0x0801085a   0x0000000c   Code   RO         9192    i.EXTI15_10_IRQHandler  can_stm32f2xx.o
    0x08010866   0x08010866   0x0000000a   Code   RO         9071    i.EXTI3_IRQHandler  board_stm32f2xx.o
    0x08010870   0x08010870   0x0000000a   Code   RO         9072    i.EXTI4_IRQHandler  board_stm32f2xx.o
    0x0801087a   0x0801087a   0x0000000c   Code   RO         9193    i.EXTI9_5_IRQHandler  can_stm32f2xx.o
    0x08010886   0x08010886   0x00000002   PAD
    0x08010888   0x08010888   0x0000012c   Code   RO         7698    i.HAL_CAN_ConfigFilter  stm32f2xx_hal_can.o
    0x080109b4   0x080109b4   0x000001bc   Code   RO         7704    i.HAL_CAN_Init      stm32f2xx_hal_can.o
    0x08010b70   0x08010b70   0x00000002   Code   RO         7706    i.HAL_CAN_MspInit   stm32f2xx_hal_can.o
    0x08010b72   0x08010b72   0x00000092   Code   RO         7710    i.HAL_CAN_Sleep     stm32f2xx_hal_can.o
    0x08010c04   0x08010c04   0x000002b8   Code   RO         7711    i.HAL_CAN_Transmit  stm32f2xx_hal_can.o
    0x08010ebc   0x08010ebc   0x0000008e   Code   RO         7714    i.HAL_CAN_WakeUp    stm32f2xx_hal_can.o
    0x08010f4a   0x08010f4a   0x00000028   Code   RO         1184    i.HAL_DMA_Abort_IT  stm32f2xx_hal_dma.o
    0x08010f72   0x08010f72   0x00000008   Code   RO         1187    i.HAL_DMA_GetState  stm32f2xx_hal_dma.o
    0x08010f7a   0x08010f7a   0x00000002   PAD
    0x08010f7c   0x08010f7c   0x00000028   Code   RO          240    i.HAL_Delay         stm32f2xx_hal.o
    0x08010fa4   0x08010fa4   0x00000002   Code   RO         1641    i.HAL_GPIO_EXTI_Callback  stm32f2xx_hal_gpio.o
    0x08010fa6   0x08010fa6   0x00000002   PAD
    0x08010fa8   0x08010fa8   0x0000001c   Code   RO         1642    i.HAL_GPIO_EXTI_IRQHandler  stm32f2xx_hal_gpio.o
    0x08010fc4   0x08010fc4   0x00000208   Code   RO         1643    i.HAL_GPIO_Init     stm32f2xx_hal_gpio.o
    0x080111cc   0x080111cc   0x00000010   Code   RO         1645    i.HAL_GPIO_ReadPin  stm32f2xx_hal_gpio.o
    0x080111dc   0x080111dc   0x00000010   Code   RO         1646    i.HAL_GPIO_TogglePin  stm32f2xx_hal_gpio.o
    0x080111ec   0x080111ec   0x0000000c   Code   RO         1647    i.HAL_GPIO_WritePin  stm32f2xx_hal_gpio.o
    0x080111f8   0x080111f8   0x0000000c   Code   RO          246    i.HAL_GetTick       stm32f2xx_hal.o
    0x08011204   0x08011204   0x00000002   Code   RO         1900    i.HAL_I2C_AbortCpltCallback  stm32f2xx_hal_i2c.o
    0x08011206   0x08011206   0x00000002   Code   RO         1901    i.HAL_I2C_AddrCallback  stm32f2xx_hal_i2c.o
    0x08011208   0x08011208   0x000000ce   Code   RO         1904    i.HAL_I2C_ER_IRQHandler  stm32f2xx_hal_i2c.o
    0x080112d6   0x080112d6   0x000001c4   Code   RO         1905    i.HAL_I2C_EV_IRQHandler  stm32f2xx_hal_i2c.o
    0x0801149a   0x0801149a   0x00000002   Code   RO         1907    i.HAL_I2C_ErrorCallback  stm32f2xx_hal_i2c.o
    0x0801149c   0x0801149c   0x00000008   Code   RO         1910    i.HAL_I2C_GetState  stm32f2xx_hal_i2c.o
    0x080114a4   0x080114a4   0x000001b8   Code   RO         1911    i.HAL_I2C_Init      stm32f2xx_hal_i2c.o
    0x0801165c   0x0801165c   0x00000002   Code   RO         1913    i.HAL_I2C_ListenCpltCallback  stm32f2xx_hal_i2c.o
    0x0801165e   0x0801165e   0x00000002   Code   RO         1914    i.HAL_I2C_MasterRxCpltCallback  stm32f2xx_hal_i2c.o
    0x08011660   0x08011660   0x00000002   Code   RO         1915    i.HAL_I2C_MasterTxCpltCallback  stm32f2xx_hal_i2c.o
    0x08011662   0x08011662   0x00000002   PAD
    0x08011664   0x08011664   0x00000100   Code   RO         1919    i.HAL_I2C_Master_Receive_IT  stm32f2xx_hal_i2c.o
    0x08011764   0x08011764   0x000000f4   Code   RO         1926    i.HAL_I2C_Master_Transmit_IT  stm32f2xx_hal_i2c.o
    0x08011858   0x08011858   0x00000002   Code   RO         1927    i.HAL_I2C_MemRxCpltCallback  stm32f2xx_hal_i2c.o
    0x0801185a   0x0801185a   0x00000002   Code   RO         1928    i.HAL_I2C_MemTxCpltCallback  stm32f2xx_hal_i2c.o
    0x0801185c   0x0801185c   0x00000002   Code   RO         1936    i.HAL_I2C_MspInit   stm32f2xx_hal_i2c.o
    0x0801185e   0x0801185e   0x00000002   Code   RO         1937    i.HAL_I2C_SlaveRxCpltCallback  stm32f2xx_hal_i2c.o
    0x08011860   0x08011860   0x00000002   Code   RO         1938    i.HAL_I2C_SlaveTxCpltCallback  stm32f2xx_hal_i2c.o
    0x08011862   0x08011862   0x00000002   PAD
    0x08011864   0x08011864   0x00000018   Code   RO          252    i.HAL_IncTick       stm32f2xx_hal.o
    0x0801187c   0x0801187c   0x0000003c   Code   RO          253    i.HAL_Init          stm32f2xx_hal.o
    0x080118b8   0x080118b8   0x0000004c   Code   RO          254    i.HAL_InitTick      stm32f2xx_hal.o
    0x08011904   0x08011904   0x00000002   Code   RO          256    i.HAL_MspInit       stm32f2xx_hal.o
    0x08011906   0x08011906   0x00000020   Code   RO          703    i.HAL_NVIC_EnableIRQ  stm32f2xx_hal_cortex.o
    0x08011926   0x08011926   0x0000007c   Code   RO          709    i.HAL_NVIC_SetPriority  stm32f2xx_hal_cortex.o
    0x080119a2   0x080119a2   0x00000002   PAD
    0x080119a4   0x080119a4   0x00000028   Code   RO          710    i.HAL_NVIC_SetPriorityGrouping  stm32f2xx_hal_cortex.o
    0x080119cc   0x080119cc   0x00000020   Code   RO         3548    i.HAL_PWR_EnterSLEEPMode  stm32f2xx_hal_pwr.o
    0x080119ec   0x080119ec   0x00000040   Code   RO         3550    i.HAL_PWR_EnterSTOPMode  stm32f2xx_hal_pwr.o
    0x08011a2c   0x08011a2c   0x0000018c   Code   RO         3699    i.HAL_RCC_ClockConfig  stm32f2xx_hal_rcc.o
    0x08011bb8   0x08011bb8   0x0000000c   Code   RO         3704    i.HAL_RCC_GetHCLKFreq  stm32f2xx_hal_rcc.o
    0x08011bc4   0x08011bc4   0x0000002c   Code   RO         3706    i.HAL_RCC_GetPCLK1Freq  stm32f2xx_hal_rcc.o
    0x08011bf0   0x08011bf0   0x0000002c   Code   RO         3707    i.HAL_RCC_GetPCLK2Freq  stm32f2xx_hal_rcc.o
    0x08011c1c   0x08011c1c   0x000000b0   Code   RO         3708    i.HAL_RCC_GetSysClockFreq  stm32f2xx_hal_rcc.o
    0x08011ccc   0x08011ccc   0x0000041a   Code   RO         3711    i.HAL_RCC_OscConfig  stm32f2xx_hal_rcc.o
    0x080120e6   0x080120e6   0x00000012   Code   RO          257    i.HAL_ResumeTick    stm32f2xx_hal.o
    0x080120f8   0x080120f8   0x00000034   Code   RO          714    i.HAL_SYSTICK_Config  stm32f2xx_hal_cortex.o
    0x0801212c   0x0801212c   0x00000012   Code   RO          259    i.HAL_SuspendTick   stm32f2xx_hal.o
    0x0801213e   0x0801213e   0x00000072   Code   RO         6201    i.HAL_UART_Init     stm32f2xx_hal_uart.o
    0x080121b0   0x080121b0   0x00000002   Code   RO         6203    i.HAL_UART_MspInit  stm32f2xx_hal_uart.o
    0x080121b2   0x080121b2   0x000000d6   Code   RO         6209    i.HAL_UART_Transmit  stm32f2xx_hal_uart.o
    0x08012288   0x08012288   0x0000002c   Code   RO         6775    i.HAL_WWDG_Init     stm32f2xx_hal_wwdg.o
    0x080122b4   0x080122b4   0x00000002   Code   RO         6776    i.HAL_WWDG_MspInit  stm32f2xx_hal_wwdg.o
    0x080122b6   0x080122b6   0x0000000c   Code   RO         6777    i.HAL_WWDG_Refresh  stm32f2xx_hal_wwdg.o
    0x080122c2   0x080122c2   0x00000002   PAD
    0x080122c4   0x080122c4   0x00000010   Code   RO         9265    i.I2C1_ER_IRQHandler  i2c_stm32f2xx.o
    0x080122d4   0x080122d4   0x00000010   Code   RO         9266    i.I2C1_EV_IRQHandler  i2c_stm32f2xx.o
    0x080122e4   0x080122e4   0x0000001c   Code   RO         1949    i.I2C_ConvertOtherXferOptions  stm32f2xx_hal_i2c.o
    0x08012300   0x08012300   0x00000096   Code   RO         1950    i.I2C_DMAAbort      stm32f2xx_hal_i2c.o
    0x08012396   0x08012396   0x00000002   PAD
    0x08012398   0x08012398   0x00000184   Code   RO         1953    i.I2C_ITError       stm32f2xx_hal_i2c.o
    0x0801251c   0x0801251c   0x00000126   Code   RO         1955    i.I2C_MasterReceive_BTF  stm32f2xx_hal_i2c.o
    0x08012642   0x08012642   0x000000a4   Code   RO         1956    i.I2C_MasterReceive_RXNE  stm32f2xx_hal_i2c.o
    0x080126e6   0x080126e6   0x000000a0   Code   RO         1959    i.I2C_MasterTransmit_BTF  stm32f2xx_hal_i2c.o
    0x08012786   0x08012786   0x0000014c   Code   RO         1960    i.I2C_MasterTransmit_TXE  stm32f2xx_hal_i2c.o
    0x080128d2   0x080128d2   0x0000002a   Code   RO         1961    i.I2C_Master_ADD10  stm32f2xx_hal_i2c.o
    0x080128fc   0x080128fc   0x00000268   Code   RO         1962    i.I2C_Master_ADDR   stm32f2xx_hal_i2c.o
    0x08012b64   0x08012b64   0x0000009e   Code   RO         1963    i.I2C_Master_SB     stm32f2xx_hal_i2c.o
    0x08012c02   0x08012c02   0x0000001a   Code   RO         1966    i.I2C_SlaveReceive_BTF  stm32f2xx_hal_i2c.o
    0x08012c1c   0x08012c1c   0x00000046   Code   RO         1967    i.I2C_SlaveReceive_RXNE  stm32f2xx_hal_i2c.o
    0x08012c62   0x08012c62   0x0000001a   Code   RO         1968    i.I2C_SlaveTransmit_BTF  stm32f2xx_hal_i2c.o
    0x08012c7c   0x08012c7c   0x00000046   Code   RO         1969    i.I2C_SlaveTransmit_TXE  stm32f2xx_hal_i2c.o
    0x08012cc2   0x08012cc2   0x00000066   Code   RO         1970    i.I2C_Slave_ADDR    stm32f2xx_hal_i2c.o
    0x08012d28   0x08012d28   0x000000a0   Code   RO         1971    i.I2C_Slave_AF      stm32f2xx_hal_i2c.o
    0x08012dc8   0x08012dc8   0x0000018c   Code   RO         1972    i.I2C_Slave_STOPF   stm32f2xx_hal_i2c.o
    0x08012f54   0x08012f54   0x00000008   Code   RO         9322    i.LL_USART_ClearFlag_RXNE  uart_stm32f2xx.o
    0x08012f5c   0x08012f5c   0x0000000c   Code   RO         9073    i.SysTick_Handler   board_stm32f2xx.o
    0x08012f68   0x08012f68   0x00000058   Code   RO           14    i.SystemInit        system_stm32f2xx.o
    0x08012fc0   0x08012fc0   0x00000324   Code   RO         6228    i.UART_SetConfig    stm32f2xx_hal_uart.o
    0x080132e4   0x080132e4   0x0000006c   Code   RO         6230    i.UART_WaitOnFlagUntilTimeout  stm32f2xx_hal_uart.o
    0x08013350   0x08013350   0x0000000a   Code   RO         9323    i.USART1_IRQHandler  uart_stm32f2xx.o
    0x0801335a   0x0801335a   0x0000000a   Code   RO         9324    i.USART2_IRQHandler  uart_stm32f2xx.o
    0x08013364   0x08013364   0x00000030   Code   RO         9074    i.WWDG_IRQHandler   board_stm32f2xx.o
    0x08013394   0x08013394   0x00000010   Code   RO          716    i.__NVIC_GetPriorityGrouping  stm32f2xx_hal_cortex.o
    0x080133a4   0x080133a4   0x00000028   Code   RO          717    i.__NVIC_SetPriority  stm32f2xx_hal_cortex.o
    0x080133cc   0x080133cc   0x0000007c   Code   RO         8949    i.accr_sys_mode_trans  i2c.o
    0x08013448   0x08013448   0x00000026   Code   RO         9464    i.bitmask           bitfield.o
    0x0801346e   0x0801346e   0x00000012   Code   RO         9426    i.bits_to_bytes     bitarray.o
    0x08013480   0x08013480   0x0000002a   Code   RO         9506    i.bytesswap         diag.o
    0x080134aa   0x080134aa   0x00000002   PAD
    0x080134ac   0x080134ac   0x0000043a   Code   RO         9195    i.can_init          can_stm32f2xx.o
    0x080138e6   0x080138e6   0x00000002   PAD
    0x080138e8   0x080138e8   0x00000390   Code   RO         9196    i.can_irq_handler   can_stm32f2xx.o
    0x08013c78   0x08013c78   0x000000c8   Code   RO         9197    i.can_pwr_mode_trans  can_stm32f2xx.o
    0x08013d40   0x08013d40   0x00000100   Code   RO         8884    i.can_receive       can.o
    0x08013e40   0x08013e40   0x00000160   Code   RO        10226    i.can_receive_task  rtos.o
    0x08013fa0   0x08013fa0   0x00000124   Code   RO         9198    i.can_transmit      can_stm32f2xx.o
    0x080140c4   0x080140c4   0x00000014   Code   RO         9945    i.cancel_max_alarm  osek_nm.o
    0x080140d8   0x080140d8   0x00000014   Code   RO         9946    i.cancel_typical_alarm  osek_nm.o
    0x080140ec   0x080140ec   0x00000080   Code   RO        10227    i.client_receive_callback  rtos.o
    0x0801416c   0x0801416c   0x0000028c   Code   RO         9427    i.copy_bits         bitarray.o
    0x080143f8   0x080143f8   0x00000044   Code   RO         9428    i.copy_bits_right_aligned  bitarray.o
    0x0801443c   0x0801443c   0x00000294   Code   RO        10228    i.daemon_task       rtos.o
    0x080146d0   0x080146d0   0x00000002   Code   RO         9019    i.debug             uart.o
    0x080146d2   0x080146d2   0x0000000c   Code   RO         9075    i.delay             board_stm32f2xx.o
    0x080146de   0x080146de   0x00000002   Code   RO         9537    i.diag_client_app_indication  diag_client.o
    0x080146e0   0x080146e0   0x00000080   Code   RO         9539    i.diag_client_init  diag_client.o
    0x08014760   0x08014760   0x000000ac   Code   RO         9540    i.diag_client_poll_response  diag_client.o
    0x0801480c   0x0801480c   0x00000068   Code   RO         9541    i.diag_client_request  diag_client.o
    0x08014874   0x08014874   0x00000290   Code   RO         9585    i.diag_server_app_indication  diag_server.o
    0x08014b04   0x08014b04   0x0000003c   Code   RO         9586    i.diag_server_comm_ctrl_rx_enabled  diag_server.o
    0x08014b40   0x08014b40   0x0000003c   Code   RO         9587    i.diag_server_comm_ctrl_tx_enabled  diag_server.o
    0x08014b7c   0x08014b7c   0x00000138   Code   RO         9588    i.diag_server_data_init  diag_server.o
    0x08014cb4   0x08014cb4   0x000000fc   Code   RO         9590    i.diag_server_enter_default_session  diag_server.o
    0x08014db0   0x08014db0   0x00000006   Code   RO         9591    i.diag_server_flash_erase_sectors_callback  diag_server.o
    0x08014db6   0x08014db6   0x00000006   Code   RO         9592    i.diag_server_flash_program_callback  diag_server.o
    0x08014dbc   0x08014dbc   0x00000006   Code   RO         9593    i.diag_server_flash_program_verify_callback  diag_server.o
    0x08014dc2   0x08014dc2   0x00000006   Code   RO         9594    i.diag_server_flash_verify_sectors_callback  diag_server.o
    0x08014dc8   0x08014dc8   0x0000000c   Code   RO        10229    i.diag_server_get_car_status_callback  rtos.o
    0x08014dd4   0x08014dd4   0x0000008a   Code   RO         9596    i.diag_server_get_did_address  diag_server.o
    0x08014e5e   0x08014e5e   0x00000002   PAD
    0x08014e60   0x08014e60   0x00000024   Code   RO         9597    i.diag_server_get_did_index  diag_server.o
    0x08014e84   0x08014e84   0x00000030   Code   RO        10230    i.diag_server_get_pwr_vol_callback  rtos.o
    0x08014eb4   0x08014eb4   0x0000000c   Code   RO        10231    i.diag_server_get_vehicle_speed_callback  rtos.o
    0x08014ec0   0x08014ec0   0x000000b4   Code   RO         9600    i.diag_server_indication  diag_server.o
    0x08014f74   0x08014f74   0x0000007c   Code   RO         9601    i.diag_server_init  diag_server.o
    0x08014ff0   0x08014ff0   0x00000020   Code   RO         9602    i.diag_server_is_security_access_level_locked  diag_server.o
    0x08015010   0x08015010   0x0000002c   Code   RO         9603    i.diag_server_is_spd_in_active_session_mode  diag_server.o
    0x0801503c   0x0801503c   0x00000340   Code   RO         9604    i.diag_server_on_msg  diag_server.o
    0x0801537c   0x0801537c   0x00000070   Code   RO         9605    i.diag_server_read_data_by_id  diag_server.o
    0x080153ec   0x080153ec   0x00000254   Code   RO         9606    i.diag_server_request_handler  diag_server.o
    0x08015640   0x08015640   0x00000008   Code   RO        10232    i.diag_server_sys_reset_callback  rtos.o
    0x08015648   0x08015648   0x0000004c   Code   RO        10233    i.diag_server_task  rtos.o
    0x08015694   0x08015694   0x000002b8   Code   RO         9608    i.diag_server_update_dtc  diag_server.o
    0x0801594c   0x0801594c   0x0000007c   Code   RO         9947    i.dispose_alive_message  osek_nm.o
    0x080159c8   0x080159c8   0x00000002   Code   RO         9948    i.dispose_limphome_message  osek_nm.o
    0x080159ca   0x080159ca   0x00000002   PAD
    0x080159cc   0x080159cc   0x00000070   Code   RO         9949    i.dispose_ring_message  osek_nm.o
    0x08015a3c   0x08015a3c   0x00000508   Code   RO        10234    i.downstream_receive_task  rtos.o
    0x08015f44   0x08015f44   0x00000070   Code   RO         8950    i.eeprom_read       i2c.o
    0x08015fb4   0x08015fb4   0x000000c8   Code   RO         8951    i.eeprom_write      i2c.o
    0x0801607c   0x0801607c   0x0000009c   Code   RO         9384    i.eightbyte_get_bitfield  8byte.o
    0x08016118   0x08016118   0x0000001c   Code   RO         9430    i.find_end_bit      bitarray.o
    0x08016134   0x08016134   0x00000028   Code   RO         9950    i.find_nm_node      osek_nm.o
    0x0801615c   0x0801615c   0x000004e0   Code   RO        10107    i.gen_resolve_downstream_to_msg  gen_resolve.o
    0x0801663c   0x0801663c   0x000000d8   Code   RO        10151    i.gen_resolve_downstream_to_msg_callback  resolve.o
    0x08016714   0x08016714   0x00002ae6   Code   RO        10109    i.gen_resolve_msg_to_upstream  gen_resolve.o
    0x080191fa   0x080191fa   0x00000002   PAD
    0x080191fc   0x080191fc   0x00000330   Code   RO        10152    i.gen_resolve_msg_to_upstream_callback  resolve.o
    0x0801952c   0x0801952c   0x00000058   Code   RO         9465    i.get_bitfield      bitfield.o
    0x08019584   0x08019584   0x0000000c   Code   RO         9951    i.get_max_alarm     osek_nm.o
    0x08019590   0x08019590   0x0000000c   Code   RO         9952    i.get_typical_alarm  osek_nm.o
    0x0801959c   0x0801959c   0x000001f4   Code   RO         9077    i.gpio_init         board_stm32f2xx.o
    0x08019790   0x08019790   0x000001c4   Code   RO         9268    i.i2c_master_init   i2c_stm32f2xx.o
    0x08019954   0x08019954   0x00000068   Code   RO         8952    i.i2c_master_read   i2c.o
    0x080199bc   0x080199bc   0x000000bc   Code   RO         9269    i.i2c_master_receive  i2c_stm32f2xx.o
    0x08019a78   0x08019a78   0x000000c0   Code   RO         9270    i.i2c_master_transmit  i2c_stm32f2xx.o
    0x08019b38   0x08019b38   0x0000015c   Code   RO        10235    i.init              rtos.o
    0x08019c94   0x08019c94   0x0000005c   Code   RO         9953    i.insert_nm_node    osek_nm.o
    0x08019cf0   0x08019cf0   0x000001e6   Code   RO         9830    i.isotp_indication  isotp.o
    0x08019ed6   0x08019ed6   0x00000002   PAD
    0x08019ed8   0x08019ed8   0x0000017c   Code   RO         9831    i.isotp_init_link   isotp.o
    0x0801a054   0x0801a054   0x0000000c   Code   RO         9832    i.isotp_ms_to_st_min  isotp.o
    0x0801a060   0x0801a060   0x000000a6   Code   RO         9833    i.isotp_poll        isotp.o
    0x0801a106   0x0801a106   0x0000003c   Code   RO         9834    i.isotp_receive     isotp.o
    0x0801a142   0x0801a142   0x00000002   PAD
    0x0801a144   0x0801a144   0x00000090   Code   RO         9835    i.isotp_receive_consecutive_frame  isotp.o
    0x0801a1d4   0x0801a1d4   0x000000f8   Code   RO         9836    i.isotp_receive_first_frame  isotp.o
    0x0801a2cc   0x0801a2cc   0x0000003c   Code   RO         9837    i.isotp_receive_flow_control_frame  isotp.o
    0x0801a308   0x0801a308   0x00000064   Code   RO         9838    i.isotp_receive_single_frame  isotp.o
    0x0801a36c   0x0801a36c   0x00000016   Code   RO         9839    i.isotp_send        isotp.o
    0x0801a382   0x0801a382   0x00000002   PAD
    0x0801a384   0x0801a384   0x000000c0   Code   RO         9840    i.isotp_send_consecutive_frame  isotp.o
    0x0801a444   0x0801a444   0x000000a4   Code   RO         9841    i.isotp_send_first_frame  isotp.o
    0x0801a4e8   0x0801a4e8   0x00000050   Code   RO         9842    i.isotp_send_flow_control  isotp.o
    0x0801a538   0x0801a538   0x00000070   Code   RO         9843    i.isotp_send_poll   isotp.o
    0x0801a5a8   0x0801a5a8   0x0000009c   Code   RO         9844    i.isotp_send_single_frame  isotp.o
    0x0801a644   0x0801a644   0x000000c0   Code   RO         9845    i.isotp_send_with_id  isotp.o
    0x0801a704   0x0801a704   0x0000001a   Code   RO         9846    i.isotp_st_min_to_ms  isotp.o
    0x0801a71e   0x0801a71e   0x00000002   PAD
    0x0801a720   0x0801a720   0x00000020   Code   RO        10406    i.main              main.o
    0x0801a740   0x0801a740   0x00000034   Code   RO         9954    i.make_predecessor_successor  osek_nm.o
    0x0801a774   0x0801a774   0x00000008   Code   RO         9955    i.max_timer_function  osek_nm.o
    0x0801a77c   0x0801a77c   0x0000000e   Code   RO        10236    i.normal_task       rtos.o
    0x0801a78a   0x0801a78a   0x00000002   PAD
    0x0801a78c   0x0801a78c   0x00000058   Code   RO         9956    i.osek_nm_indication  osek_nm.o
    0x0801a7e4   0x0801a7e4   0x00000064   Code   RO         9958    i.osek_nm_time_callback  osek_nm.o
    0x0801a848   0x0801a848   0x0000000c   Code   RO         9960    i.presleep_state    osek_nm.o
    0x0801a854   0x0801a854   0x00000002   Code   RO         9020    i.print_buf         uart.o
    0x0801a856   0x0801a856   0x00000002   PAD
    0x0801a858   0x0801a858   0x00000098   Code   RO         8326    i.prvAddCurrentTaskToDelayedList  tasks.o
    0x0801a8f0   0x0801a8f0   0x000000b4   Code   RO         8327    i.prvAddNewTaskToReadyList  tasks.o
    0x0801a9a4   0x0801a9a4   0x00000064   Code   RO         8636    i.prvCheckForValidListAndQueue  timers.o
    0x0801aa08   0x0801aa08   0x00000048   Code   RO         8328    i.prvCheckTasksWaitingTermination  tasks.o
    0x0801aa50   0x0801aa50   0x0000002a   Code   RO         7992    i.prvCopyDataFromQueue  queue.o
    0x0801aa7a   0x0801aa7a   0x0000007c   Code   RO         7993    i.prvCopyDataToQueue  queue.o
    0x0801aaf6   0x0801aaf6   0x00000012   Code   RO         8329    i.prvDeleteTCB      tasks.o
    0x0801ab08   0x0801ab08   0x00000014   Code   RO         7994    i.prvGetDisinheritPriorityAfterTimeout  queue.o
    0x0801ab1c   0x0801ab1c   0x00000028   Code   RO         8637    i.prvGetNextExpireTime  timers.o
    0x0801ab44   0x0801ab44   0x00000038   Code   RO         8766    i.prvHeapInit       heap_2.o
    0x0801ab7c   0x0801ab7c   0x0000002c   Code   RO         8330    i.prvIdleTask       tasks.o
    0x0801aba8   0x0801aba8   0x0000001c   Code   RO         7995    i.prvInitialiseMutex  queue.o
    0x0801abc4   0x0801abc4   0x00000026   Code   RO         7996    i.prvInitialiseNewQueue  queue.o
    0x0801abea   0x0801abea   0x000000b4   Code   RO         8331    i.prvInitialiseNewTask  tasks.o
    0x0801ac9e   0x0801ac9e   0x0000004e   Code   RO         8638    i.prvInitialiseNewTimer  timers.o
    0x0801acec   0x0801acec   0x00000068   Code   RO         8332    i.prvInitialiseTaskLists  tasks.o
    0x0801ad54   0x0801ad54   0x00000058   Code   RO         8639    i.prvInsertTimerInActiveList  timers.o
    0x0801adac   0x0801adac   0x0000001a   Code   RO         7997    i.prvIsQueueEmpty   queue.o
    0x0801adc6   0x0801adc6   0x0000001e   Code   RO         7998    i.prvIsQueueFull    queue.o
    0x0801ade4   0x0801ade4   0x00000064   Code   RO         8640    i.prvProcessExpiredTimer  timers.o
    0x0801ae48   0x0801ae48   0x000000f4   Code   RO         8641    i.prvProcessReceivedCommands  timers.o
    0x0801af3c   0x0801af3c   0x00000074   Code   RO         8642    i.prvProcessTimerOrBlockTask  timers.o
    0x0801afb0   0x0801afb0   0x00000034   Code   RO         8333    i.prvResetNextTaskUnblockTime  tasks.o
    0x0801afe4   0x0801afe4   0x0000002c   Code   RO         8643    i.prvSampleTimeNow  timers.o
    0x0801b010   0x0801b010   0x000000a0   Code   RO         8644    i.prvSwitchTimerLists  timers.o
    0x0801b0b0   0x0801b0b0   0x00000040   Code   RO         8805    i.prvTaskExitError  port.o
    0x0801b0f0   0x0801b0f0   0x0000001a   Code   RO         8645    i.prvTimerTask      timers.o
    0x0801b10a   0x0801b10a   0x0000007e   Code   RO         7999    i.prvUnlockQueue    queue.o
    0x0801b188   0x0801b188   0x000000c0   Code   RO         8767    i.pvPortMalloc      heap_2.o
    0x0801b248   0x0801b248   0x00000020   Code   RO         8335    i.pvTaskIncrementMutexHeldCount  tasks.o
    0x0801b268   0x0801b268   0x00000064   Code   RO         9078    i.pwr_mode_trans    board_stm32f2xx.o
    0x0801b2cc   0x0801b2cc   0x00000024   Code   RO         8806    i.pxPortInitialiseStack  port.o
    0x0801b2f0   0x0801b2f0   0x0000014c   Code   RO         9609    i.request_clear_diag_info_handler  diag_server.o
    0x0801b43c   0x0801b43c   0x000000e4   Code   RO         9610    i.request_comm_ctrl_handler  diag_server.o
    0x0801b520   0x0801b520   0x00000038   Code   RO         9611    i.request_ctrl_dtc_setting_handler  diag_server.o
    0x0801b558   0x0801b558   0x000000e4   Code   RO         9612    i.request_download_handler  diag_server.o
    0x0801b63c   0x0801b63c   0x00000038   Code   RO         9613    i.request_ecu_reset_handler  diag_server.o
    0x0801b674   0x0801b674   0x000000f8   Code   RO         9614    i.request_read_by_did_handler  diag_server.o
    0x0801b76c   0x0801b76c   0x00000284   Code   RO         9615    i.request_read_dtc_info_handler  diag_server.o
    0x0801b9f0   0x0801b9f0   0x00000250   Code   RO         9616    i.request_routine_ctrl_handler  diag_server.o
    0x0801bc40   0x0801bc40   0x00000344   Code   RO         9617    i.request_security_access_handler  diag_server.o
    0x0801bf84   0x0801bf84   0x000000d0   Code   RO         9618    i.request_session_ctrl_handler  diag_server.o
    0x0801c054   0x0801c054   0x000000f4   Code   RO         9619    i.request_transfer_data_handler  diag_server.o
    0x0801c148   0x0801c148   0x0000004c   Code   RO         9620    i.request_transfer_exit_handler  diag_server.o
    0x0801c194   0x0801c194   0x000000f0   Code   RO         9621    i.request_write_by_did_handler  diag_server.o
    0x0801c284   0x0801c284   0x0000006c   Code   RO         9962    i.reset_nm_state    osek_nm.o
    0x0801c2f0   0x0801c2f0   0x000000a0   Code   RO        10154    i.resolve_downstream_to_msg  resolve.o
    0x0801c390   0x0801c390   0x0000008c   Code   RO        10155    i.resolve_get_upstream  resolve.o
    0x0801c41c   0x0801c41c   0x0000003c   Code   RO        10156    i.resolve_get_upstream_item  resolve.o
    0x0801c458   0x0801c458   0x00000034   Code   RO        10157    i.resolve_init      resolve.o
    0x0801c48c   0x0801c48c   0x00000058   Code   RO        10158    i.resolve_msg_to_upstream  resolve.o
    0x0801c4e4   0x0801c4e4   0x00000128   Code   RO        10237    i.rtos_start        rtos.o
    0x0801c60c   0x0801c60c   0x0000001c   Code   RO         9963    i.send_alive_message  osek_nm.o
    0x0801c628   0x0801c628   0x00000022   Code   RO         9965    i.send_nm_message   osek_nm.o
    0x0801c64a   0x0801c64a   0x00000036   Code   RO         9966    i.send_ring_message  osek_nm.o
    0x0801c680   0x0801c680   0x00000080   Code   RO        10238    i.server_receive_callback  rtos.o
    0x0801c700   0x0801c700   0x0000005a   Code   RO         9468    i.set_bitfield      bitfield.o
    0x0801c75a   0x0801c75a   0x00000002   PAD
    0x0801c75c   0x0801c75c   0x00000018   Code   RO         9967    i.set_max_alarm     osek_nm.o
    0x0801c774   0x0801c774   0x00000018   Code   RO         9968    i.set_typical_alarm  osek_nm.o
    0x0801c78c   0x0801c78c   0x0000004e   Code   RO         9079    i.sys_clk_config    board_stm32f2xx.o
    0x0801c7da   0x0801c7da   0x0000000e   Code   RO         9080    i.sys_init          board_stm32f2xx.o
    0x0801c7e8   0x0801c7e8   0x0000004c   Code   RO         9081    i.sys_reset         board_stm32f2xx.o
    0x0801c834   0x0801c834   0x00000008   Code   RO         9082    i.sys_time          board_stm32f2xx.o
    0x0801c83c   0x0801c83c   0x000000d4   Code   RO        10239    i.timer_callback    rtos.o
    0x0801c910   0x0801c910   0x00000078   Code   RO        10240    i.transmit_callback  rtos.o
    0x0801c988   0x0801c988   0x00000054   Code   RO         9969    i.typical_timer_function  osek_nm.o
    0x0801c9dc   0x0801c9dc   0x00000214   Code   RO         9326    i.uart_init         uart_stm32f2xx.o
    0x0801cbf0   0x0801cbf0   0x0000009c   Code   RO         9327    i.uart_irq_handler  uart_stm32f2xx.o
    0x0801cc8c   0x0801cc8c   0x000000c0   Code   RO         9021    i.uart_receive      uart.o
    0x0801cd4c   0x0801cd4c   0x00000108   Code   RO         9022    i.uart_receive_with_header_poll  uart.o
    0x0801ce54   0x0801ce54   0x000000ac   Code   RO         9328    i.uart_transmit     uart_stm32f2xx.o
    0x0801cf00   0x0801cf00   0x000000ac   Code   RO         9023    i.uart_transmit_with_header  uart.o
    0x0801cfac   0x0801cfac   0x00000028   Code   RO         7952    i.uxListRemove      list.o
    0x0801cfd4   0x0801cfd4   0x0000000c   Code   RO        10242    i.vApplicationIdleHook  rtos.o
    0x0801cfe0   0x0801cfe0   0x0000002c   Code   RO        10243    i.vApplicationMallocFailedHook  rtos.o
    0x0801d00c   0x0801d00c   0x0000002c   Code   RO        10244    i.vApplicationStackOverflowHook  rtos.o
    0x0801d038   0x0801d038   0x00000002   Code   RO        10245    i.vApplicationTickHook  rtos.o
    0x0801d03a   0x0801d03a   0x0000001a   Code   RO         7953    i.vListInitialise   list.o
    0x0801d054   0x0801d054   0x00000006   Code   RO         7954    i.vListInitialiseItem  list.o
    0x0801d05a   0x0801d05a   0x00000034   Code   RO         7955    i.vListInsert       list.o
    0x0801d08e   0x0801d08e   0x00000018   Code   RO         7956    i.vListInsertEnd    list.o
    0x0801d0a6   0x0801d0a6   0x00000002   PAD
    0x0801d0a8   0x0801d0a8   0x00000054   Code   RO         8808    i.vPortEnterCritical  port.o
    0x0801d0fc   0x0801d0fc   0x0000003c   Code   RO         8809    i.vPortExitCritical  port.o
    0x0801d138   0x0801d138   0x00000040   Code   RO         8768    i.vPortFree         heap_2.o
    0x0801d178   0x0801d178   0x00000028   Code   RO         8810    i.vPortSetupTimerInterrupt  port.o
    0x0801d1a0   0x0801d1a0   0x00000078   Code   RO         8811    i.vPortValidateInterruptPriority  port.o
    0x0801d218   0x0801d218   0x0000002c   Code   RO         8003    i.vQueueAddToRegistry  queue.o
    0x0801d244   0x0801d244   0x0000004a   Code   RO         8006    i.vQueueWaitForMessageRestricted  queue.o
    0x0801d28e   0x0801d28e   0x00000002   PAD
    0x0801d290   0x0801d290   0x0000005c   Code   RO         8341    i.vTaskDelay        tasks.o
    0x0801d2ec   0x0801d2ec   0x00000018   Code   RO         8345    i.vTaskInternalSetTimeOutState  tasks.o
    0x0801d304   0x0801d304   0x0000000c   Code   RO         8346    i.vTaskMissedYield  tasks.o
    0x0801d310   0x0801d310   0x00000038   Code   RO         8348    i.vTaskPlaceOnEventList  tasks.o
    0x0801d348   0x0801d348   0x00000040   Code   RO         8349    i.vTaskPlaceOnEventListRestricted  tasks.o
    0x0801d388   0x0801d388   0x000000f4   Code   RO         8351    i.vTaskPriorityDisinheritAfterTimeout  tasks.o
    0x0801d47c   0x0801d47c   0x00000094   Code   RO         8356    i.vTaskStartScheduler  tasks.o
    0x0801d510   0x0801d510   0x00000010   Code   RO         8358    i.vTaskSuspendAll   tasks.o
    0x0801d520   0x0801d520   0x000000c4   Code   RO         8359    i.vTaskSwitchContext  tasks.o
    0x0801d5e4   0x0801d5e4   0x00000060   Code   RO         9084    i.wdog_enable       board_stm32f2xx.o
    0x0801d644   0x0801d644   0x00000010   Code   RO         9085    i.wdog_refresh      board_stm32f2xx.o
    0x0801d654   0x0801d654   0x0000000c   Code   RO         8770    i.xPortGetFreeHeapSize  heap_2.o
    0x0801d660   0x0801d660   0x000000f8   Code   RO         8812    i.xPortStartScheduler  port.o
    0x0801d758   0x0801d758   0x00000034   Code   RO         8813    i.xPortSysTickHandler  port.o
    0x0801d78c   0x0801d78c   0x00000022   Code   RO         8008    i.xQueueCreateMutex  queue.o
    0x0801d7ae   0x0801d7ae   0x00000058   Code   RO         8009    i.xQueueGenericCreate  queue.o
    0x0801d806   0x0801d806   0x00000002   PAD
    0x0801d808   0x0801d808   0x00000098   Code   RO         8010    i.xQueueGenericReset  queue.o
    0x0801d8a0   0x0801d8a0   0x000001a8   Code   RO         8011    i.xQueueGenericSend  queue.o
    0x0801da48   0x0801da48   0x000000f8   Code   RO         8012    i.xQueueGenericSendFromISR  queue.o
    0x0801db40   0x0801db40   0x00000048   Code   RO         8014    i.xQueueGiveMutexRecursive  queue.o
    0x0801db88   0x0801db88   0x00000168   Code   RO         8019    i.xQueueReceive     queue.o
    0x0801dcf0   0x0801dcf0   0x000001b8   Code   RO         8021    i.xQueueSemaphoreTake  queue.o
    0x0801dea8   0x0801dea8   0x0000004e   Code   RO         8022    i.xQueueTakeMutexRecursive  queue.o
    0x0801def6   0x0801def6   0x00000002   PAD
    0x0801def8   0x0801def8   0x0000008c   Code   RO         8360    i.xTaskCheckForTimeOut  tasks.o
    0x0801df84   0x0801df84   0x00000060   Code   RO         8361    i.xTaskCreate       tasks.o
    0x0801dfe4   0x0801dfe4   0x0000000c   Code   RO         8364    i.xTaskGetCurrentTaskHandle  tasks.o
    0x0801dff0   0x0801dff0   0x00000020   Code   RO         8365    i.xTaskGetSchedulerState  tasks.o
    0x0801e010   0x0801e010   0x0000000c   Code   RO         8366    i.xTaskGetTickCount  tasks.o
    0x0801e01c   0x0801e01c   0x00000154   Code   RO         8368    i.xTaskIncrementTick  tasks.o
    0x0801e170   0x0801e170   0x000000c8   Code   RO         8371    i.xTaskPriorityDisinherit  tasks.o
    0x0801e238   0x0801e238   0x000000c8   Code   RO         8372    i.xTaskPriorityInherit  tasks.o
    0x0801e300   0x0801e300   0x00000098   Code   RO         8373    i.xTaskRemoveFromEventList  tasks.o
    0x0801e398   0x0801e398   0x00000104   Code   RO         8374    i.xTaskResumeAll    tasks.o
    0x0801e49c   0x0801e49c   0x00000030   Code   RO         8648    i.xTimerCreate      timers.o
    0x0801e4cc   0x0801e4cc   0x00000058   Code   RO         8649    i.xTimerCreateTimerTask  timers.o
    0x0801e524   0x0801e524   0x00000084   Code   RO         8650    i.xTimerGenericCommand  timers.o
    0x0801e5a8   0x0801e5a8   0x0000005a   Code   RO        10451    x$fpl$dfixu         fz_ws.l(dfixu.o)
    0x0801e602   0x0801e602   0x00000026   Code   RO        10455    x$fpl$dfltu         fz_ws.l(dflt_clz.o)
    0x0801e628   0x0801e628   0x00000154   Code   RO        10461    x$fpl$dmul          fz_ws.l(dmul.o)
    0x0801e77c   0x0801e77c   0x0000009c   Code   RO        10492    x$fpl$dnaninf       fz_ws.l(dnaninf.o)
    0x0801e818   0x0801e818   0x0000000c   Code   RO        10494    x$fpl$dretinf       fz_ws.l(dretinf.o)
    0x0801e824   0x0801e824   0x000000c4   Code   RO        10463    x$fpl$fadd          fz_ws.l(faddsub_clz.o)
    0x0801e8e8   0x0801e8e8   0x00000030   Code   RO        10474    x$fpl$fflt          fz_ws.l(fflt_clz.o)
    0x0801e918   0x0801e918   0x00000060   Code   RO        10479    x$fpl$ffltll        fz_ws.l(ffltll_clz.o)
    0x0801e978   0x0801e978   0x00000102   Code   RO        10481    x$fpl$fmul          fz_ws.l(fmul.o)
    0x0801ea7a   0x0801ea7a   0x0000008c   Code   RO        10496    x$fpl$fnaninf       fz_ws.l(fnaninf.o)
    0x0801eb06   0x0801eb06   0x0000000a   Code   RO        10498    x$fpl$fretinf       fz_ws.l(fretinf.o)
    0x0801eb10   0x0801eb10   0x000000ea   Code   RO        10465    x$fpl$fsub          fz_ws.l(faddsub_clz.o)
    0x0801ebfa   0x0801ebfa   0x00000002   PAD
    0x0801ebfc   0x0801ebfc   0x0000005c   Code   RO        10469    x$fpl$llufromf      fz_ws.l(ffixull.o)
    0x0801ec58   0x0801ec58   0x00000000   Code   RO        10500    x$fpl$usenofp       fz_ws.l(usenofp.o)
    0x0801ec58   0x0801ec58   0x00000018   Data   RO           15    .constdata          system_stm32f2xx.o
    0x0801ec70   0x0801ec70   0x00000012   Data   RO         9431    .constdata          bitarray.o
    0x0801ec82   0x0801ec82   0x00000002   PAD
    0x0801ec84   0x0801ec84   0x00000248   Data   RO        10111    .constdata          gen_resolve.o
    0x0801eecc   0x0801eecc   0x00000144   Data   RO        10248    .constdata          rtos.o
    0x0801f010   0x0801f010   0x00000051   Data   RO         9847    .conststring        isotp.o
    0x0801f061   0x0801f061   0x00000003   PAD
    0x0801f064   0x0801f064   0x00000020   Data   RO        10663    Region$$Table       anon$$obj.o


    Execution Region RW_IRAM1 (Exec base: 0x20000000, Load base: 0x0801f084, Size: 0x0000a1b8, Max: 0x00020000, ABSOLUTE, COMPRESSED[0x000003f4])

    Exec Addr    Load Addr    Size         Type   Attr      Idx    E Section Name        Object

    0x20000000   COMPRESSED   0x00000004   Data   RW           16    .data               system_stm32f2xx.o
    0x20000004   COMPRESSED   0x00000009   Data   RW          260    .data               stm32f2xx_hal.o
    0x2000000d   COMPRESSED   0x00000003   PAD
    0x20000010   COMPRESSED   0x0000003c   Data   RW         8377    .data               tasks.o
    0x2000004c   COMPRESSED   0x00000014   Data   RW         8656    .data               timers.o
    0x20000060   COMPRESSED   0x00000018   Data   RW         8772    .data               heap_2.o
    0x20000078   COMPRESSED   0x0000000c   Data   RW         8814    .data               port.o
    0x20000084   COMPRESSED   0x000000dc   Data   RW         9200    .data               can_stm32f2xx.o
    0x20000160   COMPRESSED   0x00000064   Data   RW         9271    .data               i2c_stm32f2xx.o
    0x200001c4   COMPRESSED   0x000000a8   Data   RW         9330    .data               uart_stm32f2xx.o
    0x2000026c   COMPRESSED   0x0000064e   Data   RW         9623    .data               diag_server.o
    0x200008ba   COMPRESSED   0x00000002   PAD
    0x200008bc   COMPRESSED   0x00000012   Data   RW         9972    .data               osek_nm.o
    0x200008ce   COMPRESSED   0x00000002   PAD
    0x200008d0   COMPRESSED   0x000001a9   Data   RW        10161    .data               resolve.o
    0x20000a79   COMPRESSED   0x00000003   PAD
    0x20000a7c   COMPRESSED   0x00000032   Data   RW        10249    .data               rtos.o
    0x20000aae   COMPRESSED   0x00000002   PAD
    0x20000ab0   COMPRESSED   0x00000004   Data   RW        10407    .data               main.o
    0x20000ab4        -       0x00000040   Zero   RW         8023    .bss                queue.o
    0x20000af4        -       0x00000104   Zero   RW         8376    .bss                tasks.o
    0x20000bf8        -       0x00000028   Zero   RW         8655    .bss                timers.o
    0x20000c20        -       0x000061a8   Zero   RW         8771    .bss                heap_2.o
    0x20006dc8        -       0x00000014   Zero   RW         9086    .bss                board_stm32f2xx.o
    0x20006ddc        -       0x000001c0   Zero   RW         9199    .bss                can_stm32f2xx.o
    0x20006f9c        -       0x000007d0   Zero   RW         9329    .bss                uart_stm32f2xx.o
    0x2000776c        -       0x00000543   Zero   RW         9622    .bss                diag_server.o
    0x20007caf        -       0x00000028   Zero   RW         9970    .bss                osek_nm.o
    0x20007cd7        -       0x0000000f   Zero   RW        10160    .bss                resolve.o
    0x20007ce6   COMPRESSED   0x00000002   PAD
    0x20007ce8        -       0x00001e70   Zero   RW        10247    .bss                rtos.o
    0x20009b58        -       0x00000060   Zero   RW        10550    .bss                c_w.l(libspace.o)
    0x20009bb8        -       0x00000200   Zero   RW            2    HEAP                startup_stm32f205xx.o
    0x20009db8        -       0x00000400   Zero   RW            1    STACK               startup_stm32f205xx.o


==============================================================================

Image component sizes


      Code (inc. data)   RO Data    RW Data    ZI Data      Debug   Object Name

       156          0          0          0          0       1945   8byte.o
       766          8         18          0          0       4841   bitarray.o
       216          0          0          0          0       2716   bitfield.o
       980         52          0          0         20      38449   board_stm32f2xx.o
       256         84          0          0          0       4575   can.o
      2530        334          0        220        448       6739   can_stm32f2xx.o
         0          0          0          0          0       7600   croutine.o
        42          0          0          0          0       2588   diag.o
       406        192          0          0          0       3485   diag_client.o
      8142        806          0       1614       1347      31054   diag_server.o
         0          0          0          0          0      12180   event_groups.o
     12230        382        584          0          0      51994   gen_resolve.o
       324         44          0         24      25000       4738   heap_2.o
       540        124          0          0          0       3077   i2c.o
       864        262          0        100          0       4369   i2c_stm32f2xx.o
      2600        666         81          0          0      16598   isotp.o
       148          0          0          0          0       3802   list.o
        32          6          0          4          0        635   main.o
      1050        194          0         18         40      11514   osek_nm.o
       854         78          0         12          0      11913   port.o
      2448         26          0          0         64      22430   queue.o
      1532        236          0        425         15       7600   resolve.o
      3804        704        324         50       7792      14453   rtos.o
        64         26        388          0       1536        796   startup_stm32f205xx.o
       250         38          0          9          0      11046   stm32f2xx_hal.o
      1730         18          0          0          0       5712   stm32f2xx_hal_can.o
       304         22          0          0          0      31511   stm32f2xx_hal_cortex.o
        48          0          0          0          0       1954   stm32f2xx_hal_dma.o
       594         54          0          0          0       5028   stm32f2xx_hal_gpio.o
      4810         60          0          0          0      26459   stm32f2xx_hal_i2c.o
        96         14          0          0          0       1293   stm32f2xx_hal_pwr.o
      1722         76          0          0          0       5844   stm32f2xx_hal_rcc.o
      1242          8          0          0          0       4551   stm32f2xx_hal_uart.o
        58          0          0          0          0       2430   stm32f2xx_hal_wwdg.o
         0          0          0          0          0        392   stream_buffer.o
        88         22         24          4          0     598159   system_stm32f2xx.o
      3130        388          0         60        260      26743   tasks.o
      1264        116          0         20         40      20850   timers.o
       632        188          0          0          0       3803   uart.o
       888        202          0        168       2000      17064   uart_stm32f2xx.o

    ----------------------------------------------------------------------
     56890       5430       1456       2740      38564    1032930   Object Totals
         0          0         32          0          0          0   (incl. Generated)
        50          0          5         12          2          0   (incl. Padding)

    ----------------------------------------------------------------------

      Code (inc. data)   RO Data    RW Data    ZI Data      Debug   Library Member Name

        90          0          0          0          0          0   __dczerorl2.o
         8          0          0          0          0         68   __main.o
         0          0          0          0          0          0   __rtentry.o
        12          0          0          0          0          0   __rtentry2.o
         6          0          0          0          0          0   __rtentry4.o
        52          8          0          0          0          0   __scatter.o
        28          0          0          0          0          0   __scatter_zi.o
        22          0          0          0          0         80   abort.o
        16          0          0          0          0         68   aeabi_memset.o
       128         42          0          0          0         76   assert.o
        20          0          0          0          0         76   assert_puts.o
        48         34          0          0          0         76   defsig_abrt_inner.o
        14          0          0          0          0         80   defsig_abrt_outer.o
        10          0          0          0          0         68   defsig_exit.o
        50          0          0          0          0         88   defsig_general.o
        18          0          0          0          0         80   exit.o
         6          0          0          0          0        152   heapauxi.o
         0          0          0          0          0          0   indicate_semi.o
         2          0          0          0          0          0   libinit.o
         2          0          0          0          0          0   libinit2.o
         2          0          0          0          0          0   libshutdown.o
         2          0          0          0          0          0   libshutdown2.o
         8          4          0          0         96         68   libspace.o
        38          0          0          0          0         68   llshl.o
       238          0          0          0          0        100   lludivv7m.o
        38          0          0          0          0         68   llushr.o
        88          0          0          0          0         76   memcmp.o
        68          0          0          0          0         68   rt_memclr.o
        78          0          0          0          0         80   rt_memclr_w.o
       138          0          0          0          0         68   rt_memcpy_v6.o
       100          0          0          0          0         80   rt_memcpy_w.o
         2          0          0          0          0          0   rtexit.o
        10          0          0          0          0          0   rtexit2.o
        62          0          0          0          0         76   strlen.o
        12          4          0          0          0         68   sys_exit.o
        74          0          0          0          0         80   sys_stackheap_outer.o
        14          0          0          0          0         76   sys_wrch.o
         2          0          0          0          0         68   use_no_semi.o
        90          4          0          0          0         92   dfixu.o
        38          0          0          0          0         68   dflt_clz.o
       340         12          0          0          0        104   dmul.o
       156          4          0          0          0         92   dnaninf.o
        12          0          0          0          0         68   dretinf.o
       430          8          0          0          0        168   faddsub_clz.o
        92          4          0          0          0         84   ffixull.o
        48          0          0          0          0         68   fflt_clz.o
        96          0          0          0          0         84   ffltll_clz.o
       258          4          0          0          0         84   fmul.o
       140          4          0          0          0         84   fnaninf.o
        10          0          0          0          0         68   fretinf.o
         0          0          0          0          0          0   usenofp.o

    ----------------------------------------------------------------------
      3226        132          0          0         96       3020   Library Totals
        10          0          0          0          0          0   (incl. Padding)

    ----------------------------------------------------------------------

      Code (inc. data)   RO Data    RW Data    ZI Data      Debug   Library Name

      1506         92          0          0         96       1956   c_w.l
      1710         40          0          0          0       1064   fz_ws.l

    ----------------------------------------------------------------------
      3226        132          0          0         96       3020   Library Totals

    ----------------------------------------------------------------------

==============================================================================


      Code (inc. data)   RO Data    RW Data    ZI Data      Debug   

     60116       5562       1456       2740      38660    1018266   Grand Totals
     60116       5562       1456       1012      38660    1018266   ELF Image Totals (compressed)
     60116       5562       1456       1012          0          0   ROM Totals

==============================================================================

    Total RO  Size (Code + RO Data)                61572 (  60.13kB)
    Total RW  Size (RW Data + ZI Data)             41400 (  40.43kB)
    Total ROM Size (Code + RO Data + RW Data)      62584 (  61.12kB)

==============================================================================

