Component: ARM Compiler 5.06 update 6 (build 750) Tool: armlink [4d35ed]

==============================================================================

Section Cross References

    startup_stm32f205xx.o(STACK) refers (Special) to heapauxi.o(.text) for __use_two_region_memory
    startup_stm32f205xx.o(HEAP) refers (Special) to heapauxi.o(.text) for __use_two_region_memory
    startup_stm32f205xx.o(RESET) refers (Special) to heapauxi.o(.text) for __use_two_region_memory
    startup_stm32f205xx.o(RESET) refers to startup_stm32f205xx.o(STACK) for __initial_sp
    startup_stm32f205xx.o(RESET) refers to startup_stm32f205xx.o(.text) for Reset_Handler
    startup_stm32f205xx.o(RESET) refers to fbl.o(.emb_text) for SVC_Handler
    startup_stm32f205xx.o(RESET) refers to system_stm32f2xx_1.o(i.SysTick_Handler) for SysTick_Handler
    startup_stm32f205xx.o(RESET) refers to system_stm32f2xx_1.o(i.WWDG_IRQHandler) for WWDG_IRQHandler
    startup_stm32f205xx.o(RESET) refers to system_stm32f2xx_1.o(i.EXTI3_IRQHandler) for EXTI3_IRQHandler
    startup_stm32f205xx.o(RESET) refers to system_stm32f2xx_1.o(i.EXTI4_IRQHandler) for EXTI4_IRQHandler
    startup_stm32f205xx.o(RESET) refers to can_stm32f2xx.o(i.CAN1_RX0_IRQHandler) for CAN1_RX0_IRQHandler
    startup_stm32f205xx.o(RESET) refers to can_stm32f2xx.o(i.EXTI9_5_IRQHandler) for EXTI9_5_IRQHandler
    startup_stm32f205xx.o(RESET) refers to timer_stm32f2xx.o(i.TIM3_IRQHandler) for TIM3_IRQHandler
    startup_stm32f205xx.o(RESET) refers to i2c_stm32f2xx.o(i.I2C1_EV_IRQHandler) for I2C1_EV_IRQHandler
    startup_stm32f205xx.o(RESET) refers to i2c_stm32f2xx.o(i.I2C1_ER_IRQHandler) for I2C1_ER_IRQHandler
    startup_stm32f205xx.o(RESET) refers to uart_stm32f2xx.o(i.USART1_IRQHandler) for USART1_IRQHandler
    startup_stm32f205xx.o(RESET) refers to uart_stm32f2xx.o(i.USART2_IRQHandler) for USART2_IRQHandler
    startup_stm32f205xx.o(RESET) refers to can_stm32f2xx.o(i.EXTI15_10_IRQHandler) for EXTI15_10_IRQHandler
    startup_stm32f205xx.o(RESET) refers to can_stm32f2xx.o(i.CAN2_RX0_IRQHandler) for CAN2_RX0_IRQHandler
    startup_stm32f205xx.o(.text) refers (Special) to heapauxi.o(.text) for __use_two_region_memory
    startup_stm32f205xx.o(.text) refers to system_stm32f2xx.o(i.SystemInit) for SystemInit
    startup_stm32f205xx.o(.text) refers to __main.o(!!!main) for __main
    startup_stm32f205xx.o(.text) refers to startup_stm32f205xx.o(HEAP) for Heap_Mem
    startup_stm32f205xx.o(.text) refers to startup_stm32f205xx.o(STACK) for Stack_Mem
    system_stm32f2xx.o(i.SystemCoreClockUpdate) refers to system_stm32f2xx.o(.data) for SystemCoreClock
    system_stm32f2xx.o(i.SystemCoreClockUpdate) refers to system_stm32f2xx.o(.constdata) for AHBPrescTable
    stm32f2xx_hal.o(i.HAL_DeInit) refers to stm32f2xx_hal.o(i.HAL_MspDeInit) for HAL_MspDeInit
    stm32f2xx_hal.o(i.HAL_Delay) refers to stm32f2xx_hal.o(i.HAL_GetTick) for HAL_GetTick
    stm32f2xx_hal.o(i.HAL_Delay) refers to stm32f2xx_hal.o(.data) for uwTickFreq
    stm32f2xx_hal.o(i.HAL_GetTick) refers to stm32f2xx_hal.o(.data) for uwTick
    stm32f2xx_hal.o(i.HAL_GetTickFreq) refers to stm32f2xx_hal.o(.data) for uwTickFreq
    stm32f2xx_hal.o(i.HAL_GetTickPrio) refers to stm32f2xx_hal.o(.data) for uwTickPrio
    stm32f2xx_hal.o(i.HAL_IncTick) refers to stm32f2xx_hal.o(.data) for uwTick
    stm32f2xx_hal.o(i.HAL_Init) refers to stm32f2xx_hal_cortex.o(i.HAL_NVIC_SetPriorityGrouping) for HAL_NVIC_SetPriorityGrouping
    stm32f2xx_hal.o(i.HAL_Init) refers to stm32f2xx_hal.o(i.HAL_InitTick) for HAL_InitTick
    stm32f2xx_hal.o(i.HAL_Init) refers to stm32f2xx_hal.o(i.HAL_MspInit) for HAL_MspInit
    stm32f2xx_hal.o(i.HAL_InitTick) refers to stm32f2xx_hal_cortex.o(i.HAL_SYSTICK_Config) for HAL_SYSTICK_Config
    stm32f2xx_hal.o(i.HAL_InitTick) refers to stm32f2xx_hal_cortex.o(i.HAL_NVIC_SetPriority) for HAL_NVIC_SetPriority
    stm32f2xx_hal.o(i.HAL_InitTick) refers to stm32f2xx_hal.o(.data) for uwTickFreq
    stm32f2xx_hal.o(i.HAL_InitTick) refers to system_stm32f2xx.o(.data) for SystemCoreClock
    stm32f2xx_hal.o(i.HAL_SetTickFreq) refers to stm32f2xx_hal.o(i.HAL_InitTick) for HAL_InitTick
    stm32f2xx_hal.o(i.HAL_SetTickFreq) refers to stm32f2xx_hal.o(.data) for uwTickFreq
    stm32f2xx_hal_adc.o(i.ADC_DMAConvCplt) refers to stm32f2xx_hal_adc.o(i.HAL_ADC_ConvCpltCallback) for HAL_ADC_ConvCpltCallback
    stm32f2xx_hal_adc.o(i.ADC_DMAConvCplt) refers to stm32f2xx_hal_adc.o(i.HAL_ADC_ErrorCallback) for HAL_ADC_ErrorCallback
    stm32f2xx_hal_adc.o(i.ADC_DMAError) refers to stm32f2xx_hal_adc.o(i.HAL_ADC_ErrorCallback) for HAL_ADC_ErrorCallback
    stm32f2xx_hal_adc.o(i.ADC_DMAHalfConvCplt) refers to stm32f2xx_hal_adc.o(i.HAL_ADC_ConvHalfCpltCallback) for HAL_ADC_ConvHalfCpltCallback
    stm32f2xx_hal_adc.o(i.HAL_ADC_ConfigChannel) refers to system_stm32f2xx.o(.data) for SystemCoreClock
    stm32f2xx_hal_adc.o(i.HAL_ADC_DeInit) refers to stm32f2xx_hal_adc.o(i.HAL_ADC_MspDeInit) for HAL_ADC_MspDeInit
[...]
    i.timer_stop                             0x08007ef8   Section        0  timer_stm32f2xx.o(i.timer_stop)
    i.transmit_callback                      0x08007f64   Section        0  fbl.o(i.transmit_callback)
    transmit_callback                        0x08007f65   Thumb Code    82  fbl.o(i.transmit_callback)
    i.uart_deinit                            0x08007fdc   Section        0  uart_stm32f2xx.o(i.uart_deinit)
    i.uart_init                              0x0800813c   Section        0  uart_stm32f2xx.o(i.uart_init)
    i.uart_irq_handler                       0x0800833c   Section        0  uart_stm32f2xx.o(i.uart_irq_handler)
    uart_irq_handler                         0x0800833d   Thumb Code   170  uart_stm32f2xx.o(i.uart_irq_handler)
    i.uart_receive                           0x080083f8   Section        0  uart.o(i.uart_receive)
    i.uart_receive_with_format_polling       0x080084b8   Section        0  uart.o(i.uart_receive_with_format_polling)
    i.uart_send                              0x080085ac   Section        0  uart_stm32f2xx.o(i.uart_send)
    i.uart_send_with_format                  0x08008640   Section        0  uart.o(i.uart_send_with_format)
    i.update_by_can                          0x080086d4   Section        0  fbl.o(i.update_by_can)
    update_by_can                            0x080086d5   Thumb Code   288  fbl.o(i.update_by_can)
    i.update_by_uart                         0x08008830   Section        0  fbl.o(i.update_by_uart)
    update_by_uart                           0x08008831   Thumb Code   444  fbl.o(i.update_by_uart)
    .constdata                               0x08008a68   Section       24  system_stm32f2xx.o(.constdata)
    .constdata                               0x08008a80   Section      320  fbl.o(.constdata)
    g_filter_id_list                         0x08008a80   Data         320  fbl.o(.constdata)
    .conststring                             0x08008bc0   Section      254  flash_ctrl_stm32f2xx.o(.conststring)
    .conststring                             0x08008cc0   Section       82  isotp.o(.conststring)
    .data                                    0x20000000   Section        4  system_stm32f2xx.o(.data)
    .data                                    0x20000004   Section        9  stm32f2xx_hal.o(.data)
    .data                                    0x20000010   Section      212  can_stm32f2xx.o(.data)
    g_comm_config                            0x20000014   Data          72  can_stm32f2xx.o(.data)
    g_handle                                 0x2000005c   Data         136  can_stm32f2xx.o(.data)
    .data                                    0x200000e4   Section       96  i2c_stm32f2xx.o(.data)
    g_comm_config                            0x200000e4   Data          12  i2c_stm32f2xx.o(.data)
    g_handle                                 0x200000f0   Data          84  i2c_stm32f2xx.o(.data)
    .data                                    0x20000144   Section       68  timer_stm32f2xx.o(.data)
    g_timer_config                           0x20000144   Data           4  timer_stm32f2xx.o(.data)
    g_handle                                 0x20000148   Data          64  timer_stm32f2xx.o(.data)
    .data                                    0x20000188   Section      160  uart_stm32f2xx.o(.data)
    g_comm_config                            0x20000190   Data          24  uart_stm32f2xx.o(.data)
    g_handle                                 0x200001a8   Data         128  uart_stm32f2xx.o(.data)
    .data                                    0x20000228   Section     1602  diag_server.o(.data)
    g_sys_time_callback                      0x20000228   Data           4  diag_server.o(.data)
    g_debug_callback                         0x2000022c   Data           4  diag_server.o(.data)
    g_s3_server_timer_started                0x20000230   Data           1  diag_server.o(.data)
    g_s3_server_timer                        0x20000234   Data           4  diag_server.o(.data)
    g_sf_diag_session_ctrl                   0x20000238   Data          12  diag_server.o(.data)
    g_sf_ecu_reset                           0x20000244   Data           9  diag_server.o(.data)
    g_sf_dtc_info                            0x2000024d   Data          57  diag_server.o(.data)
    g_sf_security_access                     0x20000286   Data          24  diag_server.o(.data)
    g_sf_comm_ctrl                           0x2000029e   Data          12  diag_server.o(.data)
    g_sf_read_data_by_periodicl_id           0x200002aa   Data          12  diag_server.o(.data)
    g_sf_dyn_define_data_id                  0x200002b6   Data           6  diag_server.o(.data)
    g_sf_routine_ctrl                        0x200002bc   Data           9  diag_server.o(.data)
    g_sf_tester_present                      0x200002c5   Data           3  diag_server.o(.data)
    g_sf_ctrl_dtc_setting                    0x200002c8   Data           6  diag_server.o(.data)
    g_sf_link_ctrl_setting                   0x200002ce   Data           9  diag_server.o(.data)
    g_service                                0x200002d8   Data         200  diag_server.o(.data)
    g_session_mode                           0x200003a0   Data           1  diag_server.o(.data)
    g_dtc_info                               0x200003a1   Data          84  diag_server.o(.data)
    g_acc_time                               0x200003f8   Data           4  diag_server.o(.data)
    g_ems_time                               0x200003fc   Data           4  diag_server.o(.data)
    g_abs_esp_time                           0x20000400   Data           4  diag_server.o(.data)
    g_srs_time                               0x20000404   Data           4  diag_server.o(.data)
    g_tpms_time                              0x20000408   Data           4  diag_server.o(.data)
    g_bcm_time                               0x2000040c   Data           4  diag_server.o(.data)
    g_ac_time                                0x20000410   Data           4  diag_server.o(.data)
    g_peps_time                              0x20000414   Data           4  diag_server.o(.data)
    g_mp5_time                               0x20000418   Data           4  diag_server.o(.data)
    g_obc_time                               0x2000041c   Data           4  diag_server.o(.data)
    g_dcdc_time                              0x20000420   Data           4  diag_server.o(.data)
    g_ac_comp_time                           0x20000424   Data           4  diag_server.o(.data)
    g_msg_time                               0x20000428   Data         360  diag_server.o(.data)
    g_dtc_snapshot_vs                        0x20000590   Data           2  diag_server.o(.data)
    g_dtc_snapshot_ecuv                      0x20000592   Data           2  diag_server.o(.data)
    g_dtc_snapshot01_did                     0x20000594   Data          24  diag_server.o(.data)
    g_dtc_snapshot                           0x200005ac   Data           8  diag_server.o(.data)
    g_dtc_extend_data01                      0x200005b4   Data           2  diag_server.o(.data)
    g_dtc_extend_data                        0x200005b8   Data           8  diag_server.o(.data)
    g_vmspn                                  0x200005c0   Data          10  diag_server.o(.data)
    g_ssid                                   0x200005ca   Data          10  diag_server.o(.data)
    g_snoet                                  0x200005d4   Data          10  diag_server.o(.data)
    g_ssecuhwvn                              0x200005de   Data          16  diag_server.o(.data)
    g_ssecuswvn                              0x200005ee   Data          19  diag_server.o(.data)
    g_ecumd                                  0x20000604   Data           4  diag_server.o(.data)
    g_bsi                                    0x20000608   Data          16  diag_server.o(.data)
    g_epsv                                   0x20000618   Data           1  diag_server.o(.data)
    g_tbtn                                   0x20000619   Data          15  diag_server.o(.data)
    g_imei                                   0x20000628   Data          15  diag_server.o(.data)
    g_iccid                                  0x20000637   Data          20  diag_server.o(.data)
    g_pk                                     0x2000064b   Data          16  diag_server.o(.data)
    g_esk                                    0x2000065b   Data           6  diag_server.o(.data)
    g_cip                                    0x20000661   Data          18  diag_server.o(.data)
    g_lip                                    0x20000673   Data          18  diag_server.o(.data)
    g_eip                                    0x20000685   Data          18  diag_server.o(.data)
    g_rw_did                                 0x20000698   Data         368  diag_server.o(.data)
    g_sal                                    0x20000808   Data          48  diag_server.o(.data)
    g_comm_ctrl_rx                           0x20000838   Data           1  diag_server.o(.data)
    g_comm_ctrl_tx                           0x20000839   Data           1  diag_server.o(.data)
    g_routine_ctrl                           0x2000083a   Data          24  diag_server.o(.data)
    g_transfer_addr                          0x20000854   Data           4  diag_server.o(.data)
    g_transfer_size                          0x20000858   Data           4  diag_server.o(.data)
    g_transfered_size                        0x2000085c   Data           4  diag_server.o(.data)
    g_transfer_type                          0x20000860   Data           1  diag_server.o(.data)
    g_block_count                            0x20000861   Data           1  diag_server.o(.data)
    g_dtc_ctrl                               0x20000862   Data           1  diag_server.o(.data)
    reach_time                               0x20000864   Data           4  diag_server.o(.data)
    timer_active                             0x20000868   Data           1  diag_server.o(.data)
    fault                                    0x20000869   Data           1  diag_server.o(.data)
    .data                                    0x2000086c   Section        4  main.o(.data)
    .data                                    0x20000870   Section       12  fbl.o(.data)
    g_finished                               0x20000870   Data           1  fbl.o(.data)
    count                                    0x20000874   Data           4  fbl.o(.data)
    addr                                     0x20000878   Data           4  fbl.o(.data)
    .bss                                     0x2000087c   Section       32  stm32f2xx_hal_flash.o(.bss)
    .bss                                     0x2000089c   Section      448  can_stm32f2xx.o(.bss)
    g_rx_msg                                 0x200009dc   Data          72  can_stm32f2xx.o(.bss)
    g_tx_msg                                 0x20000a24   Data          56  can_stm32f2xx.o(.bss)
    .bss                                     0x20000a5c   Section       20  system_stm32f2xx_1.o(.bss)
    g_wdog_handle                            0x20000a5c   Data          20  system_stm32f2xx_1.o(.bss)
    .bss                                     0x20000a70   Section     2000  uart_stm32f2xx.o(.bss)
    .bss                                     0x20001240   Section     1347  diag_server.o(.bss)
    g_vcu_time                               0x20001240   Data          16  diag_server.o(.bss)
    g_bms_time                               0x20001250   Data         164  diag_server.o(.bss)
    g_mcu_time                               0x200012f4   Data          12  diag_server.o(.bss)
    g_ecusn                                  0x20001300   Data          29  diag_server.o(.bss)
    g_vin                                    0x2000131d   Data          17  diag_server.o(.bss)
    g_fp1                                    0x2000132e   Data           9  diag_server.o(.bss)
    g_fp2                                    0x20001337   Data          20  diag_server.o(.bss)
    g_eol                                    0x2000134b   Data          56  diag_server.o(.bss)
    buf                                      0x20001383   Data        1024  diag_server.o(.bss)
    .bss                                     0x20001784   Section     8460  fbl.o(.bss)
    g_server_link_phy                        0x20001784   Data          84  fbl.o(.bss)
    g_server_rx_buf_phy                      0x200017d8   Data        1024  fbl.o(.bss)
    g_server_tx_buf_phy                      0x20001bd8   Data        1024  fbl.o(.bss)
    g_server_link_func                       0x20001fd8   Data          84  fbl.o(.bss)
    g_server_rx_buf_func                     0x2000202c   Data        1024  fbl.o(.bss)
    g_server_tx_buf_func                     0x2000242c   Data        1024  fbl.o(.bss)
    g_code_buf                               0x2000282c   Data        4196  fbl.o(.bss)
    .bss                                     0x20003890   Section       96  libspace.o(.bss)
    HEAP                                     0x200038f0   Section      512  startup_stm32f205xx.o(HEAP)
    Heap_Mem                                 0x200038f0   Data         512  startup_stm32f205xx.o(HEAP)
    STACK                                    0x20003af0   Section     1024  startup_stm32f205xx.o(STACK)
    Stack_Mem                                0x20003af0   Data        1024  startup_stm32f205xx.o(STACK)
    __initial_sp                             0x20003ef0   Data           0  startup_stm32f205xx.o(STACK)

    Global Symbols

    Symbol Name                              Value     Ov Type        Size  Object(Section)

    BuildAttributes$$THM_ISAv4$P$D$K$B$S$PE$A:L22UL41UL21$X:L11$S22US41US21$IEEE1$IW$USESV6$~STKCKD$USESV7$~SHL$OSPACE$ROPI$EBA8$UX$STANDARDLIB$REQ8$PRES8$EABIv2 0x00000000   Number         0  anon$$obj.o ABSOLUTE
    __ARM_use_no_argv                        0x00000000   Number         0  main.o ABSOLUTE
    __ARM_exceptions_init                     - Undefined Weak Reference
    __alloca_initialize                       - Undefined Weak Reference
    __arm_preinit_                            - Undefined Weak Reference
    __cpp_initialize__aeabi_                  - Undefined Weak Reference
    __cxa_finalize                            - Undefined Weak Reference
    __rt_locale                               - Undefined Weak Reference
    __sigvec_lookup                           - Undefined Weak Reference
    _atexit_init                              - Undefined Weak Reference
    _call_atexit_fns                          - Undefined Weak Reference
    _clock_init                               - Undefined Weak Reference
    _fp_trap_init                             - Undefined Weak Reference
    _fp_trap_shutdown                         - Undefined Weak Reference
    _get_lc_collate                           - Undefined Weak Reference
    _get_lc_ctype                             - Undefined Weak Reference
    _get_lc_monetary                          - Undefined Weak Reference
    _get_lc_numeric                           - Undefined Weak Reference
    _get_lc_time                              - Undefined Weak Reference
    _getenv_init                              - Undefined Weak Reference
    _handle_redirection                       - Undefined Weak Reference
    _init_alloc                               - Undefined Weak Reference
    _init_user_alloc                          - Undefined Weak Reference
    _initio                                   - Undefined Weak Reference
    _rand_init                                - Undefined Weak Reference
    _signal_finish                            - Undefined Weak Reference
    _signal_init                              - Undefined Weak Reference
    _terminate_alloc                          - Undefined Weak Reference
    _terminate_user_alloc                     - Undefined Weak Reference
    _terminateio                              - Undefined Weak Reference
    __Vectors_Size                           0x00000184   Number         0  startup_stm32f205xx.o ABSOLUTE
    __Vectors                                0x08000000   Data           4  startup_stm32f205xx.o(RESET)
    __Vectors_End                            0x08000184   Data           0  startup_stm32f205xx.o(RESET)
    __main                                   0x08000185   Thumb Code     8  __main.o(!!!main)
    __scatterload                            0x0800018d   Thumb Code     0  __scatter.o(!!!scatter)
    __scatterload_rt2                        0x0800018d   Thumb Code    44  __scatter.o(!!!scatter)
    __scatterload_rt2_thumb_only             0x0800018d   Thumb Code     0  __scatter.o(!!!scatter)
    __scatterload_null                       0x0800019b   Thumb Code     0  __scatter.o(!!!scatter)
    __decompress                             0x080001c1   Thumb Code    90  __dczerorl2.o(!!dczerorl2)
    __decompress1                            0x080001c1   Thumb Code     0  __dczerorl2.o(!!dczerorl2)
    __scatterload_zeroinit                   0x0800021d   Thumb Code    28  __scatter_zi.o(!!handler_zi)
    __rt_lib_init                            0x08000239   Thumb Code     0  libinit.o(.ARM.Collect$$libinit$$00000000)
    __rt_lib_init_alloca_1                   0x0800023b   Thumb Code     0  libinit2.o(.ARM.Collect$$libinit$$0000002E)
    __rt_lib_init_argv_1                     0x0800023b   Thumb Code     0  libinit2.o(.ARM.Collect$$libinit$$0000002C)
    __rt_lib_init_atexit_1                   0x0800023b   Thumb Code     0  libinit2.o(.ARM.Collect$$libinit$$0000001B)
    __rt_lib_init_clock_1                    0x0800023b   Thumb Code     0  libinit2.o(.ARM.Collect$$libinit$$00000021)
    __rt_lib_init_cpp_1                      0x0800023b   Thumb Code     0  libinit2.o(.ARM.Collect$$libinit$$00000032)
    __rt_lib_init_exceptions_1               0x0800023b   Thumb Code     0  libinit2.o(.ARM.Collect$$libinit$$00000030)
    __rt_lib_init_fp_1                       0x0800023b   Thumb Code     0  libinit2.o(.ARM.Collect$$libinit$$00000002)
    __rt_lib_init_fp_trap_1                  0x0800023b   Thumb Code     0  libinit2.o(.ARM.Collect$$libinit$$0000001F)
    __rt_lib_init_getenv_1                   0x0800023b   Thumb Code     0  libinit2.o(.ARM.Collect$$libinit$$00000023)
    __rt_lib_init_heap_1                     0x0800023b   Thumb Code     0  libinit2.o(.ARM.Collect$$libinit$$0000000A)
    __rt_lib_init_lc_collate_1               0x0800023b   Thumb Code     0  libinit2.o(.ARM.Collect$$libinit$$00000011)
    __rt_lib_init_lc_ctype_1                 0x0800023b   Thumb Code     0  libinit2.o(.ARM.Collect$$libinit$$00000013)
    __rt_lib_init_lc_monetary_1              0x0800023b   Thumb Code     0  libinit2.o(.ARM.Collect$$libinit$$00000015)
    __rt_lib_init_lc_numeric_1               0x0800023b   Thumb Code     0  libinit2.o(.ARM.Collect$$libinit$$00000017)
    __rt_lib_init_lc_time_1                  0x0800023b   Thumb Code     0  libinit2.o(.ARM.Collect$$libinit$$00000019)
    __rt_lib_init_preinit_1                  0x0800023b   Thumb Code     0  libinit2.o(.ARM.Collect$$libinit$$00000004)
    __rt_lib_init_rand_1                     0x0800023b   Thumb Code     0  libinit2.o(.ARM.Collect$$libinit$$0000000E)
    __rt_lib_init_return                     0x0800023b   Thumb Code     0  libinit2.o(.ARM.Collect$$libinit$$00000033)
    __rt_lib_init_signal_1                   0x0800023b   Thumb Code     0  libinit2.o(.ARM.Collect$$libinit$$0000001D)
    __rt_lib_init_stdio_1                    0x0800023b   Thumb Code     0  libinit2.o(.ARM.Collect$$libinit$$00000025)
    __rt_lib_init_user_alloc_1               0x0800023b   Thumb Code     0  libinit2.o(.ARM.Collect$$libinit$$0000000C)
    __rt_lib_shutdown                        0x0800023d   Thumb Code     0  libshutdown.o(.ARM.Collect$$libshutdown$$00000000)
    __rt_lib_shutdown_cpp_1                  0x0800023f   Thumb Code     0  libshutdown2.o(.ARM.Collect$$libshutdown$$00000002)
    __rt_lib_shutdown_fp_trap_1              0x0800023f   Thumb Code     0  libshutdown2.o(.ARM.Collect$$libshutdown$$00000007)
    __rt_lib_shutdown_heap_1                 0x0800023f   Thumb Code     0  libshutdown2.o(.ARM.Collect$$libshutdown$$0000000F)
    __rt_lib_shutdown_return                 0x0800023f   Thumb Code     0  libshutdown2.o(.ARM.Collect$$libshutdown$$00000010)
    __rt_lib_shutdown_signal_1               0x0800023f   Thumb Code     0  libshutdown2.o(.ARM.Collect$$libshutdown$$0000000A)
    __rt_lib_shutdown_stdio_1                0x0800023f   Thumb Code     0  libshutdown2.o(.ARM.Collect$$libshutdown$$00000004)
    __rt_lib_shutdown_user_alloc_1           0x0800023f   Thumb Code     0  libshutdown2.o(.ARM.Collect$$libshutdown$$0000000C)
    __rt_entry                               0x08000241   Thumb Code     0  __rtentry.o(.ARM.Collect$$rtentry$$00000000)
    __rt_entry_presh_1                       0x08000241   Thumb Code     0  __rtentry2.o(.ARM.Collect$$rtentry$$00000002)
    __rt_entry_sh                            0x08000241   Thumb Code     0  __rtentry4.o(.ARM.Collect$$rtentry$$00000004)
    __rt_entry_li                            0x08000247   Thumb Code     0  __rtentry2.o(.ARM.Collect$$rtentry$$0000000A)
    __rt_entry_postsh_1                      0x08000247   Thumb Code     0  __rtentry2.o(.ARM.Collect$$rtentry$$00000009)
    __rt_entry_main                          0x0800024b   Thumb Code     0  __rtentry2.o(.ARM.Collect$$rtentry$$0000000D)
    __rt_entry_postli_1                      0x0800024b   Thumb Code     0  __rtentry2.o(.ARM.Collect$$rtentry$$0000000C)
    __rt_exit                                0x08000253   Thumb Code     0  rtexit.o(.ARM.Collect$$rtexit$$00000000)
    __rt_exit_ls                             0x08000255   Thumb Code     0  rtexit2.o(.ARM.Collect$$rtexit$$00000003)
    __rt_exit_prels_1                        0x08000255   Thumb Code     0  rtexit2.o(.ARM.Collect$$rtexit$$00000002)
    __rt_exit_exit                           0x08000259   Thumb Code     0  rtexit2.o(.ARM.Collect$$rtexit$$00000004)
    SVC_Handler                              0x08000261   Thumb Code    18  fbl.o(.emb_text)
    Reset_Handler                            0x08000275   Thumb Code     8  startup_stm32f205xx.o(.text)
    NMI_Handler                              0x0800027d   Thumb Code     2  startup_stm32f205xx.o(.text)
    HardFault_Handler                        0x0800027f   Thumb Code     2  startup_stm32f205xx.o(.text)
    MemManage_Handler                        0x08000281   Thumb Code     2  startup_stm32f205xx.o(.text)
    BusFault_Handler                         0x08000283   Thumb Code     2  startup_stm32f205xx.o(.text)
    UsageFault_Handler                       0x08000285   Thumb Code     2  startup_stm32f205xx.o(.text)
    DebugMon_Handler                         0x08000289   Thumb Code     2  startup_stm32f205xx.o(.text)
    PendSV_Handler                           0x0800028b   Thumb Code     2  startup_stm32f205xx.o(.text)
    ADC_IRQHandler                           0x0800028f   Thumb Code     0  startup_stm32f205xx.o(.text)
    CAN1_RX1_IRQHandler                      0x0800028f   Thumb Code     0  startup_stm32f205xx.o(.text)
    CAN1_SCE_IRQHandler                      0x0800028f   Thumb Code     0  startup_stm32f205xx.o(.text)
    CAN1_TX_IRQHandler                       0x0800028f   Thumb Code     0  startup_stm32f205xx.o(.text)
    CAN2_RX1_IRQHandler                      0x0800028f   Thumb Code     0  startup_stm32f205xx.o(.text)
    CAN2_SCE_IRQHandler                      0x0800028f   Thumb Code     0  startup_stm32f205xx.o(.text)
    CAN2_TX_IRQHandler                       0x0800028f   Thumb Code     0  startup_stm32f205xx.o(.text)
    DMA1_Stream0_IRQHandler                  0x0800028f   Thumb Code     0  startup_stm32f205xx.o(.text)
    DMA1_Stream1_IRQHandler                  0x0800028f   Thumb Code     0  startup_stm32f205xx.o(.text)
    DMA1_Stream2_IRQHandler                  0x0800028f   Thumb Code     0  startup_stm32f205xx.o(.text)
    DMA1_Stream3_IRQHandler                  0x0800028f   Thumb Code     0  startup_stm32f205xx.o(.text)
    DMA1_Stream4_IRQHandler                  0x0800028f   Thumb Code     0  startup_stm32f205xx.o(.text)
    DMA1_Stream5_IRQHandler                  0x0800028f   Thumb Code     0  startup_stm32f205xx.o(.text)
    DMA1_Stream6_IRQHandler                  0x0800028f   Thumb Code     0  startup_stm32f205xx.o(.text)
    DMA1_Stream7_IRQHandler                  0x0800028f   Thumb Code     0  startup_stm32f205xx.o(.text)
    DMA2_Stream0_IRQHandler                  0x0800028f   Thumb Code     0  startup_stm32f205xx.o(.text)
    DMA2_Stream1_IRQHandler                  0x0800028f   Thumb Code     0  startup_stm32f205xx.o(.text)
    DMA2_Stream2_IRQHandler                  0x0800028f   Thumb Code     0  startup_stm32f205xx.o(.text)
    DMA2_Stream3_IRQHandler                  0x0800028f   Thumb Code     0  startup_stm32f205xx.o(.text)
    DMA2_Stream4_IRQHandler                  0x0800028f   Thumb Code     0  startup_stm32f205xx.o(.text)
    DMA2_Stream5_IRQHandler                  0x0800028f   Thumb Code     0  startup_stm32f205xx.o(.text)
    DMA2_Stream6_IRQHandler                  0x0800028f   Thumb Code     0  startup_stm32f205xx.o(.text)
    DMA2_Stream7_IRQHandler                  0x0800028f   Thumb Code     0  startup_stm32f205xx.o(.text)
    EXTI0_IRQHandler                         0x0800028f   Thumb Code     0  startup_stm32f205xx.o(.text)
    EXTI1_IRQHandler                         0x0800028f   Thumb Code     0  startup_stm32f205xx.o(.text)
    EXTI2_IRQHandler                         0x0800028f   Thumb Code     0  startup_stm32f205xx.o(.text)
    FLASH_IRQHandler                         0x0800028f   Thumb Code     0  startup_stm32f205xx.o(.text)
    FSMC_IRQHandler                          0x0800028f   Thumb Code     0  startup_stm32f205xx.o(.text)
    HASH_RNG_IRQHandler                      0x0800028f   Thumb Code     0  startup_stm32f205xx.o(.text)
    I2C2_ER_IRQHandler                       0x0800028f   Thumb Code     0  startup_stm32f205xx.o(.text)
    I2C2_EV_IRQHandler                       0x0800028f   Thumb Code     0  startup_stm32f205xx.o(.text)
    I2C3_ER_IRQHandler                       0x0800028f   Thumb Code     0  startup_stm32f205xx.o(.text)
    I2C3_EV_IRQHandler                       0x0800028f   Thumb Code     0  startup_stm32f205xx.o(.text)
    OTG_FS_IRQHandler                        0x0800028f   Thumb Code     0  startup_stm32f205xx.o(.text)
    OTG_FS_WKUP_IRQHandler                   0x0800028f   Thumb Code     0  startup_stm32f205xx.o(.text)
    OTG_HS_EP1_IN_IRQHandler                 0x0800028f   Thumb Code     0  startup_stm32f205xx.o(.text)
    OTG_HS_EP1_OUT_IRQHandler                0x0800028f   Thumb Code     0  startup_stm32f205xx.o(.text)
    OTG_HS_IRQHandler                        0x0800028f   Thumb Code     0  startup_stm32f205xx.o(.text)
    OTG_HS_WKUP_IRQHandler                   0x0800028f   Thumb Code     0  startup_stm32f205xx.o(.text)
    PVD_IRQHandler                           0x0800028f   Thumb Code     0  startup_stm32f205xx.o(.text)
    RCC_IRQHandler                           0x0800028f   Thumb Code     0  startup_stm32f205xx.o(.text)
    RTC_Alarm_IRQHandler                     0x0800028f   Thumb Code     0  startup_stm32f205xx.o(.text)
    RTC_WKUP_IRQHandler                      0x0800028f   Thumb Code     0  startup_stm32f205xx.o(.text)
    SDIO_IRQHandler                          0x0800028f   Thumb Code     0  startup_stm32f205xx.o(.text)
    SPI1_IRQHandler                          0x0800028f   Thumb Code     0  startup_stm32f205xx.o(.text)
    SPI2_IRQHandler                          0x0800028f   Thumb Code     0  startup_stm32f205xx.o(.text)
    SPI3_IRQHandler                          0x0800028f   Thumb Code     0  startup_stm32f205xx.o(.text)
    TAMP_STAMP_IRQHandler                    0x0800028f   Thumb Code     0  startup_stm32f205xx.o(.text)
    TIM1_BRK_TIM9_IRQHandler                 0x0800028f   Thumb Code     0  startup_stm32f205xx.o(.text)
    TIM1_CC_IRQHandler                       0x0800028f   Thumb Code     0  startup_stm32f205xx.o(.text)
    TIM1_TRG_COM_TIM11_IRQHandler            0x0800028f   Thumb Code     0  startup_stm32f205xx.o(.text)
    TIM1_UP_TIM10_IRQHandler                 0x0800028f   Thumb Code     0  startup_stm32f205xx.o(.text)
    TIM2_IRQHandler                          0x0800028f   Thumb Code     0  startup_stm32f205xx.o(.text)
    TIM4_IRQHandler                          0x0800028f   Thumb Code     0  startup_stm32f205xx.o(.text)
    TIM5_IRQHandler                          0x0800028f   Thumb Code     0  startup_stm32f205xx.o(.text)
    TIM6_DAC_IRQHandler                      0x0800028f   Thumb Code     0  startup_stm32f205xx.o(.text)
    TIM7_IRQHandler                          0x0800028f   Thumb Code     0  startup_stm32f205xx.o(.text)
    TIM8_BRK_TIM12_IRQHandler                0x0800028f   Thumb Code     0  startup_stm32f205xx.o(.text)
    TIM8_CC_IRQHandler                       0x0800028f   Thumb Code     0  startup_stm32f205xx.o(.text)
    TIM8_TRG_COM_TIM14_IRQHandler            0x0800028f   Thumb Code     0  startup_stm32f205xx.o(.text)
    TIM8_UP_TIM13_IRQHandler                 0x0800028f   Thumb Code     0  startup_stm32f205xx.o(.text)
    UART4_IRQHandler                         0x0800028f   Thumb Code     0  startup_stm32f205xx.o(.text)
    UART5_IRQHandler                         0x0800028f   Thumb Code     0  startup_stm32f205xx.o(.text)
    USART3_IRQHandler                        0x0800028f   Thumb Code     0  startup_stm32f205xx.o(.text)
    USART6_IRQHandler                        0x0800028f   Thumb Code     0  startup_stm32f205xx.o(.text)
    __user_initial_stackheap                 0x08000291   Thumb Code     0  startup_stm32f205xx.o(.text)
    __use_no_semihosting                     0x080002b5   Thumb Code     2  use_no_semi_2.o(.text)
    __aeabi_uldivmod                         0x080002b7   Thumb Code     0  lludivv7m.o(.text)
    _ll_udiv                                 0x080002b7   Thumb Code   238  lludivv7m.o(.text)
    __aeabi_assert                           0x080003a5   Thumb Code    86  assert.o(.text)
    __assert                                 0x080003a5   Thumb Code     0  assert.o(.text)
    memcmp                                   0x08000425   Thumb Code    88  memcmp.o(.text)
    __aeabi_memcpy                           0x0800047d   Thumb Code     0  rt_memcpy_v6.o(.text)
    __rt_memcpy                              0x0800047d   Thumb Code   138  rt_memcpy_v6.o(.text)
    _memcpy_lastbytes                        0x080004e3   Thumb Code     0  rt_memcpy_v6.o(.text)
    __aeabi_memcpy4                          0x08000507   Thumb Code     0  rt_memcpy_w.o(.text)
    __aeabi_memcpy8                          0x08000507   Thumb Code     0  rt_memcpy_w.o(.text)
    __rt_memcpy_w                            0x08000507   Thumb Code   100  rt_memcpy_w.o(.text)
    _memcpy_lastbytes_aligned                0x0800054f   Thumb Code     0  rt_memcpy_w.o(.text)
    __aeabi_memset                           0x0800056b   Thumb Code    16  aeabi_memset.o(.text)
    __aeabi_memclr                           0x0800057b   Thumb Code     0  rt_memclr.o(.text)
    __rt_memclr                              0x0800057b   Thumb Code    68  rt_memclr.o(.text)
    _memset                                  0x0800057f   Thumb Code     0  rt_memclr.o(.text)
    __aeabi_memclr4                          0x080005bf   Thumb Code     0  rt_memclr_w.o(.text)
    __aeabi_memclr8                          0x080005bf   Thumb Code     0  rt_memclr_w.o(.text)
    __rt_memclr_w                            0x080005bf   Thumb Code    78  rt_memclr_w.o(.text)
    _memset_w                                0x080005c3   Thumb Code     0  rt_memclr_w.o(.text)
    __use_two_region_memory                  0x0800060d   Thumb Code     2  heapauxi.o(.text)
    __rt_heap_escrow$2region                 0x0800060f   Thumb Code     2  heapauxi.o(.text)
    __rt_heap_expand$2region                 0x08000611   Thumb Code     2  heapauxi.o(.text)
    __I$use$semihosting                      0x08000613   Thumb Code     0  use_no_semi.o(.text)
    __use_no_semihosting_swi                 0x08000613   Thumb Code     2  use_no_semi.o(.text)
    abort                                    0x08000615   Thumb Code    22  abort.o(.text)
    __assert_puts                            0x0800062b   Thumb Code    20  assert_puts.o(.text)
    __rt_SIGABRT                             0x0800063f   Thumb Code    14  defsig_abrt_outer.o(.text)
    __user_setup_stackheap                   0x0800064d   Thumb Code    74  sys_stackheap_outer.o(.text)
    exit                                     0x08000697   Thumb Code    18  exit.o(.text)
    __sig_exit                               0x080006a9   Thumb Code    10  defsig_exit.o(.text)
    __rt_SIGABRT_inner                       0x080006b5   Thumb Code    14  defsig_abrt_inner.o(.text)
    __user_libspace                          0x080006e5   Thumb Code     8  libspace.o(.text)
    __user_perproc_libspace                  0x080006e5   Thumb Code     0  libspace.o(.text)
    __user_perthread_libspace                0x080006e5   Thumb Code     0  libspace.o(.text)
    __default_signal_display                 0x080006ed   Thumb Code    50  defsig_general.o(.text)
    CAN1_RX0_IRQHandler                      0x0800071f   Thumb Code    10  can_stm32f2xx.o(i.CAN1_RX0_IRQHandler)
    CAN2_RX0_IRQHandler                      0x08000729   Thumb Code    10  can_stm32f2xx.o(i.CAN2_RX0_IRQHandler)
    EXTI15_10_IRQHandler                     0x08000733   Thumb Code    12  can_stm32f2xx.o(i.EXTI15_10_IRQHandler)
    EXTI3_IRQHandler                         0x0800073f   Thumb Code    10  system_stm32f2xx_1.o(i.EXTI3_IRQHandler)
    EXTI4_IRQHandler                         0x08000749   Thumb Code    10  system_stm32f2xx_1.o(i.EXTI4_IRQHandler)
    EXTI9_5_IRQHandler                       0x08000753   Thumb Code    12  can_stm32f2xx.o(i.EXTI9_5_IRQHandler)
    FLASH_Erase_Sector                       0x08000761   Thumb Code    98  stm32f2xx_hal_flash_ex.o(i.FLASH_Erase_Sector)
    FLASH_FlushCaches                        0x080007c9   Thumb Code   114  stm32f2xx_hal_flash_ex.o(i.FLASH_FlushCaches)
    FLASH_WaitForLastOperation               0x080009b9   Thumb Code    90  stm32f2xx_hal_flash.o(i.FLASH_WaitForLastOperation)
    HAL_CAN_ConfigFilter                     0x08000a1d   Thumb Code   294  stm32f2xx_hal_can.o(i.HAL_CAN_ConfigFilter)
    HAL_CAN_DeInit                           0x08000b49   Thumb Code    40  stm32f2xx_hal_can.o(i.HAL_CAN_DeInit)
    HAL_CAN_Init                             0x08000b71   Thumb Code   444  stm32f2xx_hal_can.o(i.HAL_CAN_Init)
    HAL_CAN_MspDeInit                        0x08000d2d   Thumb Code     2  stm32f2xx_hal_can.o(i.HAL_CAN_MspDeInit)
    HAL_CAN_MspInit                          0x08000d2f   Thumb Code     2  stm32f2xx_hal_can.o(i.HAL_CAN_MspInit)
    HAL_CAN_Transmit                         0x08000d31   Thumb Code   684  stm32f2xx_hal_can.o(i.HAL_CAN_Transmit)
    HAL_DMA_Abort_IT                         0x08000fe9   Thumb Code    40  stm32f2xx_hal_dma.o(i.HAL_DMA_Abort_IT)
    HAL_DMA_GetState                         0x08001011   Thumb Code     8  stm32f2xx_hal_dma.o(i.HAL_DMA_GetState)
    HAL_Delay                                0x08001019   Thumb Code    34  stm32f2xx_hal.o(i.HAL_Delay)
    HAL_FLASHEx_Erase                        0x08001041   Thumb Code   164  stm32f2xx_hal_flash_ex.o(i.HAL_FLASHEx_Erase)
    HAL_FLASH_Lock                           0x080010ed   Thumb Code    16  stm32f2xx_hal_flash.o(i.HAL_FLASH_Lock)
    HAL_FLASH_Program                        0x08001101   Thumb Code   142  stm32f2xx_hal_flash.o(i.HAL_FLASH_Program)
    HAL_FLASH_Unlock                         0x08001199   Thumb Code    38  stm32f2xx_hal_flash.o(i.HAL_FLASH_Unlock)
    HAL_GPIO_DeInit                          0x080011cd   Thumb Code   302  stm32f2xx_hal_gpio.o(i.HAL_GPIO_DeInit)
    HAL_GPIO_EXTI_Callback                   0x08001329   Thumb Code     2  stm32f2xx_hal_gpio.o(i.HAL_GPIO_EXTI_Callback)
    HAL_GPIO_EXTI_IRQHandler                 0x0800132d   Thumb Code    24  stm32f2xx_hal_gpio.o(i.HAL_GPIO_EXTI_IRQHandler)
    HAL_GPIO_Init                            0x08001349   Thumb Code   470  stm32f2xx_hal_gpio.o(i.HAL_GPIO_Init)
    HAL_GPIO_TogglePin                       0x08001551   Thumb Code    16  stm32f2xx_hal_gpio.o(i.HAL_GPIO_TogglePin)
    HAL_GPIO_WritePin                        0x08001561   Thumb Code    12  stm32f2xx_hal_gpio.o(i.HAL_GPIO_WritePin)
    HAL_GetTick                              0x0800156d   Thumb Code     6  stm32f2xx_hal.o(i.HAL_GetTick)
    HAL_I2C_AbortCpltCallback                0x08001579   Thumb Code     2  stm32f2xx_hal_i2c.o(i.HAL_I2C_AbortCpltCallback)
    HAL_I2C_AddrCallback                     0x0800157b   Thumb Code     2  stm32f2xx_hal_i2c.o(i.HAL_I2C_AddrCallback)
    HAL_I2C_DeInit                           0x0800157d   Thumb Code    60  stm32f2xx_hal_i2c.o(i.HAL_I2C_DeInit)
    HAL_I2C_ER_IRQHandler                    0x080015b9   Thumb Code   206  stm32f2xx_hal_i2c.o(i.HAL_I2C_ER_IRQHandler)
    HAL_I2C_EV_IRQHandler                    0x08001687   Thumb Code   452  stm32f2xx_hal_i2c.o(i.HAL_I2C_EV_IRQHandler)
    HAL_I2C_ErrorCallback                    0x0800184b   Thumb Code     2  stm32f2xx_hal_i2c.o(i.HAL_I2C_ErrorCallback)
    HAL_I2C_GetState                         0x0800184d   Thumb Code     8  stm32f2xx_hal_i2c.o(i.HAL_I2C_GetState)
    HAL_I2C_Init                             0x08001855   Thumb Code   422  stm32f2xx_hal_i2c.o(i.HAL_I2C_Init)
    HAL_I2C_ListenCpltCallback               0x08001a0d   Thumb Code     2  stm32f2xx_hal_i2c.o(i.HAL_I2C_ListenCpltCallback)
    HAL_I2C_MasterRxCpltCallback             0x08001a0f   Thumb Code     2  stm32f2xx_hal_i2c.o(i.HAL_I2C_MasterRxCpltCallback)
    HAL_I2C_MasterTxCpltCallback             0x08001a11   Thumb Code     2  stm32f2xx_hal_i2c.o(i.HAL_I2C_MasterTxCpltCallback)
    HAL_I2C_Master_Receive_IT                0x08001a15   Thumb Code   248  stm32f2xx_hal_i2c.o(i.HAL_I2C_Master_Receive_IT)
    HAL_I2C_Master_Transmit_IT               0x08001b15   Thumb Code   234  stm32f2xx_hal_i2c.o(i.HAL_I2C_Master_Transmit_IT)
    HAL_I2C_MemRxCpltCallback                0x08001c09   Thumb Code     2  stm32f2xx_hal_i2c.o(i.HAL_I2C_MemRxCpltCallback)
    HAL_I2C_MemTxCpltCallback                0x08001c0b   Thumb Code     2  stm32f2xx_hal_i2c.o(i.HAL_I2C_MemTxCpltCallback)
    HAL_I2C_MspDeInit                        0x08001c0d   Thumb Code     2  stm32f2xx_hal_i2c.o(i.HAL_I2C_MspDeInit)
    HAL_I2C_MspInit                          0x08001c0f   Thumb Code     2  stm32f2xx_hal_i2c.o(i.HAL_I2C_MspInit)
    HAL_I2C_SlaveRxCpltCallback              0x08001c11   Thumb Code     2  stm32f2xx_hal_i2c.o(i.HAL_I2C_SlaveRxCpltCallback)
    HAL_I2C_SlaveTxCpltCallback              0x08001c13   Thumb Code     2  stm32f2xx_hal_i2c.o(i.HAL_I2C_SlaveTxCpltCallback)
    HAL_IncTick                              0x08001c15   Thumb Code    16  stm32f2xx_hal.o(i.HAL_IncTick)
    HAL_Init                                 0x08001c2d   Thumb Code    54  stm32f2xx_hal.o(i.HAL_Init)
    HAL_InitTick                             0x08001c69   Thumb Code    64  stm32f2xx_hal.o(i.HAL_InitTick)
    HAL_MspInit                              0x08001cb5   Thumb Code     2  stm32f2xx_hal.o(i.HAL_MspInit)
    HAL_NVIC_DisableIRQ                      0x08001cb9   Thumb Code    62  stm32f2xx_hal_cortex.o(i.HAL_NVIC_DisableIRQ)
    HAL_NVIC_EnableIRQ                       0x08001cfd   Thumb Code    32  stm32f2xx_hal_cortex.o(i.HAL_NVIC_EnableIRQ)
    HAL_NVIC_SetPriority                     0x08001d1d   Thumb Code   124  stm32f2xx_hal_cortex.o(i.HAL_NVIC_SetPriority)
    HAL_NVIC_SetPriorityGrouping             0x08001d99   Thumb Code    32  stm32f2xx_hal_cortex.o(i.HAL_NVIC_SetPriorityGrouping)
    HAL_RCC_ClockConfig                      0x08001dc1   Thumb Code   374  stm32f2xx_hal_rcc.o(i.HAL_RCC_ClockConfig)
    HAL_RCC_GetHCLKFreq                      0x08001f4d   Thumb Code     6  stm32f2xx_hal_rcc.o(i.HAL_RCC_GetHCLKFreq)
    HAL_RCC_GetPCLK1Freq                     0x08001f59   Thumb Code    36  stm32f2xx_hal_rcc.o(i.HAL_RCC_GetPCLK1Freq)
    HAL_RCC_GetPCLK2Freq                     0x08001f85   Thumb Code    36  stm32f2xx_hal_rcc.o(i.HAL_RCC_GetPCLK2Freq)
    HAL_RCC_GetSysClockFreq                  0x08001fb1   Thumb Code   162  stm32f2xx_hal_rcc.o(i.HAL_RCC_GetSysClockFreq)
    HAL_RCC_OscConfig                        0x08002061   Thumb Code  1050  stm32f2xx_hal_rcc.o(i.HAL_RCC_OscConfig)
    HAL_SYSTICK_Config                       0x0800247b   Thumb Code    52  stm32f2xx_hal_cortex.o(i.HAL_SYSTICK_Config)
    HAL_TIM_Base_DeInit                      0x080024af   Thumb Code    70  stm32f2xx_hal_tim.o(i.HAL_TIM_Base_DeInit)
    HAL_TIM_Base_Init                        0x080024f5   Thumb Code    52  stm32f2xx_hal_tim.o(i.HAL_TIM_Base_Init)
    HAL_TIM_Base_MspDeInit                   0x08002529   Thumb Code     2  stm32f2xx_hal_tim.o(i.HAL_TIM_Base_MspDeInit)
    HAL_TIM_Base_MspInit                     0x0800252b   Thumb Code     2  stm32f2xx_hal_tim.o(i.HAL_TIM_Base_MspInit)
    HAL_TIM_Base_Start_IT                    0x0800252d   Thumb Code    42  stm32f2xx_hal_tim.o(i.HAL_TIM_Base_Start_IT)
    HAL_TIM_Base_Stop_IT                     0x08002557   Thumb Code    56  stm32f2xx_hal_tim.o(i.HAL_TIM_Base_Stop_IT)
    HAL_UART_DeInit                          0x0800258f   Thumb Code    58  stm32f2xx_hal_uart.o(i.HAL_UART_DeInit)
    HAL_UART_Init                            0x080025c9   Thumb Code   114  stm32f2xx_hal_uart.o(i.HAL_UART_Init)
    HAL_UART_MspDeInit                       0x0800263b   Thumb Code     2  stm32f2xx_hal_uart.o(i.HAL_UART_MspDeInit)
    HAL_UART_MspInit                         0x0800263d   Thumb Code     2  stm32f2xx_hal_uart.o(i.HAL_UART_MspInit)
    HAL_UART_Transmit                        0x0800263f   Thumb Code   214  stm32f2xx_hal_uart.o(i.HAL_UART_Transmit)
    I2C1_ER_IRQHandler                       0x08002715   Thumb Code    10  i2c_stm32f2xx.o(i.I2C1_ER_IRQHandler)
    I2C1_EV_IRQHandler                       0x08002725   Thumb Code    10  i2c_stm32f2xx.o(i.I2C1_EV_IRQHandler)
    SVC_Handler_Main                         0x080033ad   Thumb Code    34  fbl.o(i.SVC_Handler_Main)
    SysTick_Handler                          0x080033cf   Thumb Code     8  system_stm32f2xx_1.o(i.SysTick_Handler)
    SystemInit                               0x080033d9   Thumb Code    68  system_stm32f2xx.o(i.SystemInit)
    TIM3_IRQHandler                          0x0800342d   Thumb Code    10  timer_stm32f2xx.o(i.TIM3_IRQHandler)
    TIM_Base_SetConfig                       0x08003439   Thumb Code   170  stm32f2xx_hal_tim.o(i.TIM_Base_SetConfig)
    USART1_IRQHandler                        0x080038a1   Thumb Code    10  uart_stm32f2xx.o(i.USART1_IRQHandler)
    USART2_IRQHandler                        0x080038ab   Thumb Code    10  uart_stm32f2xx.o(i.USART2_IRQHandler)
    WWDG_IRQHandler                          0x080038b5   Thumb Code    42  system_stm32f2xx_1.o(i.WWDG_IRQHandler)
    _sys_exit                                0x08003923   Thumb Code     4  uart.o(i._sys_exit)
    _ttywrch                                 0x08003927   Thumb Code     4  uart.o(i._ttywrch)
    bytesswap                                0x0800392b   Thumb Code    42  diag.o(i.bytesswap)
    can_deinit                               0x08003955   Thumb Code   344  can_stm32f2xx.o(i.can_deinit)
    can_init                                 0x08003afd   Thumb Code  1064  can_stm32f2xx.o(i.can_init)
    can_receive                              0x080042c9   Thumb Code   172  can.o(i.can_receive)
    can_send                                 0x080043c9   Thumb Code   174  can_stm32f2xx.o(i.can_send)
    clock                                    0x080044cd   Thumb Code     8  system_stm32f2xx_1.o(i.clock)
    debug                                    0x080044d5   Thumb Code     2  uart.o(i.debug)
    delay                                    0x080044d7   Thumb Code    12  system_stm32f2xx_1.o(i.delay)
    diag_server_comm_ctrl_rx_enabled         0x08004771   Thumb Code    22  diag_server.o(i.diag_server_comm_ctrl_rx_enabled)
    diag_server_comm_ctrl_tx_enabled         0x0800478d   Thumb Code    22  diag_server.o(i.diag_server_comm_ctrl_tx_enabled)
    diag_server_data_init                    0x080047a9   Thumb Code   174  diag_server.o(i.diag_server_data_init)
    diag_server_deinit                       0x080048a9   Thumb Code     2  diag_server.o(i.diag_server_deinit)
    diag_server_flash_erase_sectors_callback 0x08004969   Thumb Code    16  fbl.o(i.diag_server_flash_erase_sectors_callback)
    diag_server_flash_program_callback       0x08004979   Thumb Code    20  fbl.o(i.diag_server_flash_program_callback)
    diag_server_flash_program_verify_callback 0x0800498d   Thumb Code    20  fbl.o(i.diag_server_flash_program_verify_callback)
    diag_server_flash_verify_sectors_callback 0x080049a1   Thumb Code    16  fbl.o(i.diag_server_flash_verify_sectors_callback)
    diag_server_get_car_status_callback      0x080049b1   Thumb Code     4  diag_server.o(i.diag_server_get_car_status_callback)
    diag_server_get_vehicle_speed_callback   0x08004a65   Thumb Code     4  diag_server.o(i.diag_server_get_vehicle_speed_callback)
    diag_server_indication                   0x08004a69   Thumb Code    94  diag_server.o(i.diag_server_indication)
    diag_server_init                         0x08004b19   Thumb Code    68  diag_server.o(i.diag_server_init)
    diag_server_on_msg                       0x08004bb5   Thumb Code   744  diag_server.o(i.diag_server_on_msg)
    diag_server_sys_reset_callback           0x08005125   Thumb Code     8  fbl.o(i.diag_server_sys_reset_callback)
    eeprom_read                              0x0800512d   Thumb Code    46  i2c.o(i.eeprom_read)
    eeprom_write                             0x08005181   Thumb Code   134  i2c.o(i.eeprom_write)
    fbl                                      0x0800522d   Thumb Code   566  fbl.o(i.fbl)
    flash_ctrl_deinit                        0x0800551d   Thumb Code     4  flash_ctrl_stm32f2xx.o(i.flash_ctrl_deinit)
    flash_ctrl_erase_sector                  0x08005521   Thumb Code    94  flash_ctrl_stm32f2xx.o(i.flash_ctrl_erase_sector)
    flash_ctrl_init                          0x080055b9   Thumb Code     4  flash_ctrl_stm32f2xx.o(i.flash_ctrl_init)
    flash_ctrl_is_sector_aligned             0x080055bd   Thumb Code   108  flash_ctrl_stm32f2xx.o(i.flash_ctrl_is_sector_aligned)
    flash_ctrl_program                       0x08005689   Thumb Code   146  flash_ctrl_stm32f2xx.o(i.flash_ctrl_program)
    flash_ctrl_program_verify                0x08005755   Thumb Code   114  flash_ctrl_stm32f2xx.o(i.flash_ctrl_program_verify)
    flash_ctrl_verify_sector                 0x08005801   Thumb Code   102  flash_ctrl_stm32f2xx.o(i.flash_ctrl_verify_sector)
    gpio_deinit                              0x080059d5   Thumb Code   176  system_stm32f2xx_1.o(i.gpio_deinit)
    gpio_init                                0x08005a95   Thumb Code   484  system_stm32f2xx_1.o(i.gpio_init)
    i2c_master_deinit                        0x08005c89   Thumb Code   226  i2c_stm32f2xx.o(i.i2c_master_deinit)
    i2c_master_init                          0x08005db9   Thumb Code   360  i2c_stm32f2xx.o(i.i2c_master_init)
    i2c_master_receive                       0x08005fd5   Thumb Code   102  i2c_stm32f2xx.o(i.i2c_master_receive)
    i2c_master_send                          0x08006091   Thumb Code   108  i2c_stm32f2xx.o(i.i2c_master_send)
    isotp_indication                         0x08006151   Thumb Code   486  isotp.o(i.isotp_indication)
    isotp_init_link                          0x08006339   Thumb Code   194  isotp.o(i.isotp_init_link)
    isotp_poll                               0x080064bd   Thumb Code   166  isotp.o(i.isotp_poll)
    isotp_send                               0x0800678d   Thumb Code    22  isotp.o(i.isotp_send)
    isotp_send_poll                          0x08006951   Thumb Code   112  isotp.o(i.isotp_send_poll)
    isotp_send_with_id                       0x08006a59   Thumb Code   134  isotp.o(i.isotp_send_with_id)
    main                                     0x08006c0d   Thumb Code    26  main.o(i.main)
    print_buf                                0x08006c2d   Thumb Code     2  uart.o(i.print_buf)
    reset                                    0x08007b39   Thumb Code    68  system_stm32f2xx_1.o(i.reset)
    sys_init                                 0x08007c43   Thumb Code    14  system_stm32f2xx_1.o(i.sys_init)
    timer_deinit                             0x08007c51   Thumb Code   100  timer_stm32f2xx.o(i.timer_deinit)
    timer_init                               0x08007d05   Thumb Code   190  timer_stm32f2xx.o(i.timer_init)
    timer_irq_callback                       0x08007e15   Thumb Code    46  fbl.o(i.timer_irq_callback)
    timer_start                              0x08007e8d   Thumb Code    34  timer_stm32f2xx.o(i.timer_start)
    timer_stop                               0x08007ef9   Thumb Code    34  timer_stm32f2xx.o(i.timer_stop)
    uart_deinit                              0x08007fdd   Thumb Code   270  uart_stm32f2xx.o(i.uart_deinit)
    uart_init                                0x0800813d   Thumb Code   424  uart_stm32f2xx.o(i.uart_init)
    uart_receive                             0x080083f9   Thumb Code   114  uart.o(i.uart_receive)
    uart_receive_with_format_polling         0x080084b9   Thumb Code   204  uart.o(i.uart_receive_with_format_polling)
    uart_send                                0x080085ad   Thumb Code    58  uart_stm32f2xx.o(i.uart_send)
    uart_send_with_format                    0x08008641   Thumb Code    82  uart.o(i.uart_send_with_format)
    AHBPrescTable                            0x08008a68   Data          16  system_stm32f2xx.o(.constdata)
    APBPrescTable                            0x08008a78   Data           8  system_stm32f2xx.o(.constdata)
    Region$$Table$$Base                      0x08008d14   Number         0  anon$$obj.o(Region$$Table)
    Region$$Table$$Limit                     0x08008d34   Number         0  anon$$obj.o(Region$$Table)
    SystemCoreClock                          0x20000000   Data           4  system_stm32f2xx.o(.data)
    uwTick                                   0x20000004   Data           4  stm32f2xx_hal.o(.data)
    uwTickPrio                               0x20000008   Data           4  stm32f2xx_hal.o(.data)
    uwTickFreq                               0x2000000c   Data           1  stm32f2xx_hal.o(.data)
    g_can_rx_queue_head                      0x20000010   Data           2  can_stm32f2xx.o(.data)
    g_can_rx_queue_tail                      0x20000012   Data           2  can_stm32f2xx.o(.data)
    g_uart_rx_queue_head                     0x20000188   Data           4  uart_stm32f2xx.o(.data)
    g_uart_rx_queue_tail                     0x2000018c   Data           4  uart_stm32f2xx.o(.data)
    exit_code                                0x2000086c   Data           4  main.o(.data)
    pFlash                                   0x2000087c   Data          32  stm32f2xx_hal_flash.o(.bss)
    g_can_rx_queue                           0x2000089c   Data         320  can_stm32f2xx.o(.bss)
    g_uart_rx_queue                          0x20000a70   Data        2000  uart_stm32f2xx.o(.bss)
    __libspace_start                         0x20003890   Data          96  libspace.o(.bss)
    __temporary_stack_top$libspace           0x200038f0   Data           0  libspace.o(.bss)



==============================================================================

Memory Map of the image

  Image Entry point : 0x08000185

  Load Region LR_IROM1 (Base: 0x08000000, Size: 0x000095b0, Max: 0x00080000, ABSOLUTE, COMPRESSED[0x000090e8])

    Execution Region ER_IROM1 (Exec base: 0x08000000, Load base: 0x08000000, Size: 0x00008d34, Max: 0x00080000, ABSOLUTE)

    Exec Addr    Load Addr    Size         Type   Attr      Idx    E Section Name        Object

    0x08000000   0x08000000   0x00000184   Data   RO            3    RESET               startup_stm32f205xx.o
    0x08000184   0x08000184   0x00000008   Code   RO         9115  * !!!main             c_w.l(__main.o)
    0x0800018c   0x0800018c   0x00000034   Code   RO         9288    !!!scatter          c_w.l(__scatter.o)
    0x080001c0   0x080001c0   0x0000005a   Code   RO         9286    !!dczerorl2         c_w.l(__dczerorl2.o)
    0x0800021a   0x0800021a   0x00000002   PAD
    0x0800021c   0x0800021c   0x0000001c   Code   RO         9290    !!handler_zi        c_w.l(__scatter_zi.o)
    0x08000238   0x08000238   0x00000002   Code   RO         9168    .ARM.Collect$$libinit$$00000000  c_w.l(libinit.o)
    0x0800023a   0x0800023a   0x00000000   Code   RO         9181    .ARM.Collect$$libinit$$00000002  c_w.l(libinit2.o)
    0x0800023a   0x0800023a   0x00000000   Code   RO         9183    .ARM.Collect$$libinit$$00000004  c_w.l(libinit2.o)
    0x0800023a   0x0800023a   0x00000000   Code   RO         9186    .ARM.Collect$$libinit$$0000000A  c_w.l(libinit2.o)
    0x0800023a   0x0800023a   0x00000000   Code   RO         9188    .ARM.Collect$$libinit$$0000000C  c_w.l(libinit2.o)
    0x0800023a   0x0800023a   0x00000000   Code   RO         9190    .ARM.Collect$$libinit$$0000000E  c_w.l(libinit2.o)
    0x0800023a   0x0800023a   0x00000000   Code   RO         9193    .ARM.Collect$$libinit$$00000011  c_w.l(libinit2.o)
    0x0800023a   0x0800023a   0x00000000   Code   RO         9195    .ARM.Collect$$libinit$$00000013  c_w.l(libinit2.o)
    0x0800023a   0x0800023a   0x00000000   Code   RO         9197    .ARM.Collect$$libinit$$00000015  c_w.l(libinit2.o)
    0x0800023a   0x0800023a   0x00000000   Code   RO         9199    .ARM.Collect$$libinit$$00000017  c_w.l(libinit2.o)
    0x0800023a   0x0800023a   0x00000000   Code   RO         9201    .ARM.Collect$$libinit$$00000019  c_w.l(libinit2.o)
    0x0800023a   0x0800023a   0x00000000   Code   RO         9203    .ARM.Collect$$libinit$$0000001B  c_w.l(libinit2.o)
    0x0800023a   0x0800023a   0x00000000   Code   RO         9205    .ARM.Collect$$libinit$$0000001D  c_w.l(libinit2.o)
    0x0800023a   0x0800023a   0x00000000   Code   RO         9207    .ARM.Collect$$libinit$$0000001F  c_w.l(libinit2.o)
    0x0800023a   0x0800023a   0x00000000   Code   RO         9209    .ARM.Collect$$libinit$$00000021  c_w.l(libinit2.o)
    0x0800023a   0x0800023a   0x00000000   Code   RO         9211    .ARM.Collect$$libinit$$00000023  c_w.l(libinit2.o)
    0x0800023a   0x0800023a   0x00000000   Code   RO         9213    .ARM.Collect$$libinit$$00000025  c_w.l(libinit2.o)
    0x0800023a   0x0800023a   0x00000000   Code   RO         9217    .ARM.Collect$$libinit$$0000002C  c_w.l(libinit2.o)
    0x0800023a   0x0800023a   0x00000000   Code   RO         9219    .ARM.Collect$$libinit$$0000002E  c_w.l(libinit2.o)
    0x0800023a   0x0800023a   0x00000000   Code   RO         9221    .ARM.Collect$$libinit$$00000030  c_w.l(libinit2.o)
    0x0800023a   0x0800023a   0x00000000   Code   RO         9223    .ARM.Collect$$libinit$$00000032  c_w.l(libinit2.o)
    0x0800023a   0x0800023a   0x00000002   Code   RO         9224    .ARM.Collect$$libinit$$00000033  c_w.l(libinit2.o)
    0x0800023c   0x0800023c   0x00000002   Code   RO         9258    .ARM.Collect$$libshutdown$$00000000  c_w.l(libshutdown.o)
    0x0800023e   0x0800023e   0x00000000   Code   RO         9268    .ARM.Collect$$libshutdown$$00000002  c_w.l(libshutdown2.o)
    0x0800023e   0x0800023e   0x00000000   Code   RO         9270    .ARM.Collect$$libshutdown$$00000004  c_w.l(libshutdown2.o)
    0x0800023e   0x0800023e   0x00000000   Code   RO         9273    .ARM.Collect$$libshutdown$$00000007  c_w.l(libshutdown2.o)
    0x0800023e   0x0800023e   0x00000000   Code   RO         9276    .ARM.Collect$$libshutdown$$0000000A  c_w.l(libshutdown2.o)
    0x0800023e   0x0800023e   0x00000000   Code   RO         9278    .ARM.Collect$$libshutdown$$0000000C  c_w.l(libshutdown2.o)
    0x0800023e   0x0800023e   0x00000000   Code   RO         9281    .ARM.Collect$$libshutdown$$0000000F  c_w.l(libshutdown2.o)
    0x0800023e   0x0800023e   0x00000002   Code   RO         9282    .ARM.Collect$$libshutdown$$00000010  c_w.l(libshutdown2.o)
    0x08000240   0x08000240   0x00000000   Code   RO         9119    .ARM.Collect$$rtentry$$00000000  c_w.l(__rtentry.o)
    0x08000240   0x08000240   0x00000000   Code   RO         9129    .ARM.Collect$$rtentry$$00000002  c_w.l(__rtentry2.o)
    0x08000240   0x08000240   0x00000006   Code   RO         9141    .ARM.Collect$$rtentry$$00000004  c_w.l(__rtentry4.o)
    0x08000246   0x08000246   0x00000000   Code   RO         9131    .ARM.Collect$$rtentry$$00000009  c_w.l(__rtentry2.o)
    0x08000246   0x08000246   0x00000004   Code   RO         9132    .ARM.Collect$$rtentry$$0000000A  c_w.l(__rtentry2.o)
    0x0800024a   0x0800024a   0x00000000   Code   RO         9134    .ARM.Collect$$rtentry$$0000000C  c_w.l(__rtentry2.o)
    0x0800024a   0x0800024a   0x00000008   Code   RO         9135    .ARM.Collect$$rtentry$$0000000D  c_w.l(__rtentry2.o)
    0x08000252   0x08000252   0x00000002   Code   RO         9172    .ARM.Collect$$rtexit$$00000000  c_w.l(rtexit.o)
    0x08000254   0x08000254   0x00000000   Code   RO         9226    .ARM.Collect$$rtexit$$00000002  c_w.l(rtexit2.o)
    0x08000254   0x08000254   0x00000004   Code   RO         9227    .ARM.Collect$$rtexit$$00000003  c_w.l(rtexit2.o)
    0x08000258   0x08000258   0x00000006   Code   RO         9228    .ARM.Collect$$rtexit$$00000004  c_w.l(rtexit2.o)
    0x0800025e   0x0800025e   0x00000002   PAD
    0x08000260   0x08000260   0x00000012   Code   RO         8950    .emb_text           fbl.o
    0x08000272   0x08000272   0x00000002   PAD
    0x08000274   0x08000274   0x00000040   Code   RO            4    .text               startup_stm32f205xx.o
    0x080002b4   0x080002b4   0x00000002   Code   RO         9095    .text               c_w.l(use_no_semi_2.o)
    0x080002b6   0x080002b6   0x000000ee   Code   RO         9097    .text               c_w.l(lludivv7m.o)
    0x080003a4   0x080003a4   0x00000080   Code   RO         9099    .text               c_w.l(assert.o)
    0x08000424   0x08000424   0x00000058   Code   RO         9101    .text               c_w.l(memcmp.o)
    0x0800047c   0x0800047c   0x0000008a   Code   RO         9103    .text               c_w.l(rt_memcpy_v6.o)
    0x08000506   0x08000506   0x00000064   Code   RO         9105    .text               c_w.l(rt_memcpy_w.o)
    0x0800056a   0x0800056a   0x00000010   Code   RO         9107    .text               c_w.l(aeabi_memset.o)
    0x0800057a   0x0800057a   0x00000044   Code   RO         9109    .text               c_w.l(rt_memclr.o)
    0x080005be   0x080005be   0x0000004e   Code   RO         9111    .text               c_w.l(rt_memclr_w.o)
    0x0800060c   0x0800060c   0x00000006   Code   RO         9113    .text               c_w.l(heapauxi.o)
    0x08000612   0x08000612   0x00000002   Code   RO         9117    .text               c_w.l(use_no_semi.o)
    0x08000614   0x08000614   0x00000016   Code   RO         9124    .text               c_w.l(abort.o)
    0x0800062a   0x0800062a   0x00000014   Code   RO         9126    .text               c_w.l(assert_puts.o)
    0x0800063e   0x0800063e   0x0000000e   Code   RO         9145    .text               c_w.l(defsig_abrt_outer.o)
    0x0800064c   0x0800064c   0x0000004a   Code   RO         9149    .text               c_w.l(sys_stackheap_outer.o)
    0x08000696   0x08000696   0x00000012   Code   RO         9153    .text               c_w.l(exit.o)
    0x080006a8   0x080006a8   0x0000000a   Code   RO         9155    .text               c_w.l(defsig_exit.o)
    0x080006b2   0x080006b2   0x00000002   PAD
    0x080006b4   0x080006b4   0x00000030   Code   RO         9157    .text               c_w.l(defsig_abrt_inner.o)
    0x080006e4   0x080006e4   0x00000008   Code   RO         9169    .text               c_w.l(libspace.o)
    0x080006ec   0x080006ec   0x00000032   Code   RO         9176    .text               c_w.l(defsig_general.o)
    0x0800071e   0x0800071e   0x0000000a   Code   RO         8033    i.CAN1_RX0_IRQHandler  can_stm32f2xx.o
    0x08000728   0x08000728   0x0000000a   Code   RO         8034    i.CAN2_RX0_IRQHandler  can_stm32f2xx.o
    0x08000732   0x08000732   0x0000000c   Code   RO         8035    i.EXTI15_10_IRQHandler  can_stm32f2xx.o
    0x0800073e   0x0800073e   0x0000000a   Code   RO         8239    i.EXTI3_IRQHandler  system_stm32f2xx_1.o
    0x08000748   0x08000748   0x0000000a   Code   RO         8240    i.EXTI4_IRQHandler  system_stm32f2xx_1.o
    0x08000752   0x08000752   0x0000000c   Code   RO         8036    i.EXTI9_5_IRQHandler  can_stm32f2xx.o
    0x0800075e   0x0800075e   0x00000002   PAD
    0x08000760   0x08000760   0x00000068   Code   RO         1535    i.FLASH_Erase_Sector  stm32f2xx_hal_flash_ex.o
    0x080007c8   0x080007c8   0x00000078   Code   RO         1536    i.FLASH_FlushCaches  stm32f2xx_hal_flash_ex.o
    0x08000840   0x08000840   0x00000030   Code   RO         1537    i.FLASH_MassErase   stm32f2xx_hal_flash_ex.o
    0x08000870   0x08000870   0x00000024   Code   RO         1417    i.FLASH_Program_Byte  stm32f2xx_hal_flash.o
    0x08000894   0x08000894   0x0000003c   Code   RO         1418    i.FLASH_Program_DoubleWord  stm32f2xx_hal_flash.o
    0x080008d0   0x080008d0   0x00000028   Code   RO         1419    i.FLASH_Program_HalfWord  stm32f2xx_hal_flash.o
    0x080008f8   0x080008f8   0x00000028   Code   RO         1420    i.FLASH_Program_Word  stm32f2xx_hal_flash.o
    0x08000920   0x08000920   0x00000098   Code   RO         1421    i.FLASH_SetErrorCode  stm32f2xx_hal_flash.o
    0x080009b8   0x080009b8   0x00000064   Code   RO         1422    i.FLASH_WaitForLastOperation  stm32f2xx_hal_flash.o
    0x08000a1c   0x08000a1c   0x0000012c   Code   RO         7698    i.HAL_CAN_ConfigFilter  stm32f2xx_hal_can.o
    0x08000b48   0x08000b48   0x00000028   Code   RO         7699    i.HAL_CAN_DeInit    stm32f2xx_hal_can.o
    0x08000b70   0x08000b70   0x000001bc   Code   RO         7704    i.HAL_CAN_Init      stm32f2xx_hal_can.o
    0x08000d2c   0x08000d2c   0x00000002   Code   RO         7705    i.HAL_CAN_MspDeInit  stm32f2xx_hal_can.o
    0x08000d2e   0x08000d2e   0x00000002   Code   RO         7706    i.HAL_CAN_MspInit   stm32f2xx_hal_can.o
    0x08000d30   0x08000d30   0x000002b8   Code   RO         7711    i.HAL_CAN_Transmit  stm32f2xx_hal_can.o
    0x08000fe8   0x08000fe8   0x00000028   Code   RO         1184    i.HAL_DMA_Abort_IT  stm32f2xx_hal_dma.o
    0x08001010   0x08001010   0x00000008   Code   RO         1187    i.HAL_DMA_GetState  stm32f2xx_hal_dma.o
    0x08001018   0x08001018   0x00000028   Code   RO          240    i.HAL_Delay         stm32f2xx_hal.o
    0x08001040   0x08001040   0x000000ac   Code   RO         1547    i.HAL_FLASHEx_Erase  stm32f2xx_hal_flash_ex.o
    0x080010ec   0x080010ec   0x00000014   Code   RO         1426    i.HAL_FLASH_Lock    stm32f2xx_hal_flash.o
    0x08001100   0x08001100   0x00000098   Code   RO         1431    i.HAL_FLASH_Program  stm32f2xx_hal_flash.o
    0x08001198   0x08001198   0x00000034   Code   RO         1433    i.HAL_FLASH_Unlock  stm32f2xx_hal_flash.o
    0x080011cc   0x080011cc   0x0000015c   Code   RO         1640    i.HAL_GPIO_DeInit   stm32f2xx_hal_gpio.o
    0x08001328   0x08001328   0x00000002   Code   RO         1641    i.HAL_GPIO_EXTI_Callback  stm32f2xx_hal_gpio.o
    0x0800132a   0x0800132a   0x00000002   PAD
    0x0800132c   0x0800132c   0x0000001c   Code   RO         1642    i.HAL_GPIO_EXTI_IRQHandler  stm32f2xx_hal_gpio.o
    0x08001348   0x08001348   0x00000208   Code   RO         1643    i.HAL_GPIO_Init     stm32f2xx_hal_gpio.o
    0x08001550   0x08001550   0x00000010   Code   RO         1646    i.HAL_GPIO_TogglePin  stm32f2xx_hal_gpio.o
    0x08001560   0x08001560   0x0000000c   Code   RO         1647    i.HAL_GPIO_WritePin  stm32f2xx_hal_gpio.o
    0x0800156c   0x0800156c   0x0000000c   Code   RO          246    i.HAL_GetTick       stm32f2xx_hal.o
    0x08001578   0x08001578   0x00000002   Code   RO         1900    i.HAL_I2C_AbortCpltCallback  stm32f2xx_hal_i2c.o
    0x0800157a   0x0800157a   0x00000002   Code   RO         1901    i.HAL_I2C_AddrCallback  stm32f2xx_hal_i2c.o
    0x0800157c   0x0800157c   0x0000003c   Code   RO         1902    i.HAL_I2C_DeInit    stm32f2xx_hal_i2c.o
    0x080015b8   0x080015b8   0x000000ce   Code   RO         1904    i.HAL_I2C_ER_IRQHandler  stm32f2xx_hal_i2c.o
    0x08001686   0x08001686   0x000001c4   Code   RO         1905    i.HAL_I2C_EV_IRQHandler  stm32f2xx_hal_i2c.o
    0x0800184a   0x0800184a   0x00000002   Code   RO         1907    i.HAL_I2C_ErrorCallback  stm32f2xx_hal_i2c.o
    0x0800184c   0x0800184c   0x00000008   Code   RO         1910    i.HAL_I2C_GetState  stm32f2xx_hal_i2c.o
    0x08001854   0x08001854   0x000001b8   Code   RO         1911    i.HAL_I2C_Init      stm32f2xx_hal_i2c.o
    0x08001a0c   0x08001a0c   0x00000002   Code   RO         1913    i.HAL_I2C_ListenCpltCallback  stm32f2xx_hal_i2c.o
    0x08001a0e   0x08001a0e   0x00000002   Code   RO         1914    i.HAL_I2C_MasterRxCpltCallback  stm32f2xx_hal_i2c.o
    0x08001a10   0x08001a10   0x00000002   Code   RO         1915    i.HAL_I2C_MasterTxCpltCallback  stm32f2xx_hal_i2c.o
    0x08001a12   0x08001a12   0x00000002   PAD
    0x08001a14   0x08001a14   0x00000100   Code   RO         1919    i.HAL_I2C_Master_Receive_IT  stm32f2xx_hal_i2c.o
    0x08001b14   0x08001b14   0x000000f4   Code   RO         1926    i.HAL_I2C_Master_Transmit_IT  stm32f2xx_hal_i2c.o
    0x08001c08   0x08001c08   0x00000002   Code   RO         1927    i.HAL_I2C_MemRxCpltCallback  stm32f2xx_hal_i2c.o
    0x08001c0a   0x08001c0a   0x00000002   Code   RO         1928    i.HAL_I2C_MemTxCpltCallback  stm32f2xx_hal_i2c.o
    0x08001c0c   0x08001c0c   0x00000002   Code   RO         1935    i.HAL_I2C_MspDeInit  stm32f2xx_hal_i2c.o
    0x08001c0e   0x08001c0e   0x00000002   Code   RO         1936    i.HAL_I2C_MspInit   stm32f2xx_hal_i2c.o
    0x08001c10   0x08001c10   0x00000002   Code   RO         1937    i.HAL_I2C_SlaveRxCpltCallback  stm32f2xx_hal_i2c.o
    0x08001c12   0x08001c12   0x00000002   Code   RO         1938    i.HAL_I2C_SlaveTxCpltCallback  stm32f2xx_hal_i2c.o
    0x08001c14   0x08001c14   0x00000018   Code   RO          252    i.HAL_IncTick       stm32f2xx_hal.o
    0x08001c2c   0x08001c2c   0x0000003c   Code   RO          253    i.HAL_Init          stm32f2xx_hal.o
    0x08001c68   0x08001c68   0x0000004c   Code   RO          254    i.HAL_InitTick      stm32f2xx_hal.o
    0x08001cb4   0x08001cb4   0x00000002   Code   RO          256    i.HAL_MspInit       stm32f2xx_hal.o
    0x08001cb6   0x08001cb6   0x00000002   PAD
    0x08001cb8   0x08001cb8   0x00000044   Code   RO          702    i.HAL_NVIC_DisableIRQ  stm32f2xx_hal_cortex.o
    0x08001cfc   0x08001cfc   0x00000020   Code   RO          703    i.HAL_NVIC_EnableIRQ  stm32f2xx_hal_cortex.o
    0x08001d1c   0x08001d1c   0x0000007c   Code   RO          709    i.HAL_NVIC_SetPriority  stm32f2xx_hal_cortex.o
    0x08001d98   0x08001d98   0x00000028   Code   RO          710    i.HAL_NVIC_SetPriorityGrouping  stm32f2xx_hal_cortex.o
    0x08001dc0   0x08001dc0   0x0000018c   Code   RO         3699    i.HAL_RCC_ClockConfig  stm32f2xx_hal_rcc.o
    0x08001f4c   0x08001f4c   0x0000000c   Code   RO         3704    i.HAL_RCC_GetHCLKFreq  stm32f2xx_hal_rcc.o
    0x08001f58   0x08001f58   0x0000002c   Code   RO         3706    i.HAL_RCC_GetPCLK1Freq  stm32f2xx_hal_rcc.o
    0x08001f84   0x08001f84   0x0000002c   Code   RO         3707    i.HAL_RCC_GetPCLK2Freq  stm32f2xx_hal_rcc.o
    0x08001fb0   0x08001fb0   0x000000b0   Code   RO         3708    i.HAL_RCC_GetSysClockFreq  stm32f2xx_hal_rcc.o
    0x08002060   0x08002060   0x0000041a   Code   RO         3711    i.HAL_RCC_OscConfig  stm32f2xx_hal_rcc.o
    0x0800247a   0x0800247a   0x00000034   Code   RO          714    i.HAL_SYSTICK_Config  stm32f2xx_hal_cortex.o
    0x080024ae   0x080024ae   0x00000046   Code   RO         5237    i.HAL_TIM_Base_DeInit  stm32f2xx_hal_tim.o
    0x080024f4   0x080024f4   0x00000034   Code   RO         5239    i.HAL_TIM_Base_Init  stm32f2xx_hal_tim.o
    0x08002528   0x08002528   0x00000002   Code   RO         5240    i.HAL_TIM_Base_MspDeInit  stm32f2xx_hal_tim.o
    0x0800252a   0x0800252a   0x00000002   Code   RO         5241    i.HAL_TIM_Base_MspInit  stm32f2xx_hal_tim.o
    0x0800252c   0x0800252c   0x0000002a   Code   RO         5244    i.HAL_TIM_Base_Start_IT  stm32f2xx_hal_tim.o
    0x08002556   0x08002556   0x00000038   Code   RO         5247    i.HAL_TIM_Base_Stop_IT  stm32f2xx_hal_tim.o
    0x0800258e   0x0800258e   0x0000003a   Code   RO         6196    i.HAL_UART_DeInit   stm32f2xx_hal_uart.o
    0x080025c8   0x080025c8   0x00000072   Code   RO         6201    i.HAL_UART_Init     stm32f2xx_hal_uart.o
    0x0800263a   0x0800263a   0x00000002   Code   RO         6202    i.HAL_UART_MspDeInit  stm32f2xx_hal_uart.o
    0x0800263c   0x0800263c   0x00000002   Code   RO         6203    i.HAL_UART_MspInit  stm32f2xx_hal_uart.o
    0x0800263e   0x0800263e   0x000000d6   Code   RO         6209    i.HAL_UART_Transmit  stm32f2xx_hal_uart.o
    0x08002714   0x08002714   0x00000010   Code   RO         8183    i.I2C1_ER_IRQHandler  i2c_stm32f2xx.o
    0x08002724   0x08002724   0x00000010   Code   RO         8184    i.I2C1_EV_IRQHandler  i2c_stm32f2xx.o
    0x08002734   0x08002734   0x0000001c   Code   RO         1949    i.I2C_ConvertOtherXferOptions  stm32f2xx_hal_i2c.o
    0x08002750   0x08002750   0x00000096   Code   RO         1950    i.I2C_DMAAbort      stm32f2xx_hal_i2c.o
    0x080027e6   0x080027e6   0x00000002   PAD
    0x080027e8   0x080027e8   0x00000184   Code   RO         1953    i.I2C_ITError       stm32f2xx_hal_i2c.o
    0x0800296c   0x0800296c   0x00000126   Code   RO         1955    i.I2C_MasterReceive_BTF  stm32f2xx_hal_i2c.o
    0x08002a92   0x08002a92   0x000000a4   Code   RO         1956    i.I2C_MasterReceive_RXNE  stm32f2xx_hal_i2c.o
    0x08002b36   0x08002b36   0x000000a0   Code   RO         1959    i.I2C_MasterTransmit_BTF  stm32f2xx_hal_i2c.o
    0x08002bd6   0x08002bd6   0x0000014c   Code   RO         1960    i.I2C_MasterTransmit_TXE  stm32f2xx_hal_i2c.o
    0x08002d22   0x08002d22   0x0000002a   Code   RO         1961    i.I2C_Master_ADD10  stm32f2xx_hal_i2c.o
    0x08002d4c   0x08002d4c   0x00000268   Code   RO         1962    i.I2C_Master_ADDR   stm32f2xx_hal_i2c.o
    0x08002fb4   0x08002fb4   0x0000009e   Code   RO         1963    i.I2C_Master_SB     stm32f2xx_hal_i2c.o
    0x08003052   0x08003052   0x0000001a   Code   RO         1966    i.I2C_SlaveReceive_BTF  stm32f2xx_hal_i2c.o
    0x0800306c   0x0800306c   0x00000046   Code   RO         1967    i.I2C_SlaveReceive_RXNE  stm32f2xx_hal_i2c.o
    0x080030b2   0x080030b2   0x0000001a   Code   RO         1968    i.I2C_SlaveTransmit_BTF  stm32f2xx_hal_i2c.o
    0x080030cc   0x080030cc   0x00000046   Code   RO         1969    i.I2C_SlaveTransmit_TXE  stm32f2xx_hal_i2c.o
    0x08003112   0x08003112   0x00000066   Code   RO         1970    i.I2C_Slave_ADDR    stm32f2xx_hal_i2c.o
    0x08003178   0x08003178   0x000000a0   Code   RO         1971    i.I2C_Slave_AF      stm32f2xx_hal_i2c.o
    0x08003218   0x08003218   0x0000018c   Code   RO         1972    i.I2C_Slave_STOPF   stm32f2xx_hal_i2c.o
    0x080033a4   0x080033a4   0x00000008   Code   RO         8438    i.LL_USART_ClearFlag_RXNE  uart_stm32f2xx.o
    0x080033ac   0x080033ac   0x00000022   Code   RO         8951    i.SVC_Handler_Main  fbl.o
    0x080033ce   0x080033ce   0x00000008   Code   RO         8241    i.SysTick_Handler   system_stm32f2xx_1.o
    0x080033d6   0x080033d6   0x00000002   PAD
    0x080033d8   0x080033d8   0x00000054   Code   RO           14    i.SystemInit        system_stm32f2xx.o
    0x0800342c   0x0800342c   0x0000000a   Code   RO         8371    i.TIM3_IRQHandler   timer_stm32f2xx.o
    0x08003436   0x08003436   0x00000002   PAD
    0x08003438   0x08003438   0x000000d8   Code   RO         5327    i.TIM_Base_SetConfig  stm32f2xx_hal_tim.o
    0x08003510   0x08003510   0x00000324   Code   RO         6228    i.UART_SetConfig    stm32f2xx_hal_uart.o
    0x08003834   0x08003834   0x0000006c   Code   RO         6230    i.UART_WaitOnFlagUntilTimeout  stm32f2xx_hal_uart.o
    0x080038a0   0x080038a0   0x0000000a   Code   RO         8439    i.USART1_IRQHandler  uart_stm32f2xx.o
    0x080038aa   0x080038aa   0x0000000a   Code   RO         8440    i.USART2_IRQHandler  uart_stm32f2xx.o
    0x080038b4   0x080038b4   0x00000030   Code   RO         8242    i.WWDG_IRQHandler   system_stm32f2xx_1.o
    0x080038e4   0x080038e4   0x00000010   Code   RO          716    i.__NVIC_GetPriorityGrouping  stm32f2xx_hal_cortex.o
    0x080038f4   0x080038f4   0x00000028   Code   RO          717    i.__NVIC_SetPriority  stm32f2xx_hal_cortex.o
    0x0800391c   0x0800391c   0x00000006   Code   RO         8952    i.__get_CONTROL     fbl.o
    0x08003922   0x08003922   0x00000004   Code   RO         7956    i._sys_exit         uart.o
    0x08003926   0x08003926   0x00000004   Code   RO         7957    i._ttywrch          uart.o
    0x0800392a   0x0800392a   0x0000002a   Code   RO         8500    i.bytesswap         diag.o
    0x08003954   0x08003954   0x000001a8   Code   RO         8037    i.can_deinit        can_stm32f2xx.o
    0x08003afc   0x08003afc   0x00000428   Code   RO         8038    i.can_init          can_stm32f2xx.o
    0x08003f24   0x08003f24   0x000003a4   Code   RO         8039    i.can_irq_handler   can_stm32f2xx.o
    0x080042c8   0x080042c8   0x00000100   Code   RO         7826    i.can_receive       can.o
    0x080043c8   0x080043c8   0x00000104   Code   RO         8041    i.can_send          can_stm32f2xx.o
    0x080044cc   0x080044cc   0x00000008   Code   RO         8243    i.clock             system_stm32f2xx_1.o
    0x080044d4   0x080044d4   0x00000002   Code   RO         7958    i.debug             uart.o
    0x080044d6   0x080044d6   0x0000000c   Code   RO         8244    i.delay             system_stm32f2xx_1.o
    0x080044e2   0x080044e2   0x00000002   PAD
    0x080044e4   0x080044e4   0x0000028c   Code   RO         8585    i.diag_server_app_indication  diag_server.o
    0x08004770   0x08004770   0x0000001c   Code   RO         8586    i.diag_server_comm_ctrl_rx_enabled  diag_server.o
    0x0800478c   0x0800478c   0x0000001c   Code   RO         8587    i.diag_server_comm_ctrl_tx_enabled  diag_server.o
    0x080047a8   0x080047a8   0x00000100   Code   RO         8588    i.diag_server_data_init  diag_server.o
    0x080048a8   0x080048a8   0x00000002   Code   RO         8589    i.diag_server_deinit  diag_server.o
    0x080048aa   0x080048aa   0x00000002   PAD
    0x080048ac   0x080048ac   0x000000bc   Code   RO         8590    i.diag_server_enter_default_session  diag_server.o
    0x08004968   0x08004968   0x00000010   Code   RO         8953    i.diag_server_flash_erase_sectors_callback  fbl.o
    0x08004978   0x08004978   0x00000014   Code   RO         8954    i.diag_server_flash_program_callback  fbl.o
    0x0800498c   0x0800498c   0x00000014   Code   RO         8955    i.diag_server_flash_program_verify_callback  fbl.o
    0x080049a0   0x080049a0   0x00000010   Code   RO         8956    i.diag_server_flash_verify_sectors_callback  fbl.o
    0x080049b0   0x080049b0   0x00000004   Code   RO         8595    i.diag_server_get_car_status_callback  diag_server.o
    0x080049b4   0x080049b4   0x0000008a   Code   RO         8596    i.diag_server_get_did_address  diag_server.o
    0x08004a3e   0x08004a3e   0x00000002   PAD
    0x08004a40   0x08004a40   0x00000024   Code   RO         8597    i.diag_server_get_did_index  diag_server.o
    0x08004a64   0x08004a64   0x00000004   Code   RO         8599    i.diag_server_get_vehicle_speed_callback  diag_server.o
    0x08004a68   0x08004a68   0x000000b0   Code   RO         8600    i.diag_server_indication  diag_server.o
    0x08004b18   0x08004b18   0x00000050   Code   RO         8601    i.diag_server_init  diag_server.o
    0x08004b68   0x08004b68   0x00000020   Code   RO         8602    i.diag_server_is_security_access_level_locked  diag_server.o
    0x08004b88   0x08004b88   0x0000002c   Code   RO         8603    i.diag_server_is_spd_in_active_session_mode  diag_server.o
    0x08004bb4   0x08004bb4   0x00000320   Code   RO         8604    i.diag_server_on_msg  diag_server.o
    0x08004ed4   0x08004ed4   0x00000250   Code   RO         8606    i.diag_server_request_handler  diag_server.o
    0x08005124   0x08005124   0x00000008   Code   RO         8957    i.diag_server_sys_reset_callback  fbl.o
    0x0800512c   0x0800512c   0x00000054   Code   RO         7888    i.eeprom_read       i2c.o
    0x08005180   0x08005180   0x000000ac   Code   RO         7889    i.eeprom_write      i2c.o
    0x0800522c   0x0800522c   0x000002f0   Code   RO         8958    i.fbl               fbl.o
    0x0800551c   0x0800551c   0x00000004   Code   RO         8108    i.flash_ctrl_deinit  flash_ctrl_stm32f2xx.o
    0x08005520   0x08005520   0x00000098   Code   RO         8109    i.flash_ctrl_erase_sector  flash_ctrl_stm32f2xx.o
    0x080055b8   0x080055b8   0x00000004   Code   RO         8110    i.flash_ctrl_init   flash_ctrl_stm32f2xx.o
    0x080055bc   0x080055bc   0x000000cc   Code   RO         8111    i.flash_ctrl_is_sector_aligned  flash_ctrl_stm32f2xx.o
    0x08005688   0x08005688   0x000000cc   Code   RO         8112    i.flash_ctrl_program  flash_ctrl_stm32f2xx.o
    0x08005754   0x08005754   0x000000ac   Code   RO         8113    i.flash_ctrl_program_verify  flash_ctrl_stm32f2xx.o
    0x08005800   0x08005800   0x000000a0   Code   RO         8114    i.flash_ctrl_verify_sector  flash_ctrl_stm32f2xx.o
    0x080058a0   0x080058a0   0x00000134   Code   RO         8116    i.get_sector        flash_ctrl_stm32f2xx.o
    0x080059d4   0x080059d4   0x000000c0   Code   RO         8245    i.gpio_deinit       system_stm32f2xx_1.o
    0x08005a94   0x08005a94   0x000001f4   Code   RO         8246    i.gpio_init         system_stm32f2xx_1.o
    0x08005c88   0x08005c88   0x00000130   Code   RO         8185    i.i2c_master_deinit  i2c_stm32f2xx.o
    0x08005db8   0x08005db8   0x000001b4   Code   RO         8186    i.i2c_master_init   i2c_stm32f2xx.o
    0x08005f6c   0x08005f6c   0x00000068   Code   RO         7890    i.i2c_master_read   i2c.o
    0x08005fd4   0x08005fd4   0x000000bc   Code   RO         8187    i.i2c_master_receive  i2c_stm32f2xx.o
    0x08006090   0x08006090   0x000000c0   Code   RO         8188    i.i2c_master_send   i2c_stm32f2xx.o
    0x08006150   0x08006150   0x000001e6   Code   RO         8821    i.isotp_indication  isotp.o
    0x08006336   0x08006336   0x00000002   PAD
    0x08006338   0x08006338   0x00000178   Code   RO         8822    i.isotp_init_link   isotp.o
    0x080064b0   0x080064b0   0x0000000c   Code   RO         8823    i.isotp_ms_to_st_min  isotp.o
    0x080064bc   0x080064bc   0x000000a6   Code   RO         8824    i.isotp_poll        isotp.o
    0x08006562   0x08006562   0x00000002   PAD
    0x08006564   0x08006564   0x00000090   Code   RO         8826    i.isotp_receive_consecutive_frame  isotp.o
    0x080065f4   0x080065f4   0x000000f8   Code   RO         8827    i.isotp_receive_first_frame  isotp.o
    0x080066ec   0x080066ec   0x0000003c   Code   RO         8828    i.isotp_receive_flow_control_frame  isotp.o
    0x08006728   0x08006728   0x00000064   Code   RO         8829    i.isotp_receive_single_frame  isotp.o
    0x0800678c   0x0800678c   0x00000016   Code   RO         8830    i.isotp_send        isotp.o
    0x080067a2   0x080067a2   0x00000002   PAD
    0x080067a4   0x080067a4   0x000000bc   Code   RO         8831    i.isotp_send_consecutive_frame  isotp.o
    0x08006860   0x08006860   0x000000a0   Code   RO         8832    i.isotp_send_first_frame  isotp.o
    0x08006900   0x08006900   0x00000050   Code   RO         8833    i.isotp_send_flow_control  isotp.o
    0x08006950   0x08006950   0x00000070   Code   RO         8834    i.isotp_send_poll   isotp.o
    0x080069c0   0x080069c0   0x00000098   Code   RO         8835    i.isotp_send_single_frame  isotp.o
    0x08006a58   0x08006a58   0x000000c0   Code   RO         8836    i.isotp_send_with_id  isotp.o
    0x08006b18   0x08006b18   0x0000001a   Code   RO         8837    i.isotp_st_min_to_ms  isotp.o
    0x08006b32   0x08006b32   0x00000002   PAD
    0x08006b34   0x08006b34   0x000000d8   Code   RO         8959    i.jump_to_app       fbl.o
    0x08006c0c   0x08006c0c   0x00000020   Code   RO         8933    i.main              main.o
    0x08006c2c   0x08006c2c   0x00000002   Code   RO         7960    i.print_buf         uart.o
    0x08006c2e   0x08006c2e   0x00000002   PAD
    0x08006c30   0x08006c30   0x00000130   Code   RO         8609    i.request_clear_diag_info_handler  diag_server.o
    0x08006d60   0x08006d60   0x000000c8   Code   RO         8610    i.request_comm_ctrl_handler  diag_server.o
    0x08006e28   0x08006e28   0x00000038   Code   RO         8611    i.request_ctrl_dtc_setting_handler  diag_server.o
    0x08006e60   0x08006e60   0x000000e4   Code   RO         8612    i.request_download_handler  diag_server.o
    0x08006f44   0x08006f44   0x00000038   Code   RO         8613    i.request_ecu_reset_handler  diag_server.o
    0x08006f7c   0x08006f7c   0x000000dc   Code   RO         8614    i.request_read_by_did_handler  diag_server.o
    0x08007058   0x08007058   0x00000268   Code   RO         8615    i.request_read_dtc_info_handler  diag_server.o
    0x080072c0   0x080072c0   0x00000250   Code   RO         8616    i.request_routine_ctrl_handler  diag_server.o
    0x08007510   0x08007510   0x00000344   Code   RO         8617    i.request_security_access_handler  diag_server.o
    0x08007854   0x08007854   0x000000d0   Code   RO         8618    i.request_session_ctrl_handler  diag_server.o
    0x08007924   0x08007924   0x000000f4   Code   RO         8619    i.request_transfer_data_handler  diag_server.o
    0x08007a18   0x08007a18   0x0000004c   Code   RO         8620    i.request_transfer_exit_handler  diag_server.o
    0x08007a64   0x08007a64   0x000000d4   Code   RO         8621    i.request_write_by_did_handler  diag_server.o
    0x08007b38   0x08007b38   0x0000004c   Code   RO         8248    i.reset             system_stm32f2xx_1.o
    0x08007b84   0x08007b84   0x00000070   Code   RO         8960    i.server_receive_callback  fbl.o
    0x08007bf4   0x08007bf4   0x0000004e   Code   RO         8249    i.sys_clk_config    system_stm32f2xx_1.o
    0x08007c42   0x08007c42   0x0000000e   Code   RO         8250    i.sys_init          system_stm32f2xx_1.o
    0x08007c50   0x08007c50   0x000000b4   Code   RO         8372    i.timer_deinit      timer_stm32f2xx.o
    0x08007d04   0x08007d04   0x00000110   Code   RO         8373    i.timer_init        timer_stm32f2xx.o
    0x08007e14   0x08007e14   0x00000038   Code   RO         8961    i.timer_irq_callback  fbl.o
    0x08007e4c   0x08007e4c   0x00000040   Code   RO         8375    i.timer_irq_handler  timer_stm32f2xx.o
    0x08007e8c   0x08007e8c   0x0000006c   Code   RO         8376    i.timer_start       timer_stm32f2xx.o
    0x08007ef8   0x08007ef8   0x0000006c   Code   RO         8377    i.timer_stop        timer_stm32f2xx.o
    0x08007f64   0x08007f64   0x00000078   Code   RO         8962    i.transmit_callback  fbl.o
    0x08007fdc   0x08007fdc   0x00000160   Code   RO         8441    i.uart_deinit       uart_stm32f2xx.o
    0x0800813c   0x0800813c   0x00000200   Code   RO         8442    i.uart_init         uart_stm32f2xx.o
    0x0800833c   0x0800833c   0x000000bc   Code   RO         8443    i.uart_irq_handler  uart_stm32f2xx.o
    0x080083f8   0x080083f8   0x000000c0   Code   RO         7961    i.uart_receive      uart.o
    0x080084b8   0x080084b8   0x000000f4   Code   RO         7962    i.uart_receive_with_format_polling  uart.o
    0x080085ac   0x080085ac   0x00000094   Code   RO         8444    i.uart_send         uart_stm32f2xx.o
    0x08008640   0x08008640   0x00000094   Code   RO         7963    i.uart_send_with_format  uart.o
    0x080086d4   0x080086d4   0x0000015c   Code   RO         8963    i.update_by_can     fbl.o
    0x08008830   0x08008830   0x00000238   Code   RO         8964    i.update_by_uart    fbl.o
    0x08008a68   0x08008a68   0x00000018   Data   RO           15    .constdata          system_stm32f2xx.o
    0x08008a80   0x08008a80   0x00000140   Data   RO         8966    .constdata          fbl.o
    0x08008bc0   0x08008bc0   0x000000fe   Data   RO         8117    .conststring        flash_ctrl_stm32f2xx.o
    0x08008cbe   0x08008cbe   0x00000002   PAD
    0x08008cc0   0x08008cc0   0x00000052   Data   RO         8838    .conststring        isotp.o
    0x08008d12   0x08008d12   0x00000002   PAD
    0x08008d14   0x08008d14   0x00000020   Data   RO         9284    Region$$Table       anon$$obj.o


    Execution Region RW_IRAM1 (Exec base: 0x20000000, Load base: 0x08008d34, Size: 0x00003ef0, Max: 0x00020000, ABSOLUTE, COMPRESSED[0x000003b4])

    Exec Addr    Load Addr    Size         Type   Attr      Idx    E Section Name        Object

    0x20000000   COMPRESSED   0x00000004   Data   RW           16    .data               system_stm32f2xx.o
    0x20000004   COMPRESSED   0x00000009   Data   RW          260    .data               stm32f2xx_hal.o
    0x2000000d   COMPRESSED   0x00000003   PAD
    0x20000010   COMPRESSED   0x000000d4   Data   RW         8043    .data               can_stm32f2xx.o
    0x200000e4   COMPRESSED   0x00000060   Data   RW         8189    .data               i2c_stm32f2xx.o
    0x20000144   COMPRESSED   0x00000044   Data   RW         8378    .data               timer_stm32f2xx.o
    0x20000188   COMPRESSED   0x000000a0   Data   RW         8446    .data               uart_stm32f2xx.o
    0x20000228   COMPRESSED   0x00000642   Data   RW         8623    .data               diag_server.o
    0x2000086a   COMPRESSED   0x00000002   PAD
    0x2000086c   COMPRESSED   0x00000004   Data   RW         8934    .data               main.o
    0x20000870   COMPRESSED   0x0000000c   Data   RW         8967    .data               fbl.o
    0x2000087c        -       0x00000020   Zero   RW         1434    .bss                stm32f2xx_hal_flash.o
    0x2000089c        -       0x000001c0   Zero   RW         8042    .bss                can_stm32f2xx.o
    0x20000a5c        -       0x00000014   Zero   RW         8254    .bss                system_stm32f2xx_1.o
    0x20000a70        -       0x000007d0   Zero   RW         8445    .bss                uart_stm32f2xx.o
    0x20001240        -       0x00000543   Zero   RW         8622    .bss                diag_server.o
    0x20001783   COMPRESSED   0x00000001   PAD
    0x20001784        -       0x0000210c   Zero   RW         8965    .bss                fbl.o
    0x20003890        -       0x00000060   Zero   RW         9170    .bss                c_w.l(libspace.o)
    0x200038f0        -       0x00000200   Zero   RW            2    HEAP                startup_stm32f205xx.o
    0x20003af0        -       0x00000400   Zero   RW            1    STACK               startup_stm32f205xx.o


==============================================================================

Image component sizes


      Code (inc. data)   RO Data    RW Data    ZI Data      Debug   Object Name

       256         84          0          0          0       4671   can.o
      2724        338          0        212        448       6640   can_stm32f2xx.o
        42          0          0          0          0       2508   diag.o
      6908        686          0       1602       1347      28212   diag_server.o
      2310        480        320         12       8460      15063   fbl.o
      1208        426        254          0          0       5759   flash_ctrl_stm32f2xx.o
       360        112          0          0          0       2369   i2c.o
      1152        336          0         96          0       4875   i2c_stm32f2xx.o
      2524        650         82          0          0      15390   isotp.o
        32          6          0          4          0        623   main.o
        64         26        388          0       1536        788   startup_stm32f205xx.o
       214         38          0          9          0       9979   stm32f2xx_hal.o
      1484         18          0          0          0       5384   stm32f2xx_hal_can.o
       372         28          0          0          0      32293   stm32f2xx_hal_cortex.o
        48          0          0          0          0       1946   stm32f2xx_hal_dma.o
       652         64          0          0         32       6042   stm32f2xx_hal_flash.o
       444         26          0          0          0       3478   stm32f2xx_hal_flash_ex.o
       926        100          0          0          0       5203   stm32f2xx_hal_gpio.o
      4872         60          0          0          0      27656   stm32f2xx_hal_i2c.o
      1722         76          0          0          0       5836   stm32f2xx_hal_rcc.o
       440         46          0          0          0       5214   stm32f2xx_hal_tim.o
      1302          8          0          0          0       5802   stm32f2xx_hal_uart.o
        84         16         24          4          0     634371   system_stm32f2xx.o
       956         46          0          0         20      38154   system_stm32f2xx_1.o
       742        316          0         68          0       3865   timer_stm32f2xx.o
       596        184          0          0          0       4541   uart.o
      1228        278          0        160       2000      17818   uart_stm32f2xx.o

    ----------------------------------------------------------------------
     33694       4448       1104       2172      13844     894480   Object Totals
         0          0         32          0          0          0   (incl. Generated)
        32          0          4          5          1          0   (incl. Padding)

    ----------------------------------------------------------------------

      Code (inc. data)   RO Data    RW Data    ZI Data      Debug   Library Member Name

        90          0          0          0          0          0   __dczerorl2.o
         8          0          0          0          0         68   __main.o
         0          0          0          0          0          0   __rtentry.o
        12          0          0          0          0          0   __rtentry2.o
         6          0          0          0          0          0   __rtentry4.o
        52          8          0          0          0          0   __scatter.o
        28          0          0          0          0          0   __scatter_zi.o
        22          0          0          0          0         80   abort.o
        16          0          0          0          0         68   aeabi_memset.o
       128         42          0          0          0         76   assert.o
        20          0          0          0          0         76   assert_puts.o
        48         34          0          0          0         76   defsig_abrt_inner.o
        14          0          0          0          0         80   defsig_abrt_outer.o
        10          0          0          0          0         68   defsig_exit.o
        50          0          0          0          0         88   defsig_general.o
        18          0          0          0          0         80   exit.o
         6          0          0          0          0        152   heapauxi.o
         2          0          0          0          0          0   libinit.o
         2          0          0          0          0          0   libinit2.o
         2          0          0          0          0          0   libshutdown.o
         2          0          0          0          0          0   libshutdown2.o
         8          4          0          0         96         68   libspace.o
       238          0          0          0          0        100   lludivv7m.o
        88          0          0          0          0         76   memcmp.o
        68          0          0          0          0         68   rt_memclr.o
        78          0          0          0          0         80   rt_memclr_w.o
       138          0          0          0          0         68   rt_memcpy_v6.o
       100          0          0          0          0         80   rt_memcpy_w.o
         2          0          0          0          0          0   rtexit.o
        10          0          0          0          0          0   rtexit2.o
        74          0          0          0          0         80   sys_stackheap_outer.o
         2          0          0          0          0         68   use_no_semi.o
         2          0          0          0          0         68   use_no_semi_2.o

    ----------------------------------------------------------------------
      1350         88          0          0         96       1668   Library Totals
         6          0          0          0          0          0   (incl. Padding)

    ----------------------------------------------------------------------

      Code (inc. data)   RO Data    RW Data    ZI Data      Debug   Library Name

      1344         88          0          0         96       1668   c_w.l

    ----------------------------------------------------------------------
      1350         88          0          0         96       1668   Library Totals

    ----------------------------------------------------------------------

==============================================================================


      Code (inc. data)   RO Data    RW Data    ZI Data      Debug   

     35044       4536       1104       2172      13940     884236   Grand Totals
     35044       4536       1104        948      13940     884236   ELF Image Totals (compressed)
     35044       4536       1104        948          0          0   ROM Totals

==============================================================================

    Total RO  Size (Code + RO Data)                36148 (  35.30kB)
    Total RW  Size (RW Data + ZI Data)             16112 (  15.73kB)
    Total ROM Size (Code + RO Data + RW Data)      37096 (  36.23kB)

==============================================================================

